[2026-06-14T17:11:29.308-0700] {processor.py:161} INFO - Started process (PID=49001) to work on /Users/fatimanaqib/Documents/job-market-tracker/.venv/lib/python3.11/site-packages/airflow/example_dags/subdags/subdag.py
[2026-06-14T17:11:29.309-0700] {processor.py:830} INFO - Processing file /Users/fatimanaqib/Documents/job-market-tracker/.venv/lib/python3.11/site-packages/airflow/example_dags/subdags/subdag.py for tasks to queue
[2026-06-14T17:11:29.309-0700] {logging_mixin.py:188} INFO - [2026-06-14T17:11:29.309-0700] {dagbag.py:545} INFO - Filling up the DagBag from /Users/fatimanaqib/Documents/job-market-tracker/.venv/lib/python3.11/site-packages/airflow/example_dags/subdags/subdag.py
[2026-06-14T17:11:29.310-0700] {processor.py:842} WARNING - No viable dags retrieved from /Users/fatimanaqib/Documents/job-market-tracker/.venv/lib/python3.11/site-packages/airflow/example_dags/subdags/subdag.py
[2026-06-14T17:11:29.334-0700] {processor.py:183} INFO - Processing /Users/fatimanaqib/Documents/job-market-tracker/.venv/lib/python3.11/site-packages/airflow/example_dags/subdags/subdag.py took 0.027 seconds
[2026-06-14T17:12:54.888-0700] {processor.py:161} INFO - Started process (PID=49426) to work on /Users/fatimanaqib/Documents/job-market-tracker/.venv/lib/python3.11/site-packages/airflow/example_dags/subdags/subdag.py
[2026-06-14T17:12:54.888-0700] {processor.py:830} INFO - Processing file /Users/fatimanaqib/Documents/job-market-tracker/.venv/lib/python3.11/site-packages/airflow/example_dags/subdags/subdag.py for tasks to queue
[2026-06-14T17:12:54.889-0700] {logging_mixin.py:188} INFO - [2026-06-14T17:12:54.889-0700] {dagbag.py:545} INFO - Filling up the DagBag from /Users/fatimanaqib/Documents/job-market-tracker/.venv/lib/python3.11/site-packages/airflow/example_dags/subdags/subdag.py
[2026-06-14T17:12:54.890-0700] {processor.py:842} WARNING - No viable dags retrieved from /Users/fatimanaqib/Documents/job-market-tracker/.venv/lib/python3.11/site-packages/airflow/example_dags/subdags/subdag.py
[2026-06-14T17:12:54.914-0700] {processor.py:183} INFO - Processing /Users/fatimanaqib/Documents/job-market-tracker/.venv/lib/python3.11/site-packages/airflow/example_dags/subdags/subdag.py took 0.027 seconds
[2026-06-14T17:13:49.217-0700] {processor.py:161} INFO - Started process (PID=49668) to work on /Users/fatimanaqib/Documents/job-market-tracker/.venv/lib/python3.11/site-packages/airflow/example_dags/subdags/subdag.py
[2026-06-14T17:13:49.218-0700] {processor.py:830} INFO - Processing file /Users/fatimanaqib/Documents/job-market-tracker/.venv/lib/python3.11/site-packages/airflow/example_dags/subdags/subdag.py for tasks to queue
[2026-06-14T17:13:49.218-0700] {logging_mixin.py:188} INFO - [2026-06-14T17:13:49.218-0700] {dagbag.py:545} INFO - Filling up the DagBag from /Users/fatimanaqib/Documents/job-market-tracker/.venv/lib/python3.11/site-packages/airflow/example_dags/subdags/subdag.py
[2026-06-14T17:13:49.219-0700] {processor.py:842} WARNING - No viable dags retrieved from /Users/fatimanaqib/Documents/job-market-tracker/.venv/lib/python3.11/site-packages/airflow/example_dags/subdags/subdag.py
[2026-06-14T17:13:49.247-0700] {processor.py:183} INFO - Processing /Users/fatimanaqib/Documents/job-market-tracker/.venv/lib/python3.11/site-packages/airflow/example_dags/subdags/subdag.py took 0.030 seconds
[2026-06-14T17:14:26.189-0700] {processor.py:161} INFO - Started process (PID=50168) to work on /Users/fatimanaqib/Documents/job-market-tracker/.venv/lib/python3.11/site-packages/airflow/example_dags/subdags/subdag.py
[2026-06-14T17:14:26.190-0700] {processor.py:830} INFO - Processing file /Users/fatimanaqib/Documents/job-market-tracker/.venv/lib/python3.11/site-packages/airflow/example_dags/subdags/subdag.py for tasks to queue
[2026-06-14T17:14:26.190-0700] {logging_mixin.py:188} INFO - [2026-06-14T17:14:26.190-0700] {dagbag.py:545} INFO - Filling up the DagBag from /Users/fatimanaqib/Documents/job-market-tracker/.venv/lib/python3.11/site-packages/airflow/example_dags/subdags/subdag.py
[2026-06-14T17:14:26.190-0700] {processor.py:842} WARNING - No viable dags retrieved from /Users/fatimanaqib/Documents/job-market-tracker/.venv/lib/python3.11/site-packages/airflow/example_dags/subdags/subdag.py
[2026-06-14T17:14:26.215-0700] {processor.py:183} INFO - Processing /Users/fatimanaqib/Documents/job-market-tracker/.venv/lib/python3.11/site-packages/airflow/example_dags/subdags/subdag.py took 0.028 seconds
[2026-06-14T17:15:54.538-0700] {processor.py:161} INFO - Started process (PID=50377) to work on /Users/fatimanaqib/Documents/job-market-tracker/.venv/lib/python3.11/site-packages/airflow/example_dags/subdags/subdag.py
[2026-06-14T17:15:54.539-0700] {processor.py:830} INFO - Processing file /Users/fatimanaqib/Documents/job-market-tracker/.venv/lib/python3.11/site-packages/airflow/example_dags/subdags/subdag.py for tasks to queue
[2026-06-14T17:15:54.539-0700] {logging_mixin.py:188} INFO - [2026-06-14T17:15:54.539-0700] {dagbag.py:545} INFO - Filling up the DagBag from /Users/fatimanaqib/Documents/job-market-tracker/.venv/lib/python3.11/site-packages/airflow/example_dags/subdags/subdag.py
[2026-06-14T17:15:54.540-0700] {processor.py:842} WARNING - No viable dags retrieved from /Users/fatimanaqib/Documents/job-market-tracker/.venv/lib/python3.11/site-packages/airflow/example_dags/subdags/subdag.py
[2026-06-14T17:15:54.566-0700] {processor.py:183} INFO - Processing /Users/fatimanaqib/Documents/job-market-tracker/.venv/lib/python3.11/site-packages/airflow/example_dags/subdags/subdag.py took 0.029 seconds
[2026-06-14T17:16:56.503-0700] {processor.py:161} INFO - Started process (PID=50534) to work on /Users/fatimanaqib/Documents/job-market-tracker/.venv/lib/python3.11/site-packages/airflow/example_dags/subdags/subdag.py
[2026-06-14T17:16:56.503-0700] {processor.py:830} INFO - Processing file /Users/fatimanaqib/Documents/job-market-tracker/.venv/lib/python3.11/site-packages/airflow/example_dags/subdags/subdag.py for tasks to queue
[2026-06-14T17:16:56.503-0700] {logging_mixin.py:188} INFO - [2026-06-14T17:16:56.503-0700] {dagbag.py:545} INFO - Filling up the DagBag from /Users/fatimanaqib/Documents/job-market-tracker/.venv/lib/python3.11/site-packages/airflow/example_dags/subdags/subdag.py
[2026-06-14T17:16:56.504-0700] {processor.py:842} WARNING - No viable dags retrieved from /Users/fatimanaqib/Documents/job-market-tracker/.venv/lib/python3.11/site-packages/airflow/example_dags/subdags/subdag.py
[2026-06-14T17:16:56.529-0700] {processor.py:183} INFO - Processing /Users/fatimanaqib/Documents/job-market-tracker/.venv/lib/python3.11/site-packages/airflow/example_dags/subdags/subdag.py took 0.027 seconds
[2026-06-14T17:17:58.971-0700] {processor.py:161} INFO - Started process (PID=50710) to work on /Users/fatimanaqib/Documents/job-market-tracker/.venv/lib/python3.11/site-packages/airflow/example_dags/subdags/subdag.py
[2026-06-14T17:17:58.971-0700] {processor.py:830} INFO - Processing file /Users/fatimanaqib/Documents/job-market-tracker/.venv/lib/python3.11/site-packages/airflow/example_dags/subdags/subdag.py for tasks to queue
[2026-06-14T17:17:58.972-0700] {logging_mixin.py:188} INFO - [2026-06-14T17:17:58.972-0700] {dagbag.py:545} INFO - Filling up the DagBag from /Users/fatimanaqib/Documents/job-market-tracker/.venv/lib/python3.11/site-packages/airflow/example_dags/subdags/subdag.py
[2026-06-14T17:17:58.973-0700] {processor.py:842} WARNING - No viable dags retrieved from /Users/fatimanaqib/Documents/job-market-tracker/.venv/lib/python3.11/site-packages/airflow/example_dags/subdags/subdag.py
[2026-06-14T17:17:58.997-0700] {processor.py:183} INFO - Processing /Users/fatimanaqib/Documents/job-market-tracker/.venv/lib/python3.11/site-packages/airflow/example_dags/subdags/subdag.py took 0.027 seconds
[2026-06-14T17:18:56.923-0700] {processor.py:161} INFO - Started process (PID=50834) to work on /Users/fatimanaqib/Documents/job-market-tracker/.venv/lib/python3.11/site-packages/airflow/example_dags/subdags/subdag.py
[2026-06-14T17:18:56.924-0700] {processor.py:830} INFO - Processing file /Users/fatimanaqib/Documents/job-market-tracker/.venv/lib/python3.11/site-packages/airflow/example_dags/subdags/subdag.py for tasks to queue
[2026-06-14T17:18:56.924-0700] {logging_mixin.py:188} INFO - [2026-06-14T17:18:56.924-0700] {dagbag.py:545} INFO - Filling up the DagBag from /Users/fatimanaqib/Documents/job-market-tracker/.venv/lib/python3.11/site-packages/airflow/example_dags/subdags/subdag.py
[2026-06-14T17:18:56.925-0700] {processor.py:842} WARNING - No viable dags retrieved from /Users/fatimanaqib/Documents/job-market-tracker/.venv/lib/python3.11/site-packages/airflow/example_dags/subdags/subdag.py
[2026-06-14T17:18:56.950-0700] {processor.py:183} INFO - Processing /Users/fatimanaqib/Documents/job-market-tracker/.venv/lib/python3.11/site-packages/airflow/example_dags/subdags/subdag.py took 0.028 seconds
