[2026-06-14T17:11:32.674-0700] {processor.py:161} INFO - Started process (PID=49004) to work on /Users/fatimanaqib/Documents/job-market-tracker/.venv/lib/python3.11/site-packages/airflow/example_dags/plugins/listener_plugin.py
[2026-06-14T17:11:32.679-0700] {processor.py:830} INFO - Processing file /Users/fatimanaqib/Documents/job-market-tracker/.venv/lib/python3.11/site-packages/airflow/example_dags/plugins/listener_plugin.py for tasks to queue
[2026-06-14T17:11:32.680-0700] {logging_mixin.py:188} INFO - [2026-06-14T17:11:32.680-0700] {dagbag.py:545} INFO - Filling up the DagBag from /Users/fatimanaqib/Documents/job-market-tracker/.venv/lib/python3.11/site-packages/airflow/example_dags/plugins/listener_plugin.py
[2026-06-14T17:11:32.680-0700] {processor.py:842} WARNING - No viable dags retrieved from /Users/fatimanaqib/Documents/job-market-tracker/.venv/lib/python3.11/site-packages/airflow/example_dags/plugins/listener_plugin.py
[2026-06-14T17:11:32.707-0700] {processor.py:183} INFO - Processing /Users/fatimanaqib/Documents/job-market-tracker/.venv/lib/python3.11/site-packages/airflow/example_dags/plugins/listener_plugin.py took 0.034 seconds
[2026-06-14T17:12:57.952-0700] {processor.py:161} INFO - Started process (PID=49428) to work on /Users/fatimanaqib/Documents/job-market-tracker/.venv/lib/python3.11/site-packages/airflow/example_dags/plugins/listener_plugin.py
[2026-06-14T17:12:57.952-0700] {processor.py:830} INFO - Processing file /Users/fatimanaqib/Documents/job-market-tracker/.venv/lib/python3.11/site-packages/airflow/example_dags/plugins/listener_plugin.py for tasks to queue
[2026-06-14T17:12:57.952-0700] {logging_mixin.py:188} INFO - [2026-06-14T17:12:57.952-0700] {dagbag.py:545} INFO - Filling up the DagBag from /Users/fatimanaqib/Documents/job-market-tracker/.venv/lib/python3.11/site-packages/airflow/example_dags/plugins/listener_plugin.py
[2026-06-14T17:12:57.954-0700] {processor.py:842} WARNING - No viable dags retrieved from /Users/fatimanaqib/Documents/job-market-tracker/.venv/lib/python3.11/site-packages/airflow/example_dags/plugins/listener_plugin.py
[2026-06-14T17:12:57.980-0700] {processor.py:183} INFO - Processing /Users/fatimanaqib/Documents/job-market-tracker/.venv/lib/python3.11/site-packages/airflow/example_dags/plugins/listener_plugin.py took 0.030 seconds
[2026-06-14T17:14:29.757-0700] {processor.py:161} INFO - Started process (PID=50177) to work on /Users/fatimanaqib/Documents/job-market-tracker/.venv/lib/python3.11/site-packages/airflow/example_dags/plugins/listener_plugin.py
[2026-06-14T17:14:29.758-0700] {processor.py:830} INFO - Processing file /Users/fatimanaqib/Documents/job-market-tracker/.venv/lib/python3.11/site-packages/airflow/example_dags/plugins/listener_plugin.py for tasks to queue
[2026-06-14T17:14:29.758-0700] {logging_mixin.py:188} INFO - [2026-06-14T17:14:29.758-0700] {dagbag.py:545} INFO - Filling up the DagBag from /Users/fatimanaqib/Documents/job-market-tracker/.venv/lib/python3.11/site-packages/airflow/example_dags/plugins/listener_plugin.py
[2026-06-14T17:14:29.759-0700] {processor.py:842} WARNING - No viable dags retrieved from /Users/fatimanaqib/Documents/job-market-tracker/.venv/lib/python3.11/site-packages/airflow/example_dags/plugins/listener_plugin.py
[2026-06-14T17:14:29.790-0700] {processor.py:183} INFO - Processing /Users/fatimanaqib/Documents/job-market-tracker/.venv/lib/python3.11/site-packages/airflow/example_dags/plugins/listener_plugin.py took 0.037 seconds
[2026-06-14T17:15:57.941-0700] {processor.py:161} INFO - Started process (PID=50379) to work on /Users/fatimanaqib/Documents/job-market-tracker/.venv/lib/python3.11/site-packages/airflow/example_dags/plugins/listener_plugin.py
[2026-06-14T17:15:57.942-0700] {processor.py:830} INFO - Processing file /Users/fatimanaqib/Documents/job-market-tracker/.venv/lib/python3.11/site-packages/airflow/example_dags/plugins/listener_plugin.py for tasks to queue
[2026-06-14T17:15:57.942-0700] {logging_mixin.py:188} INFO - [2026-06-14T17:15:57.942-0700] {dagbag.py:545} INFO - Filling up the DagBag from /Users/fatimanaqib/Documents/job-market-tracker/.venv/lib/python3.11/site-packages/airflow/example_dags/plugins/listener_plugin.py
[2026-06-14T17:15:57.944-0700] {processor.py:842} WARNING - No viable dags retrieved from /Users/fatimanaqib/Documents/job-market-tracker/.venv/lib/python3.11/site-packages/airflow/example_dags/plugins/listener_plugin.py
[2026-06-14T17:15:57.968-0700] {processor.py:183} INFO - Processing /Users/fatimanaqib/Documents/job-market-tracker/.venv/lib/python3.11/site-packages/airflow/example_dags/plugins/listener_plugin.py took 0.028 seconds
[2026-06-14T17:16:59.877-0700] {processor.py:161} INFO - Started process (PID=50541) to work on /Users/fatimanaqib/Documents/job-market-tracker/.venv/lib/python3.11/site-packages/airflow/example_dags/plugins/listener_plugin.py
[2026-06-14T17:16:59.878-0700] {processor.py:830} INFO - Processing file /Users/fatimanaqib/Documents/job-market-tracker/.venv/lib/python3.11/site-packages/airflow/example_dags/plugins/listener_plugin.py for tasks to queue
[2026-06-14T17:16:59.878-0700] {logging_mixin.py:188} INFO - [2026-06-14T17:16:59.878-0700] {dagbag.py:545} INFO - Filling up the DagBag from /Users/fatimanaqib/Documents/job-market-tracker/.venv/lib/python3.11/site-packages/airflow/example_dags/plugins/listener_plugin.py
[2026-06-14T17:16:59.879-0700] {processor.py:842} WARNING - No viable dags retrieved from /Users/fatimanaqib/Documents/job-market-tracker/.venv/lib/python3.11/site-packages/airflow/example_dags/plugins/listener_plugin.py
[2026-06-14T17:16:59.904-0700] {processor.py:183} INFO - Processing /Users/fatimanaqib/Documents/job-market-tracker/.venv/lib/python3.11/site-packages/airflow/example_dags/plugins/listener_plugin.py took 0.028 seconds
[2026-06-14T17:18:02.622-0700] {processor.py:161} INFO - Started process (PID=50716) to work on /Users/fatimanaqib/Documents/job-market-tracker/.venv/lib/python3.11/site-packages/airflow/example_dags/plugins/listener_plugin.py
[2026-06-14T17:18:02.623-0700] {processor.py:830} INFO - Processing file /Users/fatimanaqib/Documents/job-market-tracker/.venv/lib/python3.11/site-packages/airflow/example_dags/plugins/listener_plugin.py for tasks to queue
[2026-06-14T17:18:02.624-0700] {logging_mixin.py:188} INFO - [2026-06-14T17:18:02.624-0700] {dagbag.py:545} INFO - Filling up the DagBag from /Users/fatimanaqib/Documents/job-market-tracker/.venv/lib/python3.11/site-packages/airflow/example_dags/plugins/listener_plugin.py
[2026-06-14T17:18:02.625-0700] {processor.py:842} WARNING - No viable dags retrieved from /Users/fatimanaqib/Documents/job-market-tracker/.venv/lib/python3.11/site-packages/airflow/example_dags/plugins/listener_plugin.py
[2026-06-14T17:18:02.653-0700] {processor.py:183} INFO - Processing /Users/fatimanaqib/Documents/job-market-tracker/.venv/lib/python3.11/site-packages/airflow/example_dags/plugins/listener_plugin.py took 0.034 seconds
[2026-06-14T17:18:59.957-0700] {processor.py:161} INFO - Started process (PID=50928) to work on /Users/fatimanaqib/Documents/job-market-tracker/.venv/lib/python3.11/site-packages/airflow/example_dags/plugins/listener_plugin.py
[2026-06-14T17:18:59.958-0700] {processor.py:830} INFO - Processing file /Users/fatimanaqib/Documents/job-market-tracker/.venv/lib/python3.11/site-packages/airflow/example_dags/plugins/listener_plugin.py for tasks to queue
[2026-06-14T17:18:59.958-0700] {logging_mixin.py:188} INFO - [2026-06-14T17:18:59.958-0700] {dagbag.py:545} INFO - Filling up the DagBag from /Users/fatimanaqib/Documents/job-market-tracker/.venv/lib/python3.11/site-packages/airflow/example_dags/plugins/listener_plugin.py
[2026-06-14T17:18:59.959-0700] {processor.py:842} WARNING - No viable dags retrieved from /Users/fatimanaqib/Documents/job-market-tracker/.venv/lib/python3.11/site-packages/airflow/example_dags/plugins/listener_plugin.py
[2026-06-14T17:18:59.983-0700] {processor.py:183} INFO - Processing /Users/fatimanaqib/Documents/job-market-tracker/.venv/lib/python3.11/site-packages/airflow/example_dags/plugins/listener_plugin.py took 0.027 seconds
