[2026-06-14T17:11:31.027-0700] {processor.py:161} INFO - Started process (PID=49003) to work on /Users/fatimanaqib/Documents/job-market-tracker/.venv/lib/python3.11/site-packages/airflow/example_dags/plugins/workday.py
[2026-06-14T17:11:31.027-0700] {processor.py:830} INFO - Processing file /Users/fatimanaqib/Documents/job-market-tracker/.venv/lib/python3.11/site-packages/airflow/example_dags/plugins/workday.py for tasks to queue
[2026-06-14T17:11:31.028-0700] {logging_mixin.py:188} INFO - [2026-06-14T17:11:31.028-0700] {dagbag.py:545} INFO - Filling up the DagBag from /Users/fatimanaqib/Documents/job-market-tracker/.venv/lib/python3.11/site-packages/airflow/example_dags/plugins/workday.py
[2026-06-14T17:11:31.028-0700] {logging_mixin.py:188} INFO - [2026-06-14T17:11:31.028-0700] {workday.py:41} WARNING - Could not import pandas. Holidays will not be considered.
[2026-06-14T17:11:31.028-0700] {processor.py:842} WARNING - No viable dags retrieved from /Users/fatimanaqib/Documents/job-market-tracker/.venv/lib/python3.11/site-packages/airflow/example_dags/plugins/workday.py
[2026-06-14T17:11:31.054-0700] {processor.py:183} INFO - Processing /Users/fatimanaqib/Documents/job-market-tracker/.venv/lib/python3.11/site-packages/airflow/example_dags/plugins/workday.py took 0.028 seconds
[2026-06-14T17:12:56.590-0700] {processor.py:161} INFO - Started process (PID=49427) to work on /Users/fatimanaqib/Documents/job-market-tracker/.venv/lib/python3.11/site-packages/airflow/example_dags/plugins/workday.py
[2026-06-14T17:12:56.591-0700] {processor.py:830} INFO - Processing file /Users/fatimanaqib/Documents/job-market-tracker/.venv/lib/python3.11/site-packages/airflow/example_dags/plugins/workday.py for tasks to queue
[2026-06-14T17:12:56.591-0700] {logging_mixin.py:188} INFO - [2026-06-14T17:12:56.591-0700] {dagbag.py:545} INFO - Filling up the DagBag from /Users/fatimanaqib/Documents/job-market-tracker/.venv/lib/python3.11/site-packages/airflow/example_dags/plugins/workday.py
[2026-06-14T17:12:56.592-0700] {logging_mixin.py:188} INFO - [2026-06-14T17:12:56.592-0700] {workday.py:41} WARNING - Could not import pandas. Holidays will not be considered.
[2026-06-14T17:12:56.592-0700] {processor.py:842} WARNING - No viable dags retrieved from /Users/fatimanaqib/Documents/job-market-tracker/.venv/lib/python3.11/site-packages/airflow/example_dags/plugins/workday.py
[2026-06-14T17:12:56.618-0700] {processor.py:183} INFO - Processing /Users/fatimanaqib/Documents/job-market-tracker/.venv/lib/python3.11/site-packages/airflow/example_dags/plugins/workday.py took 0.030 seconds
[2026-06-14T17:13:50.989-0700] {processor.py:161} INFO - Started process (PID=49673) to work on /Users/fatimanaqib/Documents/job-market-tracker/.venv/lib/python3.11/site-packages/airflow/example_dags/plugins/workday.py
[2026-06-14T17:13:50.989-0700] {processor.py:830} INFO - Processing file /Users/fatimanaqib/Documents/job-market-tracker/.venv/lib/python3.11/site-packages/airflow/example_dags/plugins/workday.py for tasks to queue
[2026-06-14T17:13:50.990-0700] {logging_mixin.py:188} INFO - [2026-06-14T17:13:50.990-0700] {dagbag.py:545} INFO - Filling up the DagBag from /Users/fatimanaqib/Documents/job-market-tracker/.venv/lib/python3.11/site-packages/airflow/example_dags/plugins/workday.py
[2026-06-14T17:13:50.991-0700] {logging_mixin.py:188} INFO - [2026-06-14T17:13:50.991-0700] {workday.py:41} WARNING - Could not import pandas. Holidays will not be considered.
[2026-06-14T17:13:50.991-0700] {processor.py:842} WARNING - No viable dags retrieved from /Users/fatimanaqib/Documents/job-market-tracker/.venv/lib/python3.11/site-packages/airflow/example_dags/plugins/workday.py
[2026-06-14T17:13:51.025-0700] {processor.py:183} INFO - Processing /Users/fatimanaqib/Documents/job-market-tracker/.venv/lib/python3.11/site-packages/airflow/example_dags/plugins/workday.py took 0.037 seconds
[2026-06-14T17:14:27.885-0700] {processor.py:161} INFO - Started process (PID=50174) to work on /Users/fatimanaqib/Documents/job-market-tracker/.venv/lib/python3.11/site-packages/airflow/example_dags/plugins/workday.py
[2026-06-14T17:14:27.886-0700] {processor.py:830} INFO - Processing file /Users/fatimanaqib/Documents/job-market-tracker/.venv/lib/python3.11/site-packages/airflow/example_dags/plugins/workday.py for tasks to queue
[2026-06-14T17:14:27.886-0700] {logging_mixin.py:188} INFO - [2026-06-14T17:14:27.886-0700] {dagbag.py:545} INFO - Filling up the DagBag from /Users/fatimanaqib/Documents/job-market-tracker/.venv/lib/python3.11/site-packages/airflow/example_dags/plugins/workday.py
[2026-06-14T17:14:27.887-0700] {logging_mixin.py:188} INFO - [2026-06-14T17:14:27.886-0700] {workday.py:41} WARNING - Could not import pandas. Holidays will not be considered.
[2026-06-14T17:14:27.887-0700] {processor.py:842} WARNING - No viable dags retrieved from /Users/fatimanaqib/Documents/job-market-tracker/.venv/lib/python3.11/site-packages/airflow/example_dags/plugins/workday.py
[2026-06-14T17:14:27.912-0700] {processor.py:183} INFO - Processing /Users/fatimanaqib/Documents/job-market-tracker/.venv/lib/python3.11/site-packages/airflow/example_dags/plugins/workday.py took 0.028 seconds
[2026-06-14T17:15:56.255-0700] {processor.py:161} INFO - Started process (PID=50378) to work on /Users/fatimanaqib/Documents/job-market-tracker/.venv/lib/python3.11/site-packages/airflow/example_dags/plugins/workday.py
[2026-06-14T17:15:56.255-0700] {processor.py:830} INFO - Processing file /Users/fatimanaqib/Documents/job-market-tracker/.venv/lib/python3.11/site-packages/airflow/example_dags/plugins/workday.py for tasks to queue
[2026-06-14T17:15:56.256-0700] {logging_mixin.py:188} INFO - [2026-06-14T17:15:56.255-0700] {dagbag.py:545} INFO - Filling up the DagBag from /Users/fatimanaqib/Documents/job-market-tracker/.venv/lib/python3.11/site-packages/airflow/example_dags/plugins/workday.py
[2026-06-14T17:15:56.256-0700] {logging_mixin.py:188} INFO - [2026-06-14T17:15:56.256-0700] {workday.py:41} WARNING - Could not import pandas. Holidays will not be considered.
[2026-06-14T17:15:56.256-0700] {processor.py:842} WARNING - No viable dags retrieved from /Users/fatimanaqib/Documents/job-market-tracker/.venv/lib/python3.11/site-packages/airflow/example_dags/plugins/workday.py
[2026-06-14T17:15:56.282-0700] {processor.py:183} INFO - Processing /Users/fatimanaqib/Documents/job-market-tracker/.venv/lib/python3.11/site-packages/airflow/example_dags/plugins/workday.py took 0.029 seconds
[2026-06-14T17:16:58.172-0700] {processor.py:161} INFO - Started process (PID=50535) to work on /Users/fatimanaqib/Documents/job-market-tracker/.venv/lib/python3.11/site-packages/airflow/example_dags/plugins/workday.py
[2026-06-14T17:16:58.173-0700] {processor.py:830} INFO - Processing file /Users/fatimanaqib/Documents/job-market-tracker/.venv/lib/python3.11/site-packages/airflow/example_dags/plugins/workday.py for tasks to queue
[2026-06-14T17:16:58.173-0700] {logging_mixin.py:188} INFO - [2026-06-14T17:16:58.173-0700] {dagbag.py:545} INFO - Filling up the DagBag from /Users/fatimanaqib/Documents/job-market-tracker/.venv/lib/python3.11/site-packages/airflow/example_dags/plugins/workday.py
[2026-06-14T17:16:58.174-0700] {logging_mixin.py:188} INFO - [2026-06-14T17:16:58.174-0700] {workday.py:41} WARNING - Could not import pandas. Holidays will not be considered.
[2026-06-14T17:16:58.174-0700] {processor.py:842} WARNING - No viable dags retrieved from /Users/fatimanaqib/Documents/job-market-tracker/.venv/lib/python3.11/site-packages/airflow/example_dags/plugins/workday.py
[2026-06-14T17:16:58.209-0700] {processor.py:183} INFO - Processing /Users/fatimanaqib/Documents/job-market-tracker/.venv/lib/python3.11/site-packages/airflow/example_dags/plugins/workday.py took 0.038 seconds
[2026-06-14T17:18:00.764-0700] {processor.py:161} INFO - Started process (PID=50715) to work on /Users/fatimanaqib/Documents/job-market-tracker/.venv/lib/python3.11/site-packages/airflow/example_dags/plugins/workday.py
[2026-06-14T17:18:00.765-0700] {processor.py:830} INFO - Processing file /Users/fatimanaqib/Documents/job-market-tracker/.venv/lib/python3.11/site-packages/airflow/example_dags/plugins/workday.py for tasks to queue
[2026-06-14T17:18:00.765-0700] {logging_mixin.py:188} INFO - [2026-06-14T17:18:00.765-0700] {dagbag.py:545} INFO - Filling up the DagBag from /Users/fatimanaqib/Documents/job-market-tracker/.venv/lib/python3.11/site-packages/airflow/example_dags/plugins/workday.py
[2026-06-14T17:18:00.766-0700] {logging_mixin.py:188} INFO - [2026-06-14T17:18:00.766-0700] {workday.py:41} WARNING - Could not import pandas. Holidays will not be considered.
[2026-06-14T17:18:00.766-0700] {processor.py:842} WARNING - No viable dags retrieved from /Users/fatimanaqib/Documents/job-market-tracker/.venv/lib/python3.11/site-packages/airflow/example_dags/plugins/workday.py
[2026-06-14T17:18:00.841-0700] {processor.py:183} INFO - Processing /Users/fatimanaqib/Documents/job-market-tracker/.venv/lib/python3.11/site-packages/airflow/example_dags/plugins/workday.py took 0.078 seconds
[2026-06-14T17:18:58.696-0700] {processor.py:161} INFO - Started process (PID=50836) to work on /Users/fatimanaqib/Documents/job-market-tracker/.venv/lib/python3.11/site-packages/airflow/example_dags/plugins/workday.py
[2026-06-14T17:18:58.696-0700] {processor.py:830} INFO - Processing file /Users/fatimanaqib/Documents/job-market-tracker/.venv/lib/python3.11/site-packages/airflow/example_dags/plugins/workday.py for tasks to queue
[2026-06-14T17:18:58.697-0700] {logging_mixin.py:188} INFO - [2026-06-14T17:18:58.696-0700] {dagbag.py:545} INFO - Filling up the DagBag from /Users/fatimanaqib/Documents/job-market-tracker/.venv/lib/python3.11/site-packages/airflow/example_dags/plugins/workday.py
[2026-06-14T17:18:58.697-0700] {logging_mixin.py:188} INFO - [2026-06-14T17:18:58.697-0700] {workday.py:41} WARNING - Could not import pandas. Holidays will not be considered.
[2026-06-14T17:18:58.697-0700] {processor.py:842} WARNING - No viable dags retrieved from /Users/fatimanaqib/Documents/job-market-tracker/.venv/lib/python3.11/site-packages/airflow/example_dags/plugins/workday.py
[2026-06-14T17:18:58.723-0700] {processor.py:183} INFO - Processing /Users/fatimanaqib/Documents/job-market-tracker/.venv/lib/python3.11/site-packages/airflow/example_dags/plugins/workday.py took 0.028 seconds
