[2026-06-14T17:12:53.184-0700] {processor.py:161} INFO - Started process (PID=49422) to work on /Users/fatimanaqib/Documents/job-market-tracker/airflow/dags/__init__.py
[2026-06-14T17:12:53.185-0700] {processor.py:830} INFO - Processing file /Users/fatimanaqib/Documents/job-market-tracker/airflow/dags/__init__.py for tasks to queue
[2026-06-14T17:12:53.185-0700] {logging_mixin.py:188} INFO - [2026-06-14T17:12:53.185-0700] {dagbag.py:545} INFO - Filling up the DagBag from /Users/fatimanaqib/Documents/job-market-tracker/airflow/dags/__init__.py
[2026-06-14T17:12:53.186-0700] {processor.py:842} WARNING - No viable dags retrieved from /Users/fatimanaqib/Documents/job-market-tracker/airflow/dags/__init__.py
[2026-06-14T17:12:53.212-0700] {processor.py:183} INFO - Processing /Users/fatimanaqib/Documents/job-market-tracker/airflow/dags/__init__.py took 0.029 seconds
[2026-06-14T17:15:52.862-0700] {processor.py:161} INFO - Started process (PID=50372) to work on /Users/fatimanaqib/Documents/job-market-tracker/airflow/dags/__init__.py
[2026-06-14T17:15:52.863-0700] {processor.py:830} INFO - Processing file /Users/fatimanaqib/Documents/job-market-tracker/airflow/dags/__init__.py for tasks to queue
[2026-06-14T17:15:52.863-0700] {logging_mixin.py:188} INFO - [2026-06-14T17:15:52.863-0700] {dagbag.py:545} INFO - Filling up the DagBag from /Users/fatimanaqib/Documents/job-market-tracker/airflow/dags/__init__.py
[2026-06-14T17:15:52.864-0700] {processor.py:842} WARNING - No viable dags retrieved from /Users/fatimanaqib/Documents/job-market-tracker/airflow/dags/__init__.py
[2026-06-14T17:15:52.889-0700] {processor.py:183} INFO - Processing /Users/fatimanaqib/Documents/job-market-tracker/airflow/dags/__init__.py took 0.027 seconds
[2026-06-14T17:17:57.329-0700] {processor.py:161} INFO - Started process (PID=50708) to work on /Users/fatimanaqib/Documents/job-market-tracker/airflow/dags/__init__.py
[2026-06-14T17:17:57.330-0700] {processor.py:830} INFO - Processing file /Users/fatimanaqib/Documents/job-market-tracker/airflow/dags/__init__.py for tasks to queue
[2026-06-14T17:17:57.330-0700] {logging_mixin.py:188} INFO - [2026-06-14T17:17:57.330-0700] {dagbag.py:545} INFO - Filling up the DagBag from /Users/fatimanaqib/Documents/job-market-tracker/airflow/dags/__init__.py
[2026-06-14T17:17:57.330-0700] {processor.py:842} WARNING - No viable dags retrieved from /Users/fatimanaqib/Documents/job-market-tracker/airflow/dags/__init__.py
[2026-06-14T17:17:57.355-0700] {processor.py:183} INFO - Processing /Users/fatimanaqib/Documents/job-market-tracker/airflow/dags/__init__.py took 0.027 seconds
[2026-06-14T17:19:50.995-0700] {processor.py:161} INFO - Started process (PID=51589) to work on /Users/fatimanaqib/Documents/job-market-tracker/airflow/dags/__init__.py
[2026-06-14T17:19:50.995-0700] {processor.py:830} INFO - Processing file /Users/fatimanaqib/Documents/job-market-tracker/airflow/dags/__init__.py for tasks to queue
[2026-06-14T17:19:50.995-0700] {logging_mixin.py:188} INFO - [2026-06-14T17:19:50.995-0700] {dagbag.py:545} INFO - Filling up the DagBag from /Users/fatimanaqib/Documents/job-market-tracker/airflow/dags/__init__.py
[2026-06-14T17:19:50.996-0700] {processor.py:842} WARNING - No viable dags retrieved from /Users/fatimanaqib/Documents/job-market-tracker/airflow/dags/__init__.py
[2026-06-14T17:19:51.021-0700] {processor.py:183} INFO - Processing /Users/fatimanaqib/Documents/job-market-tracker/airflow/dags/__init__.py took 0.028 seconds
