[2026-06-14T17:12:52.140-0700] {processor.py:161} INFO - Started process (PID=49421) to work on /Users/fatimanaqib/Documents/job-market-tracker/airflow/dags/job_ingestion_dag.py
[2026-06-14T17:12:52.141-0700] {processor.py:830} INFO - Processing file /Users/fatimanaqib/Documents/job-market-tracker/airflow/dags/job_ingestion_dag.py for tasks to queue
[2026-06-14T17:12:52.141-0700] {logging_mixin.py:188} INFO - [2026-06-14T17:12:52.141-0700] {dagbag.py:545} INFO - Filling up the DagBag from /Users/fatimanaqib/Documents/job-market-tracker/airflow/dags/job_ingestion_dag.py
[2026-06-14T17:12:52.157-0700] {processor.py:840} INFO - DAG(s) 'job_market_ingestion' retrieved from /Users/fatimanaqib/Documents/job-market-tracker/airflow/dags/job_ingestion_dag.py
[2026-06-14T17:12:52.217-0700] {logging_mixin.py:188} INFO - [2026-06-14T17:12:52.217-0700] {override.py:1858} INFO - Created Permission View: can read on DAG:job_market_ingestion
[2026-06-14T17:12:52.221-0700] {logging_mixin.py:188} INFO - [2026-06-14T17:12:52.221-0700] {override.py:1858} INFO - Created Permission View: can edit on DAG:job_market_ingestion
[2026-06-14T17:12:52.223-0700] {logging_mixin.py:188} INFO - [2026-06-14T17:12:52.223-0700] {override.py:1858} INFO - Created Permission View: can delete on DAG:job_market_ingestion
[2026-06-14T17:12:52.223-0700] {logging_mixin.py:188} INFO - [2026-06-14T17:12:52.223-0700] {dag.py:3089} INFO - Sync 1 DAGs
[2026-06-14T17:12:52.255-0700] {logging_mixin.py:188} INFO - [2026-06-14T17:12:52.255-0700] {dag.py:3111} INFO - Creating ORM DAG for job_market_ingestion
[2026-06-14T17:12:52.258-0700] {logging_mixin.py:188} INFO - [2026-06-14T17:12:52.258-0700] {dag.py:3947} INFO - Setting next_dagrun for job_market_ingestion to 2026-06-14 00:00:00+00:00, run_after=2026-06-15 00:00:00+00:00
[2026-06-14T17:12:52.264-0700] {processor.py:183} INFO - Processing /Users/fatimanaqib/Documents/job-market-tracker/airflow/dags/job_ingestion_dag.py took 0.125 seconds
[2026-06-14T17:15:51.150-0700] {processor.py:161} INFO - Started process (PID=50369) to work on /Users/fatimanaqib/Documents/job-market-tracker/airflow/dags/job_ingestion_dag.py
[2026-06-14T17:15:51.150-0700] {processor.py:830} INFO - Processing file /Users/fatimanaqib/Documents/job-market-tracker/airflow/dags/job_ingestion_dag.py for tasks to queue
[2026-06-14T17:15:51.151-0700] {logging_mixin.py:188} INFO - [2026-06-14T17:15:51.151-0700] {dagbag.py:545} INFO - Filling up the DagBag from /Users/fatimanaqib/Documents/job-market-tracker/airflow/dags/job_ingestion_dag.py
[2026-06-14T17:15:51.165-0700] {processor.py:840} INFO - DAG(s) 'job_market_ingestion' retrieved from /Users/fatimanaqib/Documents/job-market-tracker/airflow/dags/job_ingestion_dag.py
[2026-06-14T17:15:51.194-0700] {logging_mixin.py:188} INFO - [2026-06-14T17:15:51.194-0700] {dag.py:3089} INFO - Sync 1 DAGs
[2026-06-14T17:15:51.199-0700] {logging_mixin.py:188} INFO - [2026-06-14T17:15:51.199-0700] {dag.py:3947} INFO - Setting next_dagrun for job_market_ingestion to 2026-06-14 00:00:00+00:00, run_after=2026-06-15 00:00:00+00:00
[2026-06-14T17:15:51.206-0700] {processor.py:183} INFO - Processing /Users/fatimanaqib/Documents/job-market-tracker/airflow/dags/job_ingestion_dag.py took 0.057 seconds
[2026-06-14T17:17:55.571-0700] {processor.py:161} INFO - Started process (PID=50707) to work on /Users/fatimanaqib/Documents/job-market-tracker/airflow/dags/job_ingestion_dag.py
[2026-06-14T17:17:55.571-0700] {processor.py:830} INFO - Processing file /Users/fatimanaqib/Documents/job-market-tracker/airflow/dags/job_ingestion_dag.py for tasks to queue
[2026-06-14T17:17:55.572-0700] {logging_mixin.py:188} INFO - [2026-06-14T17:17:55.572-0700] {dagbag.py:545} INFO - Filling up the DagBag from /Users/fatimanaqib/Documents/job-market-tracker/airflow/dags/job_ingestion_dag.py
[2026-06-14T17:17:55.585-0700] {processor.py:840} INFO - DAG(s) 'job_market_ingestion' retrieved from /Users/fatimanaqib/Documents/job-market-tracker/airflow/dags/job_ingestion_dag.py
[2026-06-14T17:17:55.615-0700] {logging_mixin.py:188} INFO - [2026-06-14T17:17:55.614-0700] {dag.py:3089} INFO - Sync 1 DAGs
[2026-06-14T17:17:55.620-0700] {logging_mixin.py:188} INFO - [2026-06-14T17:17:55.620-0700] {dag.py:3947} INFO - Setting next_dagrun for job_market_ingestion to 2026-06-14 00:00:00+00:00, run_after=2026-06-15 00:00:00+00:00
[2026-06-14T17:17:55.626-0700] {processor.py:183} INFO - Processing /Users/fatimanaqib/Documents/job-market-tracker/airflow/dags/job_ingestion_dag.py took 0.056 seconds
[2026-06-14T17:19:49.272-0700] {processor.py:161} INFO - Started process (PID=51584) to work on /Users/fatimanaqib/Documents/job-market-tracker/airflow/dags/job_ingestion_dag.py
[2026-06-14T17:19:49.272-0700] {processor.py:830} INFO - Processing file /Users/fatimanaqib/Documents/job-market-tracker/airflow/dags/job_ingestion_dag.py for tasks to queue
[2026-06-14T17:19:49.273-0700] {logging_mixin.py:188} INFO - [2026-06-14T17:19:49.273-0700] {dagbag.py:545} INFO - Filling up the DagBag from /Users/fatimanaqib/Documents/job-market-tracker/airflow/dags/job_ingestion_dag.py
[2026-06-14T17:19:49.289-0700] {processor.py:840} INFO - DAG(s) 'job_market_ingestion' retrieved from /Users/fatimanaqib/Documents/job-market-tracker/airflow/dags/job_ingestion_dag.py
[2026-06-14T17:19:49.322-0700] {logging_mixin.py:188} INFO - [2026-06-14T17:19:49.322-0700] {dag.py:3089} INFO - Sync 1 DAGs
[2026-06-14T17:19:49.327-0700] {logging_mixin.py:188} INFO - [2026-06-14T17:19:49.327-0700] {dag.py:3947} INFO - Setting next_dagrun for job_market_ingestion to 2026-06-14 00:00:00+00:00, run_after=2026-06-15 00:00:00+00:00
[2026-06-14T17:19:49.333-0700] {processor.py:183} INFO - Processing /Users/fatimanaqib/Documents/job-market-tracker/airflow/dags/job_ingestion_dag.py took 0.063 seconds
