[2026-06-14T17:12:08.728-0700] {processor.py:161} INFO - Started process (PID=49322) to work on /Users/fatimanaqib/Documents/job-market-tracker/.venv/lib/python3.11/site-packages/airflow/example_dags/example_sensor_decorator.py
[2026-06-14T17:12:08.729-0700] {processor.py:830} INFO - Processing file /Users/fatimanaqib/Documents/job-market-tracker/.venv/lib/python3.11/site-packages/airflow/example_dags/example_sensor_decorator.py for tasks to queue
[2026-06-14T17:12:08.729-0700] {logging_mixin.py:188} INFO - [2026-06-14T17:12:08.729-0700] {dagbag.py:545} INFO - Filling up the DagBag from /Users/fatimanaqib/Documents/job-market-tracker/.venv/lib/python3.11/site-packages/airflow/example_dags/example_sensor_decorator.py
[2026-06-14T17:12:08.742-0700] {processor.py:840} INFO - DAG(s) 'example_sensor_decorator' retrieved from /Users/fatimanaqib/Documents/job-market-tracker/.venv/lib/python3.11/site-packages/airflow/example_dags/example_sensor_decorator.py
[2026-06-14T17:12:08.836-0700] {logging_mixin.py:188} INFO - [2026-06-14T17:12:08.836-0700] {override.py:1858} INFO - Created Permission View: can delete on DAG:example_sensor_decorator
[2026-06-14T17:12:08.839-0700] {logging_mixin.py:188} INFO - [2026-06-14T17:12:08.839-0700] {override.py:1858} INFO - Created Permission View: can edit on DAG:example_sensor_decorator
[2026-06-14T17:12:08.841-0700] {logging_mixin.py:188} INFO - [2026-06-14T17:12:08.841-0700] {override.py:1858} INFO - Created Permission View: can read on DAG:example_sensor_decorator
[2026-06-14T17:12:08.841-0700] {logging_mixin.py:188} INFO - [2026-06-14T17:12:08.841-0700] {dag.py:3089} INFO - Sync 1 DAGs
[2026-06-14T17:12:08.844-0700] {logging_mixin.py:188} INFO - [2026-06-14T17:12:08.844-0700] {dag.py:3111} INFO - Creating ORM DAG for example_sensor_decorator
[2026-06-14T17:12:08.844-0700] {logging_mixin.py:188} INFO - [2026-06-14T17:12:08.844-0700] {dag.py:3947} INFO - Setting next_dagrun for example_sensor_decorator to None, run_after=None
[2026-06-14T17:12:08.850-0700] {processor.py:183} INFO - Processing /Users/fatimanaqib/Documents/job-market-tracker/.venv/lib/python3.11/site-packages/airflow/example_dags/example_sensor_decorator.py took 0.123 seconds
[2026-06-14T17:13:34.068-0700] {processor.py:161} INFO - Started process (PID=49476) to work on /Users/fatimanaqib/Documents/job-market-tracker/.venv/lib/python3.11/site-packages/airflow/example_dags/example_sensor_decorator.py
[2026-06-14T17:13:34.069-0700] {processor.py:830} INFO - Processing file /Users/fatimanaqib/Documents/job-market-tracker/.venv/lib/python3.11/site-packages/airflow/example_dags/example_sensor_decorator.py for tasks to queue
[2026-06-14T17:13:34.069-0700] {logging_mixin.py:188} INFO - [2026-06-14T17:13:34.069-0700] {dagbag.py:545} INFO - Filling up the DagBag from /Users/fatimanaqib/Documents/job-market-tracker/.venv/lib/python3.11/site-packages/airflow/example_dags/example_sensor_decorator.py
[2026-06-14T17:13:34.085-0700] {processor.py:840} INFO - DAG(s) 'example_sensor_decorator' retrieved from /Users/fatimanaqib/Documents/job-market-tracker/.venv/lib/python3.11/site-packages/airflow/example_dags/example_sensor_decorator.py
[2026-06-14T17:13:34.120-0700] {logging_mixin.py:188} INFO - [2026-06-14T17:13:34.119-0700] {dag.py:3089} INFO - Sync 1 DAGs
[2026-06-14T17:13:34.123-0700] {logging_mixin.py:188} INFO - [2026-06-14T17:13:34.123-0700] {dag.py:3947} INFO - Setting next_dagrun for example_sensor_decorator to None, run_after=None
[2026-06-14T17:13:34.130-0700] {processor.py:183} INFO - Processing /Users/fatimanaqib/Documents/job-market-tracker/.venv/lib/python3.11/site-packages/airflow/example_dags/example_sensor_decorator.py took 0.063 seconds
[2026-06-14T17:15:05.803-0700] {processor.py:161} INFO - Started process (PID=50244) to work on /Users/fatimanaqib/Documents/job-market-tracker/.venv/lib/python3.11/site-packages/airflow/example_dags/example_sensor_decorator.py
[2026-06-14T17:15:05.803-0700] {processor.py:830} INFO - Processing file /Users/fatimanaqib/Documents/job-market-tracker/.venv/lib/python3.11/site-packages/airflow/example_dags/example_sensor_decorator.py for tasks to queue
[2026-06-14T17:15:05.804-0700] {logging_mixin.py:188} INFO - [2026-06-14T17:15:05.804-0700] {dagbag.py:545} INFO - Filling up the DagBag from /Users/fatimanaqib/Documents/job-market-tracker/.venv/lib/python3.11/site-packages/airflow/example_dags/example_sensor_decorator.py
[2026-06-14T17:15:05.818-0700] {processor.py:840} INFO - DAG(s) 'example_sensor_decorator' retrieved from /Users/fatimanaqib/Documents/job-market-tracker/.venv/lib/python3.11/site-packages/airflow/example_dags/example_sensor_decorator.py
[2026-06-14T17:15:05.851-0700] {logging_mixin.py:188} INFO - [2026-06-14T17:15:05.851-0700] {dag.py:3089} INFO - Sync 1 DAGs
[2026-06-14T17:15:05.854-0700] {logging_mixin.py:188} INFO - [2026-06-14T17:15:05.854-0700] {dag.py:3947} INFO - Setting next_dagrun for example_sensor_decorator to None, run_after=None
[2026-06-14T17:15:05.860-0700] {processor.py:183} INFO - Processing /Users/fatimanaqib/Documents/job-market-tracker/.venv/lib/python3.11/site-packages/airflow/example_dags/example_sensor_decorator.py took 0.059 seconds
[2026-06-14T17:16:37.525-0700] {processor.py:161} INFO - Started process (PID=50496) to work on /Users/fatimanaqib/Documents/job-market-tracker/.venv/lib/python3.11/site-packages/airflow/example_dags/example_sensor_decorator.py
[2026-06-14T17:16:37.526-0700] {processor.py:830} INFO - Processing file /Users/fatimanaqib/Documents/job-market-tracker/.venv/lib/python3.11/site-packages/airflow/example_dags/example_sensor_decorator.py for tasks to queue
[2026-06-14T17:16:37.526-0700] {logging_mixin.py:188} INFO - [2026-06-14T17:16:37.526-0700] {dagbag.py:545} INFO - Filling up the DagBag from /Users/fatimanaqib/Documents/job-market-tracker/.venv/lib/python3.11/site-packages/airflow/example_dags/example_sensor_decorator.py
[2026-06-14T17:16:37.539-0700] {processor.py:840} INFO - DAG(s) 'example_sensor_decorator' retrieved from /Users/fatimanaqib/Documents/job-market-tracker/.venv/lib/python3.11/site-packages/airflow/example_dags/example_sensor_decorator.py
[2026-06-14T17:16:37.570-0700] {logging_mixin.py:188} INFO - [2026-06-14T17:16:37.570-0700] {dag.py:3089} INFO - Sync 1 DAGs
[2026-06-14T17:16:37.573-0700] {logging_mixin.py:188} INFO - [2026-06-14T17:16:37.573-0700] {dag.py:3947} INFO - Setting next_dagrun for example_sensor_decorator to None, run_after=None
[2026-06-14T17:16:37.580-0700] {processor.py:183} INFO - Processing /Users/fatimanaqib/Documents/job-market-tracker/.venv/lib/python3.11/site-packages/airflow/example_dags/example_sensor_decorator.py took 0.056 seconds
[2026-06-14T17:18:39.921-0700] {processor.py:161} INFO - Started process (PID=50808) to work on /Users/fatimanaqib/Documents/job-market-tracker/.venv/lib/python3.11/site-packages/airflow/example_dags/example_sensor_decorator.py
[2026-06-14T17:18:39.929-0700] {processor.py:830} INFO - Processing file /Users/fatimanaqib/Documents/job-market-tracker/.venv/lib/python3.11/site-packages/airflow/example_dags/example_sensor_decorator.py for tasks to queue
[2026-06-14T17:18:39.929-0700] {logging_mixin.py:188} INFO - [2026-06-14T17:18:39.929-0700] {dagbag.py:545} INFO - Filling up the DagBag from /Users/fatimanaqib/Documents/job-market-tracker/.venv/lib/python3.11/site-packages/airflow/example_dags/example_sensor_decorator.py
[2026-06-14T17:18:39.943-0700] {processor.py:840} INFO - DAG(s) 'example_sensor_decorator' retrieved from /Users/fatimanaqib/Documents/job-market-tracker/.venv/lib/python3.11/site-packages/airflow/example_dags/example_sensor_decorator.py
[2026-06-14T17:18:39.974-0700] {logging_mixin.py:188} INFO - [2026-06-14T17:18:39.974-0700] {dag.py:3089} INFO - Sync 1 DAGs
[2026-06-14T17:18:39.977-0700] {logging_mixin.py:188} INFO - [2026-06-14T17:18:39.977-0700] {dag.py:3947} INFO - Setting next_dagrun for example_sensor_decorator to None, run_after=None
[2026-06-14T17:18:39.984-0700] {processor.py:183} INFO - Processing /Users/fatimanaqib/Documents/job-market-tracker/.venv/lib/python3.11/site-packages/airflow/example_dags/example_sensor_decorator.py took 0.064 seconds
