[2026-06-14T17:11:46.429-0700] {processor.py:161} INFO - Started process (PID=49152) to work on /Users/fatimanaqib/Documents/job-market-tracker/.venv/lib/python3.11/site-packages/airflow/example_dags/example_xcom.py
[2026-06-14T17:11:46.429-0700] {processor.py:830} INFO - Processing file /Users/fatimanaqib/Documents/job-market-tracker/.venv/lib/python3.11/site-packages/airflow/example_dags/example_xcom.py for tasks to queue
[2026-06-14T17:11:46.429-0700] {logging_mixin.py:188} INFO - [2026-06-14T17:11:46.429-0700] {dagbag.py:545} INFO - Filling up the DagBag from /Users/fatimanaqib/Documents/job-market-tracker/.venv/lib/python3.11/site-packages/airflow/example_dags/example_xcom.py
[2026-06-14T17:11:46.442-0700] {processor.py:840} INFO - DAG(s) 'example_xcom' retrieved from /Users/fatimanaqib/Documents/job-market-tracker/.venv/lib/python3.11/site-packages/airflow/example_dags/example_xcom.py
[2026-06-14T17:11:46.525-0700] {logging_mixin.py:188} INFO - [2026-06-14T17:11:46.525-0700] {override.py:1858} INFO - Created Permission View: can delete on DAG:example_xcom
[2026-06-14T17:11:46.528-0700] {logging_mixin.py:188} INFO - [2026-06-14T17:11:46.528-0700] {override.py:1858} INFO - Created Permission View: can edit on DAG:example_xcom
[2026-06-14T17:11:46.530-0700] {logging_mixin.py:188} INFO - [2026-06-14T17:11:46.530-0700] {override.py:1858} INFO - Created Permission View: can read on DAG:example_xcom
[2026-06-14T17:11:46.530-0700] {logging_mixin.py:188} INFO - [2026-06-14T17:11:46.530-0700] {dag.py:3089} INFO - Sync 1 DAGs
[2026-06-14T17:11:46.533-0700] {logging_mixin.py:188} INFO - [2026-06-14T17:11:46.533-0700] {dag.py:3111} INFO - Creating ORM DAG for example_xcom
[2026-06-14T17:11:46.535-0700] {logging_mixin.py:188} INFO - [2026-06-14T17:11:46.535-0700] {dag.py:3947} INFO - Setting next_dagrun for example_xcom to 2021-01-01 00:00:00+00:00, run_after=2021-01-01 00:00:00+00:00
[2026-06-14T17:11:46.541-0700] {processor.py:183} INFO - Processing /Users/fatimanaqib/Documents/job-market-tracker/.venv/lib/python3.11/site-packages/airflow/example_dags/example_xcom.py took 0.113 seconds
[2026-06-14T17:13:12.441-0700] {processor.py:161} INFO - Started process (PID=49440) to work on /Users/fatimanaqib/Documents/job-market-tracker/.venv/lib/python3.11/site-packages/airflow/example_dags/example_xcom.py
[2026-06-14T17:13:12.441-0700] {processor.py:830} INFO - Processing file /Users/fatimanaqib/Documents/job-market-tracker/.venv/lib/python3.11/site-packages/airflow/example_dags/example_xcom.py for tasks to queue
[2026-06-14T17:13:12.441-0700] {logging_mixin.py:188} INFO - [2026-06-14T17:13:12.441-0700] {dagbag.py:545} INFO - Filling up the DagBag from /Users/fatimanaqib/Documents/job-market-tracker/.venv/lib/python3.11/site-packages/airflow/example_dags/example_xcom.py
[2026-06-14T17:13:12.454-0700] {processor.py:840} INFO - DAG(s) 'example_xcom' retrieved from /Users/fatimanaqib/Documents/job-market-tracker/.venv/lib/python3.11/site-packages/airflow/example_dags/example_xcom.py
[2026-06-14T17:13:12.484-0700] {logging_mixin.py:188} INFO - [2026-06-14T17:13:12.484-0700] {dag.py:3089} INFO - Sync 1 DAGs
[2026-06-14T17:13:12.488-0700] {logging_mixin.py:188} INFO - [2026-06-14T17:13:12.488-0700] {dag.py:3947} INFO - Setting next_dagrun for example_xcom to 2021-01-01 00:00:00+00:00, run_after=2021-01-01 00:00:00+00:00
[2026-06-14T17:13:12.495-0700] {processor.py:183} INFO - Processing /Users/fatimanaqib/Documents/job-market-tracker/.venv/lib/python3.11/site-packages/airflow/example_dags/example_xcom.py took 0.056 seconds
[2026-06-14T17:14:43.473-0700] {processor.py:161} INFO - Started process (PID=50203) to work on /Users/fatimanaqib/Documents/job-market-tracker/.venv/lib/python3.11/site-packages/airflow/example_dags/example_xcom.py
[2026-06-14T17:14:43.473-0700] {processor.py:830} INFO - Processing file /Users/fatimanaqib/Documents/job-market-tracker/.venv/lib/python3.11/site-packages/airflow/example_dags/example_xcom.py for tasks to queue
[2026-06-14T17:14:43.474-0700] {logging_mixin.py:188} INFO - [2026-06-14T17:14:43.474-0700] {dagbag.py:545} INFO - Filling up the DagBag from /Users/fatimanaqib/Documents/job-market-tracker/.venv/lib/python3.11/site-packages/airflow/example_dags/example_xcom.py
[2026-06-14T17:14:43.487-0700] {processor.py:840} INFO - DAG(s) 'example_xcom' retrieved from /Users/fatimanaqib/Documents/job-market-tracker/.venv/lib/python3.11/site-packages/airflow/example_dags/example_xcom.py
[2026-06-14T17:14:43.518-0700] {logging_mixin.py:188} INFO - [2026-06-14T17:14:43.518-0700] {dag.py:3089} INFO - Sync 1 DAGs
[2026-06-14T17:14:43.523-0700] {logging_mixin.py:188} INFO - [2026-06-14T17:14:43.523-0700] {dag.py:3947} INFO - Setting next_dagrun for example_xcom to 2021-01-01 00:00:00+00:00, run_after=2021-01-01 00:00:00+00:00
[2026-06-14T17:14:43.530-0700] {processor.py:183} INFO - Processing /Users/fatimanaqib/Documents/job-market-tracker/.venv/lib/python3.11/site-packages/airflow/example_dags/example_xcom.py took 0.059 seconds
[2026-06-14T17:16:13.425-0700] {processor.py:161} INFO - Started process (PID=50406) to work on /Users/fatimanaqib/Documents/job-market-tracker/.venv/lib/python3.11/site-packages/airflow/example_dags/example_xcom.py
[2026-06-14T17:16:13.426-0700] {processor.py:830} INFO - Processing file /Users/fatimanaqib/Documents/job-market-tracker/.venv/lib/python3.11/site-packages/airflow/example_dags/example_xcom.py for tasks to queue
[2026-06-14T17:16:13.426-0700] {logging_mixin.py:188} INFO - [2026-06-14T17:16:13.426-0700] {dagbag.py:545} INFO - Filling up the DagBag from /Users/fatimanaqib/Documents/job-market-tracker/.venv/lib/python3.11/site-packages/airflow/example_dags/example_xcom.py
[2026-06-14T17:16:13.439-0700] {processor.py:840} INFO - DAG(s) 'example_xcom' retrieved from /Users/fatimanaqib/Documents/job-market-tracker/.venv/lib/python3.11/site-packages/airflow/example_dags/example_xcom.py
[2026-06-14T17:16:13.469-0700] {logging_mixin.py:188} INFO - [2026-06-14T17:16:13.468-0700] {dag.py:3089} INFO - Sync 1 DAGs
[2026-06-14T17:16:13.473-0700] {logging_mixin.py:188} INFO - [2026-06-14T17:16:13.473-0700] {dag.py:3947} INFO - Setting next_dagrun for example_xcom to 2021-01-01 00:00:00+00:00, run_after=2021-01-01 00:00:00+00:00
[2026-06-14T17:16:13.480-0700] {processor.py:183} INFO - Processing /Users/fatimanaqib/Documents/job-market-tracker/.venv/lib/python3.11/site-packages/airflow/example_dags/example_xcom.py took 0.056 seconds
[2026-06-14T17:17:15.394-0700] {processor.py:161} INFO - Started process (PID=50568) to work on /Users/fatimanaqib/Documents/job-market-tracker/.venv/lib/python3.11/site-packages/airflow/example_dags/example_xcom.py
[2026-06-14T17:17:15.394-0700] {processor.py:830} INFO - Processing file /Users/fatimanaqib/Documents/job-market-tracker/.venv/lib/python3.11/site-packages/airflow/example_dags/example_xcom.py for tasks to queue
[2026-06-14T17:17:15.395-0700] {logging_mixin.py:188} INFO - [2026-06-14T17:17:15.395-0700] {dagbag.py:545} INFO - Filling up the DagBag from /Users/fatimanaqib/Documents/job-market-tracker/.venv/lib/python3.11/site-packages/airflow/example_dags/example_xcom.py
[2026-06-14T17:17:15.408-0700] {processor.py:840} INFO - DAG(s) 'example_xcom' retrieved from /Users/fatimanaqib/Documents/job-market-tracker/.venv/lib/python3.11/site-packages/airflow/example_dags/example_xcom.py
[2026-06-14T17:17:15.442-0700] {logging_mixin.py:188} INFO - [2026-06-14T17:17:15.441-0700] {dag.py:3089} INFO - Sync 1 DAGs
[2026-06-14T17:17:15.446-0700] {logging_mixin.py:188} INFO - [2026-06-14T17:17:15.446-0700] {dag.py:3947} INFO - Setting next_dagrun for example_xcom to 2021-01-01 00:00:00+00:00, run_after=2021-01-01 00:00:00+00:00
[2026-06-14T17:17:15.453-0700] {processor.py:183} INFO - Processing /Users/fatimanaqib/Documents/job-market-tracker/.venv/lib/python3.11/site-packages/airflow/example_dags/example_xcom.py took 0.060 seconds
[2026-06-14T17:18:18.004-0700] {processor.py:161} INFO - Started process (PID=50738) to work on /Users/fatimanaqib/Documents/job-market-tracker/.venv/lib/python3.11/site-packages/airflow/example_dags/example_xcom.py
[2026-06-14T17:18:18.006-0700] {processor.py:830} INFO - Processing file /Users/fatimanaqib/Documents/job-market-tracker/.venv/lib/python3.11/site-packages/airflow/example_dags/example_xcom.py for tasks to queue
[2026-06-14T17:18:18.006-0700] {logging_mixin.py:188} INFO - [2026-06-14T17:18:18.006-0700] {dagbag.py:545} INFO - Filling up the DagBag from /Users/fatimanaqib/Documents/job-market-tracker/.venv/lib/python3.11/site-packages/airflow/example_dags/example_xcom.py
[2026-06-14T17:18:18.019-0700] {processor.py:840} INFO - DAG(s) 'example_xcom' retrieved from /Users/fatimanaqib/Documents/job-market-tracker/.venv/lib/python3.11/site-packages/airflow/example_dags/example_xcom.py
[2026-06-14T17:18:18.049-0700] {logging_mixin.py:188} INFO - [2026-06-14T17:18:18.049-0700] {dag.py:3089} INFO - Sync 1 DAGs
[2026-06-14T17:18:18.054-0700] {logging_mixin.py:188} INFO - [2026-06-14T17:18:18.054-0700] {dag.py:3947} INFO - Setting next_dagrun for example_xcom to 2021-01-01 00:00:00+00:00, run_after=2021-01-01 00:00:00+00:00
[2026-06-14T17:18:18.061-0700] {processor.py:183} INFO - Processing /Users/fatimanaqib/Documents/job-market-tracker/.venv/lib/python3.11/site-packages/airflow/example_dags/example_xcom.py took 0.058 seconds
[2026-06-14T17:19:14.274-0700] {processor.py:161} INFO - Started process (PID=51136) to work on /Users/fatimanaqib/Documents/job-market-tracker/.venv/lib/python3.11/site-packages/airflow/example_dags/example_xcom.py
[2026-06-14T17:19:14.274-0700] {processor.py:830} INFO - Processing file /Users/fatimanaqib/Documents/job-market-tracker/.venv/lib/python3.11/site-packages/airflow/example_dags/example_xcom.py for tasks to queue
[2026-06-14T17:19:14.275-0700] {logging_mixin.py:188} INFO - [2026-06-14T17:19:14.275-0700] {dagbag.py:545} INFO - Filling up the DagBag from /Users/fatimanaqib/Documents/job-market-tracker/.venv/lib/python3.11/site-packages/airflow/example_dags/example_xcom.py
[2026-06-14T17:19:14.287-0700] {processor.py:840} INFO - DAG(s) 'example_xcom' retrieved from /Users/fatimanaqib/Documents/job-market-tracker/.venv/lib/python3.11/site-packages/airflow/example_dags/example_xcom.py
[2026-06-14T17:19:14.318-0700] {logging_mixin.py:188} INFO - [2026-06-14T17:19:14.317-0700] {dag.py:3089} INFO - Sync 1 DAGs
[2026-06-14T17:19:14.322-0700] {logging_mixin.py:188} INFO - [2026-06-14T17:19:14.322-0700] {dag.py:3947} INFO - Setting next_dagrun for example_xcom to 2021-01-01 00:00:00+00:00, run_after=2021-01-01 00:00:00+00:00
[2026-06-14T17:19:14.329-0700] {processor.py:183} INFO - Processing /Users/fatimanaqib/Documents/job-market-tracker/.venv/lib/python3.11/site-packages/airflow/example_dags/example_xcom.py took 0.056 seconds
