[2026-06-14T17:11:52.075-0700] {processor.py:161} INFO - Started process (PID=49167) to work on /Users/fatimanaqib/Documents/job-market-tracker/.venv/lib/python3.11/site-packages/airflow/example_dags/example_task_group_decorator.py
[2026-06-14T17:11:52.075-0700] {processor.py:830} INFO - Processing file /Users/fatimanaqib/Documents/job-market-tracker/.venv/lib/python3.11/site-packages/airflow/example_dags/example_task_group_decorator.py for tasks to queue
[2026-06-14T17:11:52.075-0700] {logging_mixin.py:188} INFO - [2026-06-14T17:11:52.075-0700] {dagbag.py:545} INFO - Filling up the DagBag from /Users/fatimanaqib/Documents/job-market-tracker/.venv/lib/python3.11/site-packages/airflow/example_dags/example_task_group_decorator.py
[2026-06-14T17:11:52.090-0700] {processor.py:840} INFO - DAG(s) 'example_task_group_decorator' retrieved from /Users/fatimanaqib/Documents/job-market-tracker/.venv/lib/python3.11/site-packages/airflow/example_dags/example_task_group_decorator.py
[2026-06-14T17:11:52.173-0700] {logging_mixin.py:188} INFO - [2026-06-14T17:11:52.173-0700] {override.py:1858} INFO - Created Permission View: can delete on DAG:example_task_group_decorator
[2026-06-14T17:11:52.176-0700] {logging_mixin.py:188} INFO - [2026-06-14T17:11:52.176-0700] {override.py:1858} INFO - Created Permission View: can read on DAG:example_task_group_decorator
[2026-06-14T17:11:52.177-0700] {logging_mixin.py:188} INFO - [2026-06-14T17:11:52.177-0700] {override.py:1858} INFO - Created Permission View: can edit on DAG:example_task_group_decorator
[2026-06-14T17:11:52.177-0700] {logging_mixin.py:188} INFO - [2026-06-14T17:11:52.177-0700] {dag.py:3089} INFO - Sync 1 DAGs
[2026-06-14T17:11:52.180-0700] {logging_mixin.py:188} INFO - [2026-06-14T17:11:52.180-0700] {dag.py:3111} INFO - Creating ORM DAG for example_task_group_decorator
[2026-06-14T17:11:52.183-0700] {logging_mixin.py:188} INFO - [2026-06-14T17:11:52.183-0700] {dag.py:3947} INFO - Setting next_dagrun for example_task_group_decorator to 2026-06-14 00:00:00+00:00, run_after=2026-06-15 00:00:00+00:00
[2026-06-14T17:11:52.188-0700] {processor.py:183} INFO - Processing /Users/fatimanaqib/Documents/job-market-tracker/.venv/lib/python3.11/site-packages/airflow/example_dags/example_task_group_decorator.py took 0.115 seconds
[2026-06-14T17:13:18.758-0700] {processor.py:161} INFO - Started process (PID=49450) to work on /Users/fatimanaqib/Documents/job-market-tracker/.venv/lib/python3.11/site-packages/airflow/example_dags/example_task_group_decorator.py
[2026-06-14T17:13:18.758-0700] {processor.py:830} INFO - Processing file /Users/fatimanaqib/Documents/job-market-tracker/.venv/lib/python3.11/site-packages/airflow/example_dags/example_task_group_decorator.py for tasks to queue
[2026-06-14T17:13:18.759-0700] {logging_mixin.py:188} INFO - [2026-06-14T17:13:18.759-0700] {dagbag.py:545} INFO - Filling up the DagBag from /Users/fatimanaqib/Documents/job-market-tracker/.venv/lib/python3.11/site-packages/airflow/example_dags/example_task_group_decorator.py
[2026-06-14T17:13:18.775-0700] {processor.py:840} INFO - DAG(s) 'example_task_group_decorator' retrieved from /Users/fatimanaqib/Documents/job-market-tracker/.venv/lib/python3.11/site-packages/airflow/example_dags/example_task_group_decorator.py
[2026-06-14T17:13:18.806-0700] {logging_mixin.py:188} INFO - [2026-06-14T17:13:18.806-0700] {dag.py:3089} INFO - Sync 1 DAGs
[2026-06-14T17:13:18.812-0700] {logging_mixin.py:188} INFO - [2026-06-14T17:13:18.812-0700] {dag.py:3947} INFO - Setting next_dagrun for example_task_group_decorator to 2026-06-14 00:00:00+00:00, run_after=2026-06-15 00:00:00+00:00
[2026-06-14T17:13:18.818-0700] {processor.py:183} INFO - Processing /Users/fatimanaqib/Documents/job-market-tracker/.venv/lib/python3.11/site-packages/airflow/example_dags/example_task_group_decorator.py took 0.061 seconds
[2026-06-14T17:14:49.179-0700] {processor.py:161} INFO - Started process (PID=50215) to work on /Users/fatimanaqib/Documents/job-market-tracker/.venv/lib/python3.11/site-packages/airflow/example_dags/example_task_group_decorator.py
[2026-06-14T17:14:49.179-0700] {processor.py:830} INFO - Processing file /Users/fatimanaqib/Documents/job-market-tracker/.venv/lib/python3.11/site-packages/airflow/example_dags/example_task_group_decorator.py for tasks to queue
[2026-06-14T17:14:49.180-0700] {logging_mixin.py:188} INFO - [2026-06-14T17:14:49.179-0700] {dagbag.py:545} INFO - Filling up the DagBag from /Users/fatimanaqib/Documents/job-market-tracker/.venv/lib/python3.11/site-packages/airflow/example_dags/example_task_group_decorator.py
[2026-06-14T17:14:49.195-0700] {processor.py:840} INFO - DAG(s) 'example_task_group_decorator' retrieved from /Users/fatimanaqib/Documents/job-market-tracker/.venv/lib/python3.11/site-packages/airflow/example_dags/example_task_group_decorator.py
[2026-06-14T17:14:49.229-0700] {logging_mixin.py:188} INFO - [2026-06-14T17:14:49.228-0700] {dag.py:3089} INFO - Sync 1 DAGs
[2026-06-14T17:14:49.234-0700] {logging_mixin.py:188} INFO - [2026-06-14T17:14:49.234-0700] {dag.py:3947} INFO - Setting next_dagrun for example_task_group_decorator to 2026-06-14 00:00:00+00:00, run_after=2026-06-15 00:00:00+00:00
[2026-06-14T17:14:49.241-0700] {processor.py:183} INFO - Processing /Users/fatimanaqib/Documents/job-market-tracker/.venv/lib/python3.11/site-packages/airflow/example_dags/example_task_group_decorator.py took 0.063 seconds
[2026-06-14T17:16:20.317-0700] {processor.py:161} INFO - Started process (PID=50468) to work on /Users/fatimanaqib/Documents/job-market-tracker/.venv/lib/python3.11/site-packages/airflow/example_dags/example_task_group_decorator.py
[2026-06-14T17:16:20.318-0700] {processor.py:830} INFO - Processing file /Users/fatimanaqib/Documents/job-market-tracker/.venv/lib/python3.11/site-packages/airflow/example_dags/example_task_group_decorator.py for tasks to queue
[2026-06-14T17:16:20.318-0700] {logging_mixin.py:188} INFO - [2026-06-14T17:16:20.318-0700] {dagbag.py:545} INFO - Filling up the DagBag from /Users/fatimanaqib/Documents/job-market-tracker/.venv/lib/python3.11/site-packages/airflow/example_dags/example_task_group_decorator.py
[2026-06-14T17:16:20.333-0700] {processor.py:840} INFO - DAG(s) 'example_task_group_decorator' retrieved from /Users/fatimanaqib/Documents/job-market-tracker/.venv/lib/python3.11/site-packages/airflow/example_dags/example_task_group_decorator.py
[2026-06-14T17:16:20.365-0700] {logging_mixin.py:188} INFO - [2026-06-14T17:16:20.365-0700] {dag.py:3089} INFO - Sync 1 DAGs
[2026-06-14T17:16:20.370-0700] {logging_mixin.py:188} INFO - [2026-06-14T17:16:20.370-0700] {dag.py:3947} INFO - Setting next_dagrun for example_task_group_decorator to 2026-06-14 00:00:00+00:00, run_after=2026-06-15 00:00:00+00:00
[2026-06-14T17:16:20.376-0700] {processor.py:183} INFO - Processing /Users/fatimanaqib/Documents/job-market-tracker/.venv/lib/python3.11/site-packages/airflow/example_dags/example_task_group_decorator.py took 0.060 seconds
[2026-06-14T17:17:22.315-0700] {processor.py:161} INFO - Started process (PID=50608) to work on /Users/fatimanaqib/Documents/job-market-tracker/.venv/lib/python3.11/site-packages/airflow/example_dags/example_task_group_decorator.py
[2026-06-14T17:17:22.315-0700] {processor.py:830} INFO - Processing file /Users/fatimanaqib/Documents/job-market-tracker/.venv/lib/python3.11/site-packages/airflow/example_dags/example_task_group_decorator.py for tasks to queue
[2026-06-14T17:17:22.316-0700] {logging_mixin.py:188} INFO - [2026-06-14T17:17:22.316-0700] {dagbag.py:545} INFO - Filling up the DagBag from /Users/fatimanaqib/Documents/job-market-tracker/.venv/lib/python3.11/site-packages/airflow/example_dags/example_task_group_decorator.py
[2026-06-14T17:17:22.332-0700] {processor.py:840} INFO - DAG(s) 'example_task_group_decorator' retrieved from /Users/fatimanaqib/Documents/job-market-tracker/.venv/lib/python3.11/site-packages/airflow/example_dags/example_task_group_decorator.py
[2026-06-14T17:17:22.367-0700] {logging_mixin.py:188} INFO - [2026-06-14T17:17:22.367-0700] {dag.py:3089} INFO - Sync 1 DAGs
[2026-06-14T17:17:22.373-0700] {logging_mixin.py:188} INFO - [2026-06-14T17:17:22.373-0700] {dag.py:3947} INFO - Setting next_dagrun for example_task_group_decorator to 2026-06-14 00:00:00+00:00, run_after=2026-06-15 00:00:00+00:00
[2026-06-14T17:17:22.381-0700] {processor.py:183} INFO - Processing /Users/fatimanaqib/Documents/job-market-tracker/.venv/lib/python3.11/site-packages/airflow/example_dags/example_task_group_decorator.py took 0.068 seconds
[2026-06-14T17:18:24.821-0700] {processor.py:161} INFO - Started process (PID=50751) to work on /Users/fatimanaqib/Documents/job-market-tracker/.venv/lib/python3.11/site-packages/airflow/example_dags/example_task_group_decorator.py
[2026-06-14T17:18:24.822-0700] {processor.py:830} INFO - Processing file /Users/fatimanaqib/Documents/job-market-tracker/.venv/lib/python3.11/site-packages/airflow/example_dags/example_task_group_decorator.py for tasks to queue
[2026-06-14T17:18:24.822-0700] {logging_mixin.py:188} INFO - [2026-06-14T17:18:24.822-0700] {dagbag.py:545} INFO - Filling up the DagBag from /Users/fatimanaqib/Documents/job-market-tracker/.venv/lib/python3.11/site-packages/airflow/example_dags/example_task_group_decorator.py
[2026-06-14T17:18:24.837-0700] {processor.py:840} INFO - DAG(s) 'example_task_group_decorator' retrieved from /Users/fatimanaqib/Documents/job-market-tracker/.venv/lib/python3.11/site-packages/airflow/example_dags/example_task_group_decorator.py
[2026-06-14T17:18:24.868-0700] {logging_mixin.py:188} INFO - [2026-06-14T17:18:24.868-0700] {dag.py:3089} INFO - Sync 1 DAGs
[2026-06-14T17:18:24.873-0700] {logging_mixin.py:188} INFO - [2026-06-14T17:18:24.873-0700] {dag.py:3947} INFO - Setting next_dagrun for example_task_group_decorator to 2026-06-14 00:00:00+00:00, run_after=2026-06-15 00:00:00+00:00
[2026-06-14T17:18:24.879-0700] {processor.py:183} INFO - Processing /Users/fatimanaqib/Documents/job-market-tracker/.venv/lib/python3.11/site-packages/airflow/example_dags/example_task_group_decorator.py took 0.059 seconds
[2026-06-14T17:19:20.461-0700] {processor.py:161} INFO - Started process (PID=51236) to work on /Users/fatimanaqib/Documents/job-market-tracker/.venv/lib/python3.11/site-packages/airflow/example_dags/example_task_group_decorator.py
[2026-06-14T17:19:20.462-0700] {processor.py:830} INFO - Processing file /Users/fatimanaqib/Documents/job-market-tracker/.venv/lib/python3.11/site-packages/airflow/example_dags/example_task_group_decorator.py for tasks to queue
[2026-06-14T17:19:20.463-0700] {logging_mixin.py:188} INFO - [2026-06-14T17:19:20.463-0700] {dagbag.py:545} INFO - Filling up the DagBag from /Users/fatimanaqib/Documents/job-market-tracker/.venv/lib/python3.11/site-packages/airflow/example_dags/example_task_group_decorator.py
[2026-06-14T17:19:20.478-0700] {processor.py:840} INFO - DAG(s) 'example_task_group_decorator' retrieved from /Users/fatimanaqib/Documents/job-market-tracker/.venv/lib/python3.11/site-packages/airflow/example_dags/example_task_group_decorator.py
[2026-06-14T17:19:20.510-0700] {logging_mixin.py:188} INFO - [2026-06-14T17:19:20.509-0700] {dag.py:3089} INFO - Sync 1 DAGs
[2026-06-14T17:19:20.515-0700] {logging_mixin.py:188} INFO - [2026-06-14T17:19:20.515-0700] {dag.py:3947} INFO - Setting next_dagrun for example_task_group_decorator to 2026-06-14 00:00:00+00:00, run_after=2026-06-15 00:00:00+00:00
[2026-06-14T17:19:20.521-0700] {processor.py:183} INFO - Processing /Users/fatimanaqib/Documents/job-market-tracker/.venv/lib/python3.11/site-packages/airflow/example_dags/example_task_group_decorator.py took 0.061 seconds
