[2026-06-14T17:12:39.104-0700] {processor.py:161} INFO - Started process (PID=49409) to work on /Users/fatimanaqib/Documents/job-market-tracker/.venv/lib/python3.11/site-packages/airflow/example_dags/example_branch_python_dop_operator_3.py
[2026-06-14T17:12:39.104-0700] {processor.py:830} INFO - Processing file /Users/fatimanaqib/Documents/job-market-tracker/.venv/lib/python3.11/site-packages/airflow/example_dags/example_branch_python_dop_operator_3.py for tasks to queue
[2026-06-14T17:12:39.105-0700] {logging_mixin.py:188} INFO - [2026-06-14T17:12:39.105-0700] {dagbag.py:545} INFO - Filling up the DagBag from /Users/fatimanaqib/Documents/job-market-tracker/.venv/lib/python3.11/site-packages/airflow/example_dags/example_branch_python_dop_operator_3.py
[2026-06-14T17:12:39.120-0700] {processor.py:840} INFO - DAG(s) 'example_branch_dop_operator_v3' retrieved from /Users/fatimanaqib/Documents/job-market-tracker/.venv/lib/python3.11/site-packages/airflow/example_dags/example_branch_python_dop_operator_3.py
[2026-06-14T17:12:39.180-0700] {logging_mixin.py:188} INFO - [2026-06-14T17:12:39.180-0700] {override.py:1858} INFO - Created Permission View: can edit on DAG:example_branch_dop_operator_v3
[2026-06-14T17:12:39.212-0700] {logging_mixin.py:188} INFO - [2026-06-14T17:12:39.212-0700] {override.py:1858} INFO - Created Permission View: can delete on DAG:example_branch_dop_operator_v3
[2026-06-14T17:12:39.214-0700] {logging_mixin.py:188} INFO - [2026-06-14T17:12:39.214-0700] {override.py:1858} INFO - Created Permission View: can read on DAG:example_branch_dop_operator_v3
[2026-06-14T17:12:39.214-0700] {logging_mixin.py:188} INFO - [2026-06-14T17:12:39.214-0700] {dag.py:3089} INFO - Sync 1 DAGs
[2026-06-14T17:12:39.217-0700] {logging_mixin.py:188} INFO - [2026-06-14T17:12:39.217-0700] {dag.py:3111} INFO - Creating ORM DAG for example_branch_dop_operator_v3
[2026-06-14T17:12:39.221-0700] {logging_mixin.py:188} INFO - [2026-06-14T17:12:39.221-0700] {dag.py:3947} INFO - Setting next_dagrun for example_branch_dop_operator_v3 to 2026-06-15 00:11:00+00:00, run_after=2026-06-15 00:12:00+00:00
[2026-06-14T17:12:39.227-0700] {processor.py:183} INFO - Processing /Users/fatimanaqib/Documents/job-market-tracker/.venv/lib/python3.11/site-packages/airflow/example_dags/example_branch_python_dop_operator_3.py took 0.124 seconds
[2026-06-14T17:15:37.166-0700] {processor.py:161} INFO - Started process (PID=50346) to work on /Users/fatimanaqib/Documents/job-market-tracker/.venv/lib/python3.11/site-packages/airflow/example_dags/example_branch_python_dop_operator_3.py
[2026-06-14T17:15:37.167-0700] {processor.py:830} INFO - Processing file /Users/fatimanaqib/Documents/job-market-tracker/.venv/lib/python3.11/site-packages/airflow/example_dags/example_branch_python_dop_operator_3.py for tasks to queue
[2026-06-14T17:15:37.167-0700] {logging_mixin.py:188} INFO - [2026-06-14T17:15:37.167-0700] {dagbag.py:545} INFO - Filling up the DagBag from /Users/fatimanaqib/Documents/job-market-tracker/.venv/lib/python3.11/site-packages/airflow/example_dags/example_branch_python_dop_operator_3.py
[2026-06-14T17:15:37.181-0700] {processor.py:840} INFO - DAG(s) 'example_branch_dop_operator_v3' retrieved from /Users/fatimanaqib/Documents/job-market-tracker/.venv/lib/python3.11/site-packages/airflow/example_dags/example_branch_python_dop_operator_3.py
[2026-06-14T17:15:37.211-0700] {logging_mixin.py:188} INFO - [2026-06-14T17:15:37.211-0700] {dag.py:3089} INFO - Sync 1 DAGs
[2026-06-14T17:15:37.217-0700] {logging_mixin.py:188} INFO - [2026-06-14T17:15:37.217-0700] {dag.py:3947} INFO - Setting next_dagrun for example_branch_dop_operator_v3 to 2026-06-15 00:14:00+00:00, run_after=2026-06-15 00:15:00+00:00
[2026-06-14T17:15:37.224-0700] {processor.py:183} INFO - Processing /Users/fatimanaqib/Documents/job-market-tracker/.venv/lib/python3.11/site-packages/airflow/example_dags/example_branch_python_dop_operator_3.py took 0.059 seconds
[2026-06-14T17:17:41.742-0700] {processor.py:161} INFO - Started process (PID=50681) to work on /Users/fatimanaqib/Documents/job-market-tracker/.venv/lib/python3.11/site-packages/airflow/example_dags/example_branch_python_dop_operator_3.py
[2026-06-14T17:17:41.743-0700] {processor.py:830} INFO - Processing file /Users/fatimanaqib/Documents/job-market-tracker/.venv/lib/python3.11/site-packages/airflow/example_dags/example_branch_python_dop_operator_3.py for tasks to queue
[2026-06-14T17:17:41.743-0700] {logging_mixin.py:188} INFO - [2026-06-14T17:17:41.743-0700] {dagbag.py:545} INFO - Filling up the DagBag from /Users/fatimanaqib/Documents/job-market-tracker/.venv/lib/python3.11/site-packages/airflow/example_dags/example_branch_python_dop_operator_3.py
[2026-06-14T17:17:41.759-0700] {processor.py:840} INFO - DAG(s) 'example_branch_dop_operator_v3' retrieved from /Users/fatimanaqib/Documents/job-market-tracker/.venv/lib/python3.11/site-packages/airflow/example_dags/example_branch_python_dop_operator_3.py
[2026-06-14T17:17:41.790-0700] {logging_mixin.py:188} INFO - [2026-06-14T17:17:41.789-0700] {dag.py:3089} INFO - Sync 1 DAGs
[2026-06-14T17:17:41.796-0700] {logging_mixin.py:188} INFO - [2026-06-14T17:17:41.796-0700] {dag.py:3947} INFO - Setting next_dagrun for example_branch_dop_operator_v3 to 2026-06-15 00:16:00+00:00, run_after=2026-06-15 00:17:00+00:00
[2026-06-14T17:17:41.804-0700] {processor.py:183} INFO - Processing /Users/fatimanaqib/Documents/job-market-tracker/.venv/lib/python3.11/site-packages/airflow/example_dags/example_branch_python_dop_operator_3.py took 0.063 seconds
[2026-06-14T17:19:33.930-0700] {processor.py:161} INFO - Started process (PID=51389) to work on /Users/fatimanaqib/Documents/job-market-tracker/.venv/lib/python3.11/site-packages/airflow/example_dags/example_branch_python_dop_operator_3.py
[2026-06-14T17:19:33.931-0700] {processor.py:830} INFO - Processing file /Users/fatimanaqib/Documents/job-market-tracker/.venv/lib/python3.11/site-packages/airflow/example_dags/example_branch_python_dop_operator_3.py for tasks to queue
[2026-06-14T17:19:33.931-0700] {logging_mixin.py:188} INFO - [2026-06-14T17:19:33.931-0700] {dagbag.py:545} INFO - Filling up the DagBag from /Users/fatimanaqib/Documents/job-market-tracker/.venv/lib/python3.11/site-packages/airflow/example_dags/example_branch_python_dop_operator_3.py
[2026-06-14T17:19:33.944-0700] {processor.py:840} INFO - DAG(s) 'example_branch_dop_operator_v3' retrieved from /Users/fatimanaqib/Documents/job-market-tracker/.venv/lib/python3.11/site-packages/airflow/example_dags/example_branch_python_dop_operator_3.py
[2026-06-14T17:19:33.974-0700] {logging_mixin.py:188} INFO - [2026-06-14T17:19:33.974-0700] {dag.py:3089} INFO - Sync 1 DAGs
[2026-06-14T17:19:33.980-0700] {logging_mixin.py:188} INFO - [2026-06-14T17:19:33.980-0700] {dag.py:3947} INFO - Setting next_dagrun for example_branch_dop_operator_v3 to 2026-06-15 00:18:00+00:00, run_after=2026-06-15 00:19:00+00:00
[2026-06-14T17:19:33.987-0700] {processor.py:183} INFO - Processing /Users/fatimanaqib/Documents/job-market-tracker/.venv/lib/python3.11/site-packages/airflow/example_dags/example_branch_python_dop_operator_3.py took 0.058 seconds
