[2026-06-14T17:12:01.470-0700] {processor.py:161} INFO - Started process (PID=49297) to work on /Users/fatimanaqib/Documents/job-market-tracker/.venv/lib/python3.11/site-packages/airflow/example_dags/example_short_circuit_decorator.py
[2026-06-14T17:12:01.472-0700] {processor.py:830} INFO - Processing file /Users/fatimanaqib/Documents/job-market-tracker/.venv/lib/python3.11/site-packages/airflow/example_dags/example_short_circuit_decorator.py for tasks to queue
[2026-06-14T17:12:01.472-0700] {logging_mixin.py:188} INFO - [2026-06-14T17:12:01.472-0700] {dagbag.py:545} INFO - Filling up the DagBag from /Users/fatimanaqib/Documents/job-market-tracker/.venv/lib/python3.11/site-packages/airflow/example_dags/example_short_circuit_decorator.py
[2026-06-14T17:12:01.496-0700] {processor.py:840} INFO - DAG(s) 'example_short_circuit_decorator' retrieved from /Users/fatimanaqib/Documents/job-market-tracker/.venv/lib/python3.11/site-packages/airflow/example_dags/example_short_circuit_decorator.py
[2026-06-14T17:12:01.598-0700] {logging_mixin.py:188} INFO - [2026-06-14T17:12:01.598-0700] {override.py:1858} INFO - Created Permission View: can edit on DAG:example_short_circuit_decorator
[2026-06-14T17:12:01.601-0700] {logging_mixin.py:188} INFO - [2026-06-14T17:12:01.601-0700] {override.py:1858} INFO - Created Permission View: can delete on DAG:example_short_circuit_decorator
[2026-06-14T17:12:01.603-0700] {logging_mixin.py:188} INFO - [2026-06-14T17:12:01.603-0700] {override.py:1858} INFO - Created Permission View: can read on DAG:example_short_circuit_decorator
[2026-06-14T17:12:01.603-0700] {logging_mixin.py:188} INFO - [2026-06-14T17:12:01.603-0700] {dag.py:3089} INFO - Sync 1 DAGs
[2026-06-14T17:12:01.606-0700] {logging_mixin.py:188} INFO - [2026-06-14T17:12:01.606-0700] {dag.py:3111} INFO - Creating ORM DAG for example_short_circuit_decorator
[2026-06-14T17:12:01.609-0700] {logging_mixin.py:188} INFO - [2026-06-14T17:12:01.609-0700] {dag.py:3947} INFO - Setting next_dagrun for example_short_circuit_decorator to 2026-06-14 00:00:00+00:00, run_after=2026-06-15 00:00:00+00:00
[2026-06-14T17:12:01.615-0700] {processor.py:183} INFO - Processing /Users/fatimanaqib/Documents/job-market-tracker/.venv/lib/python3.11/site-packages/airflow/example_dags/example_short_circuit_decorator.py took 0.147 seconds
[2026-06-14T17:13:27.350-0700] {processor.py:161} INFO - Started process (PID=49458) to work on /Users/fatimanaqib/Documents/job-market-tracker/.venv/lib/python3.11/site-packages/airflow/example_dags/example_short_circuit_decorator.py
[2026-06-14T17:13:27.351-0700] {processor.py:830} INFO - Processing file /Users/fatimanaqib/Documents/job-market-tracker/.venv/lib/python3.11/site-packages/airflow/example_dags/example_short_circuit_decorator.py for tasks to queue
[2026-06-14T17:13:27.351-0700] {logging_mixin.py:188} INFO - [2026-06-14T17:13:27.351-0700] {dagbag.py:545} INFO - Filling up the DagBag from /Users/fatimanaqib/Documents/job-market-tracker/.venv/lib/python3.11/site-packages/airflow/example_dags/example_short_circuit_decorator.py
[2026-06-14T17:13:27.365-0700] {processor.py:840} INFO - DAG(s) 'example_short_circuit_decorator' retrieved from /Users/fatimanaqib/Documents/job-market-tracker/.venv/lib/python3.11/site-packages/airflow/example_dags/example_short_circuit_decorator.py
[2026-06-14T17:13:27.396-0700] {logging_mixin.py:188} INFO - [2026-06-14T17:13:27.396-0700] {dag.py:3089} INFO - Sync 1 DAGs
[2026-06-14T17:13:27.402-0700] {logging_mixin.py:188} INFO - [2026-06-14T17:13:27.401-0700] {dag.py:3947} INFO - Setting next_dagrun for example_short_circuit_decorator to 2026-06-14 00:00:00+00:00, run_after=2026-06-15 00:00:00+00:00
[2026-06-14T17:13:27.409-0700] {processor.py:183} INFO - Processing /Users/fatimanaqib/Documents/job-market-tracker/.venv/lib/python3.11/site-packages/airflow/example_dags/example_short_circuit_decorator.py took 0.060 seconds
[2026-06-14T17:14:58.271-0700] {processor.py:161} INFO - Started process (PID=50233) to work on /Users/fatimanaqib/Documents/job-market-tracker/.venv/lib/python3.11/site-packages/airflow/example_dags/example_short_circuit_decorator.py
[2026-06-14T17:14:58.271-0700] {processor.py:830} INFO - Processing file /Users/fatimanaqib/Documents/job-market-tracker/.venv/lib/python3.11/site-packages/airflow/example_dags/example_short_circuit_decorator.py for tasks to queue
[2026-06-14T17:14:58.272-0700] {logging_mixin.py:188} INFO - [2026-06-14T17:14:58.272-0700] {dagbag.py:545} INFO - Filling up the DagBag from /Users/fatimanaqib/Documents/job-market-tracker/.venv/lib/python3.11/site-packages/airflow/example_dags/example_short_circuit_decorator.py
[2026-06-14T17:14:58.286-0700] {processor.py:840} INFO - DAG(s) 'example_short_circuit_decorator' retrieved from /Users/fatimanaqib/Documents/job-market-tracker/.venv/lib/python3.11/site-packages/airflow/example_dags/example_short_circuit_decorator.py
[2026-06-14T17:14:58.317-0700] {logging_mixin.py:188} INFO - [2026-06-14T17:14:58.317-0700] {dag.py:3089} INFO - Sync 1 DAGs
[2026-06-14T17:14:58.323-0700] {logging_mixin.py:188} INFO - [2026-06-14T17:14:58.323-0700] {dag.py:3947} INFO - Setting next_dagrun for example_short_circuit_decorator to 2026-06-14 00:00:00+00:00, run_after=2026-06-15 00:00:00+00:00
[2026-06-14T17:14:58.330-0700] {processor.py:183} INFO - Processing /Users/fatimanaqib/Documents/job-market-tracker/.venv/lib/python3.11/site-packages/airflow/example_dags/example_short_circuit_decorator.py took 0.060 seconds
[2026-06-14T17:16:30.670-0700] {processor.py:161} INFO - Started process (PID=50485) to work on /Users/fatimanaqib/Documents/job-market-tracker/.venv/lib/python3.11/site-packages/airflow/example_dags/example_short_circuit_decorator.py
[2026-06-14T17:16:30.671-0700] {processor.py:830} INFO - Processing file /Users/fatimanaqib/Documents/job-market-tracker/.venv/lib/python3.11/site-packages/airflow/example_dags/example_short_circuit_decorator.py for tasks to queue
[2026-06-14T17:16:30.671-0700] {logging_mixin.py:188} INFO - [2026-06-14T17:16:30.671-0700] {dagbag.py:545} INFO - Filling up the DagBag from /Users/fatimanaqib/Documents/job-market-tracker/.venv/lib/python3.11/site-packages/airflow/example_dags/example_short_circuit_decorator.py
[2026-06-14T17:16:30.689-0700] {processor.py:840} INFO - DAG(s) 'example_short_circuit_decorator' retrieved from /Users/fatimanaqib/Documents/job-market-tracker/.venv/lib/python3.11/site-packages/airflow/example_dags/example_short_circuit_decorator.py
[2026-06-14T17:16:30.719-0700] {logging_mixin.py:188} INFO - [2026-06-14T17:16:30.719-0700] {dag.py:3089} INFO - Sync 1 DAGs
[2026-06-14T17:16:30.724-0700] {logging_mixin.py:188} INFO - [2026-06-14T17:16:30.724-0700] {dag.py:3947} INFO - Setting next_dagrun for example_short_circuit_decorator to 2026-06-14 00:00:00+00:00, run_after=2026-06-15 00:00:00+00:00
[2026-06-14T17:16:30.731-0700] {processor.py:183} INFO - Processing /Users/fatimanaqib/Documents/job-market-tracker/.venv/lib/python3.11/site-packages/airflow/example_dags/example_short_circuit_decorator.py took 0.062 seconds
[2026-06-14T17:18:33.689-0700] {processor.py:161} INFO - Started process (PID=50791) to work on /Users/fatimanaqib/Documents/job-market-tracker/.venv/lib/python3.11/site-packages/airflow/example_dags/example_short_circuit_decorator.py
[2026-06-14T17:18:33.690-0700] {processor.py:830} INFO - Processing file /Users/fatimanaqib/Documents/job-market-tracker/.venv/lib/python3.11/site-packages/airflow/example_dags/example_short_circuit_decorator.py for tasks to queue
[2026-06-14T17:18:33.690-0700] {logging_mixin.py:188} INFO - [2026-06-14T17:18:33.690-0700] {dagbag.py:545} INFO - Filling up the DagBag from /Users/fatimanaqib/Documents/job-market-tracker/.venv/lib/python3.11/site-packages/airflow/example_dags/example_short_circuit_decorator.py
[2026-06-14T17:18:33.704-0700] {processor.py:840} INFO - DAG(s) 'example_short_circuit_decorator' retrieved from /Users/fatimanaqib/Documents/job-market-tracker/.venv/lib/python3.11/site-packages/airflow/example_dags/example_short_circuit_decorator.py
[2026-06-14T17:18:33.734-0700] {logging_mixin.py:188} INFO - [2026-06-14T17:18:33.734-0700] {dag.py:3089} INFO - Sync 1 DAGs
[2026-06-14T17:18:33.739-0700] {logging_mixin.py:188} INFO - [2026-06-14T17:18:33.739-0700] {dag.py:3947} INFO - Setting next_dagrun for example_short_circuit_decorator to 2026-06-14 00:00:00+00:00, run_after=2026-06-15 00:00:00+00:00
[2026-06-14T17:18:33.746-0700] {processor.py:183} INFO - Processing /Users/fatimanaqib/Documents/job-market-tracker/.venv/lib/python3.11/site-packages/airflow/example_dags/example_short_circuit_decorator.py took 0.058 seconds
