[2026-06-14T17:12:25.817-0700] {processor.py:161} INFO - Started process (PID=49387) to work on /Users/fatimanaqib/Documents/job-market-tracker/.venv/lib/python3.11/site-packages/airflow/example_dags/example_kubernetes_executor.py
[2026-06-14T17:12:25.819-0700] {processor.py:830} INFO - Processing file /Users/fatimanaqib/Documents/job-market-tracker/.venv/lib/python3.11/site-packages/airflow/example_dags/example_kubernetes_executor.py for tasks to queue
[2026-06-14T17:12:25.819-0700] {logging_mixin.py:188} INFO - [2026-06-14T17:12:25.819-0700] {dagbag.py:545} INFO - Filling up the DagBag from /Users/fatimanaqib/Documents/job-market-tracker/.venv/lib/python3.11/site-packages/airflow/example_dags/example_kubernetes_executor.py
[2026-06-14T17:12:25.833-0700] {logging_mixin.py:188} INFO - [2026-06-14T17:12:25.833-0700] {example_kubernetes_executor.py:39} WARNING - The example_kubernetes_executor example DAG requires the kubernetes provider. Please install it with: pip install apache-airflow[cncf.kubernetes]
[2026-06-14T17:12:25.833-0700] {processor.py:842} WARNING - No viable dags retrieved from /Users/fatimanaqib/Documents/job-market-tracker/.venv/lib/python3.11/site-packages/airflow/example_dags/example_kubernetes_executor.py
[2026-06-14T17:12:25.861-0700] {processor.py:183} INFO - Processing /Users/fatimanaqib/Documents/job-market-tracker/.venv/lib/python3.11/site-packages/airflow/example_dags/example_kubernetes_executor.py took 0.046 seconds
[2026-06-14T17:15:23.233-0700] {processor.py:161} INFO - Started process (PID=50296) to work on /Users/fatimanaqib/Documents/job-market-tracker/.venv/lib/python3.11/site-packages/airflow/example_dags/example_kubernetes_executor.py
[2026-06-14T17:15:23.234-0700] {processor.py:830} INFO - Processing file /Users/fatimanaqib/Documents/job-market-tracker/.venv/lib/python3.11/site-packages/airflow/example_dags/example_kubernetes_executor.py for tasks to queue
[2026-06-14T17:15:23.234-0700] {logging_mixin.py:188} INFO - [2026-06-14T17:15:23.234-0700] {dagbag.py:545} INFO - Filling up the DagBag from /Users/fatimanaqib/Documents/job-market-tracker/.venv/lib/python3.11/site-packages/airflow/example_dags/example_kubernetes_executor.py
[2026-06-14T17:15:23.246-0700] {logging_mixin.py:188} INFO - [2026-06-14T17:15:23.246-0700] {example_kubernetes_executor.py:39} WARNING - The example_kubernetes_executor example DAG requires the kubernetes provider. Please install it with: pip install apache-airflow[cncf.kubernetes]
[2026-06-14T17:15:23.246-0700] {processor.py:842} WARNING - No viable dags retrieved from /Users/fatimanaqib/Documents/job-market-tracker/.venv/lib/python3.11/site-packages/airflow/example_dags/example_kubernetes_executor.py
[2026-06-14T17:15:23.270-0700] {processor.py:183} INFO - Processing /Users/fatimanaqib/Documents/job-market-tracker/.venv/lib/python3.11/site-packages/airflow/example_dags/example_kubernetes_executor.py took 0.037 seconds
[2026-06-14T17:16:54.735-0700] {processor.py:161} INFO - Started process (PID=50533) to work on /Users/fatimanaqib/Documents/job-market-tracker/.venv/lib/python3.11/site-packages/airflow/example_dags/example_kubernetes_executor.py
[2026-06-14T17:16:54.736-0700] {processor.py:830} INFO - Processing file /Users/fatimanaqib/Documents/job-market-tracker/.venv/lib/python3.11/site-packages/airflow/example_dags/example_kubernetes_executor.py for tasks to queue
[2026-06-14T17:16:54.736-0700] {logging_mixin.py:188} INFO - [2026-06-14T17:16:54.736-0700] {dagbag.py:545} INFO - Filling up the DagBag from /Users/fatimanaqib/Documents/job-market-tracker/.venv/lib/python3.11/site-packages/airflow/example_dags/example_kubernetes_executor.py
[2026-06-14T17:16:54.748-0700] {logging_mixin.py:188} INFO - [2026-06-14T17:16:54.748-0700] {example_kubernetes_executor.py:39} WARNING - The example_kubernetes_executor example DAG requires the kubernetes provider. Please install it with: pip install apache-airflow[cncf.kubernetes]
[2026-06-14T17:16:54.748-0700] {processor.py:842} WARNING - No viable dags retrieved from /Users/fatimanaqib/Documents/job-market-tracker/.venv/lib/python3.11/site-packages/airflow/example_dags/example_kubernetes_executor.py
[2026-06-14T17:16:54.772-0700] {processor.py:183} INFO - Processing /Users/fatimanaqib/Documents/job-market-tracker/.venv/lib/python3.11/site-packages/airflow/example_dags/example_kubernetes_executor.py took 0.038 seconds
[2026-06-14T17:18:55.982-0700] {processor.py:161} INFO - Started process (PID=50833) to work on /Users/fatimanaqib/Documents/job-market-tracker/.venv/lib/python3.11/site-packages/airflow/example_dags/example_kubernetes_executor.py
[2026-06-14T17:18:55.983-0700] {processor.py:830} INFO - Processing file /Users/fatimanaqib/Documents/job-market-tracker/.venv/lib/python3.11/site-packages/airflow/example_dags/example_kubernetes_executor.py for tasks to queue
[2026-06-14T17:18:55.983-0700] {logging_mixin.py:188} INFO - [2026-06-14T17:18:55.983-0700] {dagbag.py:545} INFO - Filling up the DagBag from /Users/fatimanaqib/Documents/job-market-tracker/.venv/lib/python3.11/site-packages/airflow/example_dags/example_kubernetes_executor.py
[2026-06-14T17:18:55.995-0700] {logging_mixin.py:188} INFO - [2026-06-14T17:18:55.995-0700] {example_kubernetes_executor.py:39} WARNING - The example_kubernetes_executor example DAG requires the kubernetes provider. Please install it with: pip install apache-airflow[cncf.kubernetes]
[2026-06-14T17:18:55.996-0700] {processor.py:842} WARNING - No viable dags retrieved from /Users/fatimanaqib/Documents/job-market-tracker/.venv/lib/python3.11/site-packages/airflow/example_dags/example_kubernetes_executor.py
[2026-06-14T17:18:56.020-0700] {processor.py:183} INFO - Processing /Users/fatimanaqib/Documents/job-market-tracker/.venv/lib/python3.11/site-packages/airflow/example_dags/example_kubernetes_executor.py took 0.039 seconds
