[2026-06-14T17:12:00.412-0700] {processor.py:161} INFO - Started process (PID=49204) to work on /Users/fatimanaqib/Documents/job-market-tracker/.venv/lib/python3.11/site-packages/airflow/example_dags/example_short_circuit_operator.py
[2026-06-14T17:12:00.412-0700] {processor.py:830} INFO - Processing file /Users/fatimanaqib/Documents/job-market-tracker/.venv/lib/python3.11/site-packages/airflow/example_dags/example_short_circuit_operator.py for tasks to queue
[2026-06-14T17:12:00.412-0700] {logging_mixin.py:188} INFO - [2026-06-14T17:12:00.412-0700] {dagbag.py:545} INFO - Filling up the DagBag from /Users/fatimanaqib/Documents/job-market-tracker/.venv/lib/python3.11/site-packages/airflow/example_dags/example_short_circuit_operator.py
[2026-06-14T17:12:00.422-0700] {processor.py:840} INFO - DAG(s) 'example_short_circuit_operator' retrieved from /Users/fatimanaqib/Documents/job-market-tracker/.venv/lib/python3.11/site-packages/airflow/example_dags/example_short_circuit_operator.py
[2026-06-14T17:12:00.491-0700] {logging_mixin.py:188} INFO - [2026-06-14T17:12:00.490-0700] {override.py:1858} INFO - Created Permission View: can delete on DAG:example_short_circuit_operator
[2026-06-14T17:12:00.495-0700] {logging_mixin.py:188} INFO - [2026-06-14T17:12:00.494-0700] {override.py:1858} INFO - Created Permission View: can read on DAG:example_short_circuit_operator
[2026-06-14T17:12:00.497-0700] {logging_mixin.py:188} INFO - [2026-06-14T17:12:00.497-0700] {override.py:1858} INFO - Created Permission View: can edit on DAG:example_short_circuit_operator
[2026-06-14T17:12:00.498-0700] {logging_mixin.py:188} INFO - [2026-06-14T17:12:00.498-0700] {dag.py:3089} INFO - Sync 1 DAGs
[2026-06-14T17:12:00.547-0700] {logging_mixin.py:188} INFO - [2026-06-14T17:12:00.547-0700] {dag.py:3111} INFO - Creating ORM DAG for example_short_circuit_operator
[2026-06-14T17:12:00.550-0700] {logging_mixin.py:188} INFO - [2026-06-14T17:12:00.550-0700] {dag.py:3947} INFO - Setting next_dagrun for example_short_circuit_operator to 2026-06-14 00:00:00+00:00, run_after=2026-06-15 00:00:00+00:00
[2026-06-14T17:12:00.557-0700] {processor.py:183} INFO - Processing /Users/fatimanaqib/Documents/job-market-tracker/.venv/lib/python3.11/site-packages/airflow/example_dags/example_short_circuit_operator.py took 0.147 seconds
[2026-06-14T17:13:25.574-0700] {processor.py:161} INFO - Started process (PID=49457) to work on /Users/fatimanaqib/Documents/job-market-tracker/.venv/lib/python3.11/site-packages/airflow/example_dags/example_short_circuit_operator.py
[2026-06-14T17:13:25.575-0700] {processor.py:830} INFO - Processing file /Users/fatimanaqib/Documents/job-market-tracker/.venv/lib/python3.11/site-packages/airflow/example_dags/example_short_circuit_operator.py for tasks to queue
[2026-06-14T17:13:25.575-0700] {logging_mixin.py:188} INFO - [2026-06-14T17:13:25.575-0700] {dagbag.py:545} INFO - Filling up the DagBag from /Users/fatimanaqib/Documents/job-market-tracker/.venv/lib/python3.11/site-packages/airflow/example_dags/example_short_circuit_operator.py
[2026-06-14T17:13:25.585-0700] {processor.py:840} INFO - DAG(s) 'example_short_circuit_operator' retrieved from /Users/fatimanaqib/Documents/job-market-tracker/.venv/lib/python3.11/site-packages/airflow/example_dags/example_short_circuit_operator.py
[2026-06-14T17:13:25.616-0700] {logging_mixin.py:188} INFO - [2026-06-14T17:13:25.616-0700] {dag.py:3089} INFO - Sync 1 DAGs
[2026-06-14T17:13:25.621-0700] {logging_mixin.py:188} INFO - [2026-06-14T17:13:25.621-0700] {dag.py:3947} INFO - Setting next_dagrun for example_short_circuit_operator to 2026-06-14 00:00:00+00:00, run_after=2026-06-15 00:00:00+00:00
[2026-06-14T17:13:25.628-0700] {processor.py:183} INFO - Processing /Users/fatimanaqib/Documents/job-market-tracker/.venv/lib/python3.11/site-packages/airflow/example_dags/example_short_circuit_operator.py took 0.055 seconds
[2026-06-14T17:14:57.152-0700] {processor.py:161} INFO - Started process (PID=50232) to work on /Users/fatimanaqib/Documents/job-market-tracker/.venv/lib/python3.11/site-packages/airflow/example_dags/example_short_circuit_operator.py
[2026-06-14T17:14:57.152-0700] {processor.py:830} INFO - Processing file /Users/fatimanaqib/Documents/job-market-tracker/.venv/lib/python3.11/site-packages/airflow/example_dags/example_short_circuit_operator.py for tasks to queue
[2026-06-14T17:14:57.153-0700] {logging_mixin.py:188} INFO - [2026-06-14T17:14:57.153-0700] {dagbag.py:545} INFO - Filling up the DagBag from /Users/fatimanaqib/Documents/job-market-tracker/.venv/lib/python3.11/site-packages/airflow/example_dags/example_short_circuit_operator.py
[2026-06-14T17:14:57.167-0700] {processor.py:840} INFO - DAG(s) 'example_short_circuit_operator' retrieved from /Users/fatimanaqib/Documents/job-market-tracker/.venv/lib/python3.11/site-packages/airflow/example_dags/example_short_circuit_operator.py
[2026-06-14T17:14:57.207-0700] {logging_mixin.py:188} INFO - [2026-06-14T17:14:57.207-0700] {dag.py:3089} INFO - Sync 1 DAGs
[2026-06-14T17:14:57.212-0700] {logging_mixin.py:188} INFO - [2026-06-14T17:14:57.212-0700] {dag.py:3947} INFO - Setting next_dagrun for example_short_circuit_operator to 2026-06-14 00:00:00+00:00, run_after=2026-06-15 00:00:00+00:00
[2026-06-14T17:14:57.219-0700] {processor.py:183} INFO - Processing /Users/fatimanaqib/Documents/job-market-tracker/.venv/lib/python3.11/site-packages/airflow/example_dags/example_short_circuit_operator.py took 0.068 seconds
[2026-06-14T17:16:28.927-0700] {processor.py:161} INFO - Started process (PID=50484) to work on /Users/fatimanaqib/Documents/job-market-tracker/.venv/lib/python3.11/site-packages/airflow/example_dags/example_short_circuit_operator.py
[2026-06-14T17:16:28.927-0700] {processor.py:830} INFO - Processing file /Users/fatimanaqib/Documents/job-market-tracker/.venv/lib/python3.11/site-packages/airflow/example_dags/example_short_circuit_operator.py for tasks to queue
[2026-06-14T17:16:28.927-0700] {logging_mixin.py:188} INFO - [2026-06-14T17:16:28.927-0700] {dagbag.py:545} INFO - Filling up the DagBag from /Users/fatimanaqib/Documents/job-market-tracker/.venv/lib/python3.11/site-packages/airflow/example_dags/example_short_circuit_operator.py
[2026-06-14T17:16:28.937-0700] {processor.py:840} INFO - DAG(s) 'example_short_circuit_operator' retrieved from /Users/fatimanaqib/Documents/job-market-tracker/.venv/lib/python3.11/site-packages/airflow/example_dags/example_short_circuit_operator.py
[2026-06-14T17:16:28.967-0700] {logging_mixin.py:188} INFO - [2026-06-14T17:16:28.967-0700] {dag.py:3089} INFO - Sync 1 DAGs
[2026-06-14T17:16:28.972-0700] {logging_mixin.py:188} INFO - [2026-06-14T17:16:28.972-0700] {dag.py:3947} INFO - Setting next_dagrun for example_short_circuit_operator to 2026-06-14 00:00:00+00:00, run_after=2026-06-15 00:00:00+00:00
[2026-06-14T17:16:28.978-0700] {processor.py:183} INFO - Processing /Users/fatimanaqib/Documents/job-market-tracker/.venv/lib/python3.11/site-packages/airflow/example_dags/example_short_circuit_operator.py took 0.052 seconds
[2026-06-14T17:18:32.538-0700] {processor.py:161} INFO - Started process (PID=50786) to work on /Users/fatimanaqib/Documents/job-market-tracker/.venv/lib/python3.11/site-packages/airflow/example_dags/example_short_circuit_operator.py
[2026-06-14T17:18:32.539-0700] {processor.py:830} INFO - Processing file /Users/fatimanaqib/Documents/job-market-tracker/.venv/lib/python3.11/site-packages/airflow/example_dags/example_short_circuit_operator.py for tasks to queue
[2026-06-14T17:18:32.539-0700] {logging_mixin.py:188} INFO - [2026-06-14T17:18:32.539-0700] {dagbag.py:545} INFO - Filling up the DagBag from /Users/fatimanaqib/Documents/job-market-tracker/.venv/lib/python3.11/site-packages/airflow/example_dags/example_short_circuit_operator.py
[2026-06-14T17:18:32.550-0700] {processor.py:840} INFO - DAG(s) 'example_short_circuit_operator' retrieved from /Users/fatimanaqib/Documents/job-market-tracker/.venv/lib/python3.11/site-packages/airflow/example_dags/example_short_circuit_operator.py
[2026-06-14T17:18:32.581-0700] {logging_mixin.py:188} INFO - [2026-06-14T17:18:32.581-0700] {dag.py:3089} INFO - Sync 1 DAGs
[2026-06-14T17:18:32.586-0700] {logging_mixin.py:188} INFO - [2026-06-14T17:18:32.586-0700] {dag.py:3947} INFO - Setting next_dagrun for example_short_circuit_operator to 2026-06-14 00:00:00+00:00, run_after=2026-06-15 00:00:00+00:00
[2026-06-14T17:18:32.592-0700] {processor.py:183} INFO - Processing /Users/fatimanaqib/Documents/job-market-tracker/.venv/lib/python3.11/site-packages/airflow/example_dags/example_short_circuit_operator.py took 0.055 seconds
