[2026-06-14T17:12:23.994-0700] {processor.py:161} INFO - Started process (PID=49377) to work on /Users/fatimanaqib/Documents/job-market-tracker/.venv/lib/python3.11/site-packages/airflow/example_dags/example_latest_only.py
[2026-06-14T17:12:23.995-0700] {processor.py:830} INFO - Processing file /Users/fatimanaqib/Documents/job-market-tracker/.venv/lib/python3.11/site-packages/airflow/example_dags/example_latest_only.py for tasks to queue
[2026-06-14T17:12:23.995-0700] {logging_mixin.py:188} INFO - [2026-06-14T17:12:23.995-0700] {dagbag.py:545} INFO - Filling up the DagBag from /Users/fatimanaqib/Documents/job-market-tracker/.venv/lib/python3.11/site-packages/airflow/example_dags/example_latest_only.py
[2026-06-14T17:12:23.998-0700] {processor.py:840} INFO - DAG(s) 'latest_only' retrieved from /Users/fatimanaqib/Documents/job-market-tracker/.venv/lib/python3.11/site-packages/airflow/example_dags/example_latest_only.py
[2026-06-14T17:12:24.059-0700] {logging_mixin.py:188} INFO - [2026-06-14T17:12:24.058-0700] {override.py:1858} INFO - Created Permission View: can edit on DAG:latest_only
[2026-06-14T17:12:24.061-0700] {logging_mixin.py:188} INFO - [2026-06-14T17:12:24.061-0700] {override.py:1858} INFO - Created Permission View: can delete on DAG:latest_only
[2026-06-14T17:12:24.063-0700] {logging_mixin.py:188} INFO - [2026-06-14T17:12:24.063-0700] {override.py:1858} INFO - Created Permission View: can read on DAG:latest_only
[2026-06-14T17:12:24.063-0700] {logging_mixin.py:188} INFO - [2026-06-14T17:12:24.063-0700] {dag.py:3089} INFO - Sync 1 DAGs
[2026-06-14T17:12:24.067-0700] {logging_mixin.py:188} INFO - [2026-06-14T17:12:24.066-0700] {dag.py:3111} INFO - Creating ORM DAG for latest_only
[2026-06-14T17:12:24.069-0700] {logging_mixin.py:188} INFO - [2026-06-14T17:12:24.069-0700] {dag.py:3947} INFO - Setting next_dagrun for latest_only to 2026-06-14 20:00:00+00:00, run_after=2026-06-15 00:00:00+00:00
[2026-06-14T17:12:24.107-0700] {processor.py:183} INFO - Processing /Users/fatimanaqib/Documents/job-market-tracker/.venv/lib/python3.11/site-packages/airflow/example_dags/example_latest_only.py took 0.115 seconds
[2026-06-14T17:13:47.511-0700] {processor.py:161} INFO - Started process (PID=49662) to work on /Users/fatimanaqib/Documents/job-market-tracker/.venv/lib/python3.11/site-packages/airflow/example_dags/example_latest_only.py
[2026-06-14T17:13:47.512-0700] {processor.py:830} INFO - Processing file /Users/fatimanaqib/Documents/job-market-tracker/.venv/lib/python3.11/site-packages/airflow/example_dags/example_latest_only.py for tasks to queue
[2026-06-14T17:13:47.512-0700] {logging_mixin.py:188} INFO - [2026-06-14T17:13:47.512-0700] {dagbag.py:545} INFO - Filling up the DagBag from /Users/fatimanaqib/Documents/job-market-tracker/.venv/lib/python3.11/site-packages/airflow/example_dags/example_latest_only.py
[2026-06-14T17:13:47.517-0700] {processor.py:840} INFO - DAG(s) 'latest_only' retrieved from /Users/fatimanaqib/Documents/job-market-tracker/.venv/lib/python3.11/site-packages/airflow/example_dags/example_latest_only.py
[2026-06-14T17:13:47.553-0700] {logging_mixin.py:188} INFO - [2026-06-14T17:13:47.553-0700] {dag.py:3089} INFO - Sync 1 DAGs
[2026-06-14T17:13:47.559-0700] {logging_mixin.py:188} INFO - [2026-06-14T17:13:47.559-0700] {dag.py:3947} INFO - Setting next_dagrun for latest_only to 2026-06-14 20:00:00+00:00, run_after=2026-06-15 00:00:00+00:00
[2026-06-14T17:13:47.566-0700] {processor.py:183} INFO - Processing /Users/fatimanaqib/Documents/job-market-tracker/.venv/lib/python3.11/site-packages/airflow/example_dags/example_latest_only.py took 0.056 seconds
[2026-06-14T17:15:21.567-0700] {processor.py:161} INFO - Started process (PID=50288) to work on /Users/fatimanaqib/Documents/job-market-tracker/.venv/lib/python3.11/site-packages/airflow/example_dags/example_latest_only.py
[2026-06-14T17:15:21.568-0700] {processor.py:830} INFO - Processing file /Users/fatimanaqib/Documents/job-market-tracker/.venv/lib/python3.11/site-packages/airflow/example_dags/example_latest_only.py for tasks to queue
[2026-06-14T17:15:21.568-0700] {logging_mixin.py:188} INFO - [2026-06-14T17:15:21.568-0700] {dagbag.py:545} INFO - Filling up the DagBag from /Users/fatimanaqib/Documents/job-market-tracker/.venv/lib/python3.11/site-packages/airflow/example_dags/example_latest_only.py
[2026-06-14T17:15:21.571-0700] {processor.py:840} INFO - DAG(s) 'latest_only' retrieved from /Users/fatimanaqib/Documents/job-market-tracker/.venv/lib/python3.11/site-packages/airflow/example_dags/example_latest_only.py
[2026-06-14T17:15:21.601-0700] {logging_mixin.py:188} INFO - [2026-06-14T17:15:21.601-0700] {dag.py:3089} INFO - Sync 1 DAGs
[2026-06-14T17:15:21.607-0700] {logging_mixin.py:188} INFO - [2026-06-14T17:15:21.607-0700] {dag.py:3947} INFO - Setting next_dagrun for latest_only to 2026-06-14 20:00:00+00:00, run_after=2026-06-15 00:00:00+00:00
[2026-06-14T17:15:21.613-0700] {processor.py:183} INFO - Processing /Users/fatimanaqib/Documents/job-market-tracker/.venv/lib/python3.11/site-packages/airflow/example_dags/example_latest_only.py took 0.047 seconds
[2026-06-14T17:16:53.014-0700] {processor.py:161} INFO - Started process (PID=50527) to work on /Users/fatimanaqib/Documents/job-market-tracker/.venv/lib/python3.11/site-packages/airflow/example_dags/example_latest_only.py
[2026-06-14T17:16:53.015-0700] {processor.py:830} INFO - Processing file /Users/fatimanaqib/Documents/job-market-tracker/.venv/lib/python3.11/site-packages/airflow/example_dags/example_latest_only.py for tasks to queue
[2026-06-14T17:16:53.015-0700] {logging_mixin.py:188} INFO - [2026-06-14T17:16:53.015-0700] {dagbag.py:545} INFO - Filling up the DagBag from /Users/fatimanaqib/Documents/job-market-tracker/.venv/lib/python3.11/site-packages/airflow/example_dags/example_latest_only.py
[2026-06-14T17:16:53.018-0700] {processor.py:840} INFO - DAG(s) 'latest_only' retrieved from /Users/fatimanaqib/Documents/job-market-tracker/.venv/lib/python3.11/site-packages/airflow/example_dags/example_latest_only.py
[2026-06-14T17:16:53.047-0700] {logging_mixin.py:188} INFO - [2026-06-14T17:16:53.047-0700] {dag.py:3089} INFO - Sync 1 DAGs
[2026-06-14T17:16:53.052-0700] {logging_mixin.py:188} INFO - [2026-06-14T17:16:53.052-0700] {dag.py:3947} INFO - Setting next_dagrun for latest_only to 2026-06-14 20:00:00+00:00, run_after=2026-06-15 00:00:00+00:00
[2026-06-14T17:16:53.058-0700] {processor.py:183} INFO - Processing /Users/fatimanaqib/Documents/job-market-tracker/.venv/lib/python3.11/site-packages/airflow/example_dags/example_latest_only.py took 0.045 seconds
[2026-06-14T17:18:54.209-0700] {processor.py:161} INFO - Started process (PID=50827) to work on /Users/fatimanaqib/Documents/job-market-tracker/.venv/lib/python3.11/site-packages/airflow/example_dags/example_latest_only.py
[2026-06-14T17:18:54.209-0700] {processor.py:830} INFO - Processing file /Users/fatimanaqib/Documents/job-market-tracker/.venv/lib/python3.11/site-packages/airflow/example_dags/example_latest_only.py for tasks to queue
[2026-06-14T17:18:54.210-0700] {logging_mixin.py:188} INFO - [2026-06-14T17:18:54.210-0700] {dagbag.py:545} INFO - Filling up the DagBag from /Users/fatimanaqib/Documents/job-market-tracker/.venv/lib/python3.11/site-packages/airflow/example_dags/example_latest_only.py
[2026-06-14T17:18:54.213-0700] {processor.py:840} INFO - DAG(s) 'latest_only' retrieved from /Users/fatimanaqib/Documents/job-market-tracker/.venv/lib/python3.11/site-packages/airflow/example_dags/example_latest_only.py
[2026-06-14T17:18:54.244-0700] {logging_mixin.py:188} INFO - [2026-06-14T17:18:54.244-0700] {dag.py:3089} INFO - Sync 1 DAGs
[2026-06-14T17:18:54.250-0700] {logging_mixin.py:188} INFO - [2026-06-14T17:18:54.249-0700] {dag.py:3947} INFO - Setting next_dagrun for latest_only to 2026-06-14 20:00:00+00:00, run_after=2026-06-15 00:00:00+00:00
[2026-06-14T17:18:54.256-0700] {processor.py:183} INFO - Processing /Users/fatimanaqib/Documents/job-market-tracker/.venv/lib/python3.11/site-packages/airflow/example_dags/example_latest_only.py took 0.048 seconds
