[2026-06-14T17:11:57.442-0700] {processor.py:161} INFO - Started process (PID=49181) to work on /Users/fatimanaqib/Documents/job-market-tracker/.venv/lib/python3.11/site-packages/airflow/example_dags/example_sla_dag.py
[2026-06-14T17:11:57.442-0700] {processor.py:830} INFO - Processing file /Users/fatimanaqib/Documents/job-market-tracker/.venv/lib/python3.11/site-packages/airflow/example_dags/example_sla_dag.py for tasks to queue
[2026-06-14T17:11:57.443-0700] {logging_mixin.py:188} INFO - [2026-06-14T17:11:57.443-0700] {dagbag.py:545} INFO - Filling up the DagBag from /Users/fatimanaqib/Documents/job-market-tracker/.venv/lib/python3.11/site-packages/airflow/example_dags/example_sla_dag.py
[2026-06-14T17:11:57.456-0700] {processor.py:840} INFO - DAG(s) 'example_sla_dag' retrieved from /Users/fatimanaqib/Documents/job-market-tracker/.venv/lib/python3.11/site-packages/airflow/example_dags/example_sla_dag.py
[2026-06-14T17:11:57.540-0700] {logging_mixin.py:188} INFO - [2026-06-14T17:11:57.514-0700] {override.py:1858} INFO - Created Permission View: can edit on DAG:example_sla_dag
[2026-06-14T17:11:57.543-0700] {logging_mixin.py:188} INFO - [2026-06-14T17:11:57.543-0700] {override.py:1858} INFO - Created Permission View: can delete on DAG:example_sla_dag
[2026-06-14T17:11:57.545-0700] {logging_mixin.py:188} INFO - [2026-06-14T17:11:57.545-0700] {override.py:1858} INFO - Created Permission View: can read on DAG:example_sla_dag
[2026-06-14T17:11:57.545-0700] {logging_mixin.py:188} INFO - [2026-06-14T17:11:57.545-0700] {dag.py:3089} INFO - Sync 1 DAGs
[2026-06-14T17:11:57.548-0700] {logging_mixin.py:188} INFO - [2026-06-14T17:11:57.548-0700] {dag.py:3111} INFO - Creating ORM DAG for example_sla_dag
[2026-06-14T17:11:57.551-0700] {logging_mixin.py:188} INFO - [2026-06-14T17:11:57.551-0700] {dag.py:3947} INFO - Setting next_dagrun for example_sla_dag to 2026-06-15 00:08:00+00:00, run_after=2026-06-15 00:10:00+00:00
[2026-06-14T17:11:57.557-0700] {processor.py:183} INFO - Processing /Users/fatimanaqib/Documents/job-market-tracker/.venv/lib/python3.11/site-packages/airflow/example_dags/example_sla_dag.py took 0.116 seconds
[2026-06-14T17:13:23.488-0700] {processor.py:161} INFO - Started process (PID=49455) to work on /Users/fatimanaqib/Documents/job-market-tracker/.venv/lib/python3.11/site-packages/airflow/example_dags/example_sla_dag.py
[2026-06-14T17:13:23.488-0700] {processor.py:830} INFO - Processing file /Users/fatimanaqib/Documents/job-market-tracker/.venv/lib/python3.11/site-packages/airflow/example_dags/example_sla_dag.py for tasks to queue
[2026-06-14T17:13:23.488-0700] {logging_mixin.py:188} INFO - [2026-06-14T17:13:23.488-0700] {dagbag.py:545} INFO - Filling up the DagBag from /Users/fatimanaqib/Documents/job-market-tracker/.venv/lib/python3.11/site-packages/airflow/example_dags/example_sla_dag.py
[2026-06-14T17:13:23.506-0700] {processor.py:840} INFO - DAG(s) 'example_sla_dag' retrieved from /Users/fatimanaqib/Documents/job-market-tracker/.venv/lib/python3.11/site-packages/airflow/example_dags/example_sla_dag.py
[2026-06-14T17:13:23.544-0700] {logging_mixin.py:188} INFO - [2026-06-14T17:13:23.543-0700] {dag.py:3089} INFO - Sync 1 DAGs
[2026-06-14T17:13:23.552-0700] {logging_mixin.py:188} INFO - [2026-06-14T17:13:23.552-0700] {dag.py:3947} INFO - Setting next_dagrun for example_sla_dag to 2026-06-15 00:10:00+00:00, run_after=2026-06-15 00:12:00+00:00
[2026-06-14T17:13:23.563-0700] {processor.py:183} INFO - Processing /Users/fatimanaqib/Documents/job-market-tracker/.venv/lib/python3.11/site-packages/airflow/example_dags/example_sla_dag.py took 0.077 seconds
[2026-06-14T17:14:54.251-0700] {processor.py:161} INFO - Started process (PID=50225) to work on /Users/fatimanaqib/Documents/job-market-tracker/.venv/lib/python3.11/site-packages/airflow/example_dags/example_sla_dag.py
[2026-06-14T17:14:54.252-0700] {processor.py:830} INFO - Processing file /Users/fatimanaqib/Documents/job-market-tracker/.venv/lib/python3.11/site-packages/airflow/example_dags/example_sla_dag.py for tasks to queue
[2026-06-14T17:14:54.252-0700] {logging_mixin.py:188} INFO - [2026-06-14T17:14:54.252-0700] {dagbag.py:545} INFO - Filling up the DagBag from /Users/fatimanaqib/Documents/job-market-tracker/.venv/lib/python3.11/site-packages/airflow/example_dags/example_sla_dag.py
[2026-06-14T17:14:54.265-0700] {processor.py:840} INFO - DAG(s) 'example_sla_dag' retrieved from /Users/fatimanaqib/Documents/job-market-tracker/.venv/lib/python3.11/site-packages/airflow/example_dags/example_sla_dag.py
[2026-06-14T17:14:54.296-0700] {logging_mixin.py:188} INFO - [2026-06-14T17:14:54.295-0700] {dag.py:3089} INFO - Sync 1 DAGs
[2026-06-14T17:14:54.302-0700] {logging_mixin.py:188} INFO - [2026-06-14T17:14:54.302-0700] {dag.py:3947} INFO - Setting next_dagrun for example_sla_dag to 2026-06-15 00:12:00+00:00, run_after=2026-06-15 00:14:00+00:00
[2026-06-14T17:14:54.309-0700] {processor.py:183} INFO - Processing /Users/fatimanaqib/Documents/job-market-tracker/.venv/lib/python3.11/site-packages/airflow/example_dags/example_sla_dag.py took 0.058 seconds
[2026-06-14T17:16:25.527-0700] {processor.py:161} INFO - Started process (PID=50478) to work on /Users/fatimanaqib/Documents/job-market-tracker/.venv/lib/python3.11/site-packages/airflow/example_dags/example_sla_dag.py
[2026-06-14T17:16:25.528-0700] {processor.py:830} INFO - Processing file /Users/fatimanaqib/Documents/job-market-tracker/.venv/lib/python3.11/site-packages/airflow/example_dags/example_sla_dag.py for tasks to queue
[2026-06-14T17:16:25.528-0700] {logging_mixin.py:188} INFO - [2026-06-14T17:16:25.528-0700] {dagbag.py:545} INFO - Filling up the DagBag from /Users/fatimanaqib/Documents/job-market-tracker/.venv/lib/python3.11/site-packages/airflow/example_dags/example_sla_dag.py
[2026-06-14T17:16:25.542-0700] {processor.py:840} INFO - DAG(s) 'example_sla_dag' retrieved from /Users/fatimanaqib/Documents/job-market-tracker/.venv/lib/python3.11/site-packages/airflow/example_dags/example_sla_dag.py
[2026-06-14T17:16:25.571-0700] {logging_mixin.py:188} INFO - [2026-06-14T17:16:25.570-0700] {dag.py:3089} INFO - Sync 1 DAGs
[2026-06-14T17:16:25.576-0700] {logging_mixin.py:188} INFO - [2026-06-14T17:16:25.576-0700] {dag.py:3947} INFO - Setting next_dagrun for example_sla_dag to 2026-06-15 00:14:00+00:00, run_after=2026-06-15 00:16:00+00:00
[2026-06-14T17:16:25.583-0700] {processor.py:183} INFO - Processing /Users/fatimanaqib/Documents/job-market-tracker/.venv/lib/python3.11/site-packages/airflow/example_dags/example_sla_dag.py took 0.058 seconds
[2026-06-14T17:17:27.613-0700] {processor.py:161} INFO - Started process (PID=50631) to work on /Users/fatimanaqib/Documents/job-market-tracker/.venv/lib/python3.11/site-packages/airflow/example_dags/example_sla_dag.py
[2026-06-14T17:17:27.614-0700] {processor.py:830} INFO - Processing file /Users/fatimanaqib/Documents/job-market-tracker/.venv/lib/python3.11/site-packages/airflow/example_dags/example_sla_dag.py for tasks to queue
[2026-06-14T17:17:27.615-0700] {logging_mixin.py:188} INFO - [2026-06-14T17:17:27.614-0700] {dagbag.py:545} INFO - Filling up the DagBag from /Users/fatimanaqib/Documents/job-market-tracker/.venv/lib/python3.11/site-packages/airflow/example_dags/example_sla_dag.py
[2026-06-14T17:17:27.630-0700] {processor.py:840} INFO - DAG(s) 'example_sla_dag' retrieved from /Users/fatimanaqib/Documents/job-market-tracker/.venv/lib/python3.11/site-packages/airflow/example_dags/example_sla_dag.py
[2026-06-14T17:17:27.661-0700] {logging_mixin.py:188} INFO - [2026-06-14T17:17:27.661-0700] {dag.py:3089} INFO - Sync 1 DAGs
[2026-06-14T17:17:27.667-0700] {logging_mixin.py:188} INFO - [2026-06-14T17:17:27.667-0700] {dag.py:3947} INFO - Setting next_dagrun for example_sla_dag to 2026-06-15 00:14:00+00:00, run_after=2026-06-15 00:16:00+00:00
[2026-06-14T17:17:27.674-0700] {processor.py:183} INFO - Processing /Users/fatimanaqib/Documents/job-market-tracker/.venv/lib/python3.11/site-packages/airflow/example_dags/example_sla_dag.py took 0.061 seconds
[2026-06-14T17:18:28.942-0700] {processor.py:161} INFO - Started process (PID=50778) to work on /Users/fatimanaqib/Documents/job-market-tracker/.venv/lib/python3.11/site-packages/airflow/example_dags/example_sla_dag.py
[2026-06-14T17:18:28.942-0700] {processor.py:830} INFO - Processing file /Users/fatimanaqib/Documents/job-market-tracker/.venv/lib/python3.11/site-packages/airflow/example_dags/example_sla_dag.py for tasks to queue
[2026-06-14T17:18:28.943-0700] {logging_mixin.py:188} INFO - [2026-06-14T17:18:28.942-0700] {dagbag.py:545} INFO - Filling up the DagBag from /Users/fatimanaqib/Documents/job-market-tracker/.venv/lib/python3.11/site-packages/airflow/example_dags/example_sla_dag.py
[2026-06-14T17:18:28.962-0700] {processor.py:840} INFO - DAG(s) 'example_sla_dag' retrieved from /Users/fatimanaqib/Documents/job-market-tracker/.venv/lib/python3.11/site-packages/airflow/example_dags/example_sla_dag.py
[2026-06-14T17:18:29.035-0700] {logging_mixin.py:188} INFO - [2026-06-14T17:18:29.033-0700] {dag.py:3089} INFO - Sync 1 DAGs
[2026-06-14T17:18:29.048-0700] {logging_mixin.py:188} INFO - [2026-06-14T17:18:29.048-0700] {dag.py:3947} INFO - Setting next_dagrun for example_sla_dag to 2026-06-15 00:16:00+00:00, run_after=2026-06-15 00:18:00+00:00
[2026-06-14T17:18:29.055-0700] {processor.py:183} INFO - Processing /Users/fatimanaqib/Documents/job-market-tracker/.venv/lib/python3.11/site-packages/airflow/example_dags/example_sla_dag.py took 0.115 seconds
