[2026-06-14T17:12:33.460-0700] {processor.py:161} INFO - Started process (PID=49401) to work on /Users/fatimanaqib/Documents/job-market-tracker/.venv/lib/python3.11/site-packages/airflow/example_dags/example_datasets.py
[2026-06-14T17:12:33.461-0700] {processor.py:830} INFO - Processing file /Users/fatimanaqib/Documents/job-market-tracker/.venv/lib/python3.11/site-packages/airflow/example_dags/example_datasets.py for tasks to queue
[2026-06-14T17:12:33.462-0700] {logging_mixin.py:188} INFO - [2026-06-14T17:12:33.461-0700] {dagbag.py:545} INFO - Filling up the DagBag from /Users/fatimanaqib/Documents/job-market-tracker/.venv/lib/python3.11/site-packages/airflow/example_dags/example_datasets.py
[2026-06-14T17:12:33.484-0700] {processor.py:840} INFO - DAG(s) 'dataset_consumes_1_never_scheduled', 'consume_1_and_2_with_dataset_expressions', 'dataset_consumes_unknown_never_scheduled', 'dataset_produces_2', 'conditional_dataset_and_time_based_timetable', 'consume_1_or_both_2_and_3_with_dataset_expressions', 'dataset_consumes_1_and_2', 'dataset_consumes_1', 'consume_1_or_2_with_dataset_expressions', 'dataset_produces_1' retrieved from /Users/fatimanaqib/Documents/job-market-tracker/.venv/lib/python3.11/site-packages/airflow/example_dags/example_datasets.py
[2026-06-14T17:12:33.553-0700] {logging_mixin.py:188} INFO - [2026-06-14T17:12:33.552-0700] {override.py:1858} INFO - Created Permission View: can delete on DAG:dataset_consumes_1_never_scheduled
[2026-06-14T17:12:33.556-0700] {logging_mixin.py:188} INFO - [2026-06-14T17:12:33.555-0700] {override.py:1858} INFO - Created Permission View: can edit on DAG:dataset_consumes_1_never_scheduled
[2026-06-14T17:12:33.557-0700] {logging_mixin.py:188} INFO - [2026-06-14T17:12:33.557-0700] {override.py:1858} INFO - Created Permission View: can read on DAG:dataset_consumes_1_never_scheduled
[2026-06-14T17:12:33.561-0700] {logging_mixin.py:188} INFO - [2026-06-14T17:12:33.561-0700] {override.py:1858} INFO - Created Permission View: can delete on DAG:consume_1_and_2_with_dataset_expressions
[2026-06-14T17:12:33.563-0700] {logging_mixin.py:188} INFO - [2026-06-14T17:12:33.563-0700] {override.py:1858} INFO - Created Permission View: can edit on DAG:consume_1_and_2_with_dataset_expressions
[2026-06-14T17:12:33.565-0700] {logging_mixin.py:188} INFO - [2026-06-14T17:12:33.565-0700] {override.py:1858} INFO - Created Permission View: can read on DAG:consume_1_and_2_with_dataset_expressions
[2026-06-14T17:12:33.568-0700] {logging_mixin.py:188} INFO - [2026-06-14T17:12:33.568-0700] {override.py:1858} INFO - Created Permission View: can delete on DAG:dataset_consumes_unknown_never_scheduled
[2026-06-14T17:12:33.570-0700] {logging_mixin.py:188} INFO - [2026-06-14T17:12:33.570-0700] {override.py:1858} INFO - Created Permission View: can edit on DAG:dataset_consumes_unknown_never_scheduled
[2026-06-14T17:12:33.572-0700] {logging_mixin.py:188} INFO - [2026-06-14T17:12:33.572-0700] {override.py:1858} INFO - Created Permission View: can read on DAG:dataset_consumes_unknown_never_scheduled
[2026-06-14T17:12:33.575-0700] {logging_mixin.py:188} INFO - [2026-06-14T17:12:33.575-0700] {override.py:1858} INFO - Created Permission View: can delete on DAG:dataset_produces_2
[2026-06-14T17:12:33.577-0700] {logging_mixin.py:188} INFO - [2026-06-14T17:12:33.577-0700] {override.py:1858} INFO - Created Permission View: can edit on DAG:dataset_produces_2
[2026-06-14T17:12:33.579-0700] {logging_mixin.py:188} INFO - [2026-06-14T17:12:33.578-0700] {override.py:1858} INFO - Created Permission View: can read on DAG:dataset_produces_2
[2026-06-14T17:12:33.582-0700] {logging_mixin.py:188} INFO - [2026-06-14T17:12:33.582-0700] {override.py:1858} INFO - Created Permission View: can delete on DAG:conditional_dataset_and_time_based_timetable
[2026-06-14T17:12:33.583-0700] {logging_mixin.py:188} INFO - [2026-06-14T17:12:33.583-0700] {override.py:1858} INFO - Created Permission View: can edit on DAG:conditional_dataset_and_time_based_timetable
[2026-06-14T17:12:33.585-0700] {logging_mixin.py:188} INFO - [2026-06-14T17:12:33.585-0700] {override.py:1858} INFO - Created Permission View: can read on DAG:conditional_dataset_and_time_based_timetable
[2026-06-14T17:12:33.589-0700] {logging_mixin.py:188} INFO - [2026-06-14T17:12:33.589-0700] {override.py:1858} INFO - Created Permission View: can delete on DAG:consume_1_or_both_2_and_3_with_dataset_expressions
[2026-06-14T17:12:33.590-0700] {logging_mixin.py:188} INFO - [2026-06-14T17:12:33.590-0700] {override.py:1858} INFO - Created Permission View: can edit on DAG:consume_1_or_both_2_and_3_with_dataset_expressions
[2026-06-14T17:12:33.592-0700] {logging_mixin.py:188} INFO - [2026-06-14T17:12:33.592-0700] {override.py:1858} INFO - Created Permission View: can read on DAG:consume_1_or_both_2_and_3_with_dataset_expressions
[2026-06-14T17:12:33.595-0700] {logging_mixin.py:188} INFO - [2026-06-14T17:12:33.595-0700] {override.py:1858} INFO - Created Permission View: can delete on DAG:dataset_consumes_1_and_2
[2026-06-14T17:12:33.596-0700] {logging_mixin.py:188} INFO - [2026-06-14T17:12:33.596-0700] {override.py:1858} INFO - Created Permission View: can edit on DAG:dataset_consumes_1_and_2
[2026-06-14T17:12:33.598-0700] {logging_mixin.py:188} INFO - [2026-06-14T17:12:33.598-0700] {override.py:1858} INFO - Created Permission View: can read on DAG:dataset_consumes_1_and_2
[2026-06-14T17:12:33.602-0700] {logging_mixin.py:188} INFO - [2026-06-14T17:12:33.601-0700] {override.py:1858} INFO - Created Permission View: can delete on DAG:dataset_consumes_1
[2026-06-14T17:12:33.603-0700] {logging_mixin.py:188} INFO - [2026-06-14T17:12:33.603-0700] {override.py:1858} INFO - Created Permission View: can edit on DAG:dataset_consumes_1
[2026-06-14T17:12:33.604-0700] {logging_mixin.py:188} INFO - [2026-06-14T17:12:33.604-0700] {override.py:1858} INFO - Created Permission View: can read on DAG:dataset_consumes_1
[2026-06-14T17:12:33.608-0700] {logging_mixin.py:188} INFO - [2026-06-14T17:12:33.608-0700] {override.py:1858} INFO - Created Permission View: can delete on DAG:consume_1_or_2_with_dataset_expressions
[2026-06-14T17:12:33.609-0700] {logging_mixin.py:188} INFO - [2026-06-14T17:12:33.609-0700] {override.py:1858} INFO - Created Permission View: can edit on DAG:consume_1_or_2_with_dataset_expressions
[2026-06-14T17:12:33.611-0700] {logging_mixin.py:188} INFO - [2026-06-14T17:12:33.611-0700] {override.py:1858} INFO - Created Permission View: can read on DAG:consume_1_or_2_with_dataset_expressions
[2026-06-14T17:12:33.614-0700] {logging_mixin.py:188} INFO - [2026-06-14T17:12:33.614-0700] {override.py:1858} INFO - Created Permission View: can delete on DAG:dataset_produces_1
[2026-06-14T17:12:33.615-0700] {logging_mixin.py:188} INFO - [2026-06-14T17:12:33.615-0700] {override.py:1858} INFO - Created Permission View: can edit on DAG:dataset_produces_1
[2026-06-14T17:12:33.617-0700] {logging_mixin.py:188} INFO - [2026-06-14T17:12:33.617-0700] {override.py:1858} INFO - Created Permission View: can read on DAG:dataset_produces_1
[2026-06-14T17:12:33.617-0700] {logging_mixin.py:188} INFO - [2026-06-14T17:12:33.617-0700] {dag.py:3089} INFO - Sync 10 DAGs
[2026-06-14T17:12:33.651-0700] {logging_mixin.py:188} INFO - [2026-06-14T17:12:33.651-0700] {dag.py:3111} INFO - Creating ORM DAG for dataset_consumes_1_never_scheduled
[2026-06-14T17:12:33.651-0700] {logging_mixin.py:188} INFO - [2026-06-14T17:12:33.651-0700] {dag.py:3111} INFO - Creating ORM DAG for dataset_consumes_unknown_never_scheduled
[2026-06-14T17:12:33.651-0700] {logging_mixin.py:188} INFO - [2026-06-14T17:12:33.651-0700] {dag.py:3111} INFO - Creating ORM DAG for conditional_dataset_and_time_based_timetable
[2026-06-14T17:12:33.651-0700] {logging_mixin.py:188} INFO - [2026-06-14T17:12:33.651-0700] {dag.py:3111} INFO - Creating ORM DAG for consume_1_or_both_2_and_3_with_dataset_expressions
[2026-06-14T17:12:33.652-0700] {logging_mixin.py:188} INFO - [2026-06-14T17:12:33.652-0700] {dag.py:3111} INFO - Creating ORM DAG for dataset_produces_1
[2026-06-14T17:12:33.652-0700] {logging_mixin.py:188} INFO - [2026-06-14T17:12:33.652-0700] {dag.py:3111} INFO - Creating ORM DAG for dataset_produces_2
[2026-06-14T17:12:33.652-0700] {logging_mixin.py:188} INFO - [2026-06-14T17:12:33.652-0700] {dag.py:3111} INFO - Creating ORM DAG for dataset_consumes_1_and_2
[2026-06-14T17:12:33.652-0700] {logging_mixin.py:188} INFO - [2026-06-14T17:12:33.652-0700] {dag.py:3111} INFO - Creating ORM DAG for dataset_consumes_1
[2026-06-14T17:12:33.652-0700] {logging_mixin.py:188} INFO - [2026-06-14T17:12:33.652-0700] {dag.py:3111} INFO - Creating ORM DAG for consume_1_or_2_with_dataset_expressions
[2026-06-14T17:12:33.652-0700] {logging_mixin.py:188} INFO - [2026-06-14T17:12:33.652-0700] {dag.py:3111} INFO - Creating ORM DAG for consume_1_and_2_with_dataset_expressions
[2026-06-14T17:12:33.655-0700] {logging_mixin.py:188} INFO - [2026-06-14T17:12:33.655-0700] {dag.py:3947} INFO - Setting next_dagrun for conditional_dataset_and_time_based_timetable to 2026-06-10 01:00:00+00:00, run_after=2026-06-10 01:00:00+00:00
[2026-06-14T17:12:33.655-0700] {logging_mixin.py:188} INFO - [2026-06-14T17:12:33.655-0700] {dag.py:3947} INFO - Setting next_dagrun for consume_1_and_2_with_dataset_expressions to None, run_after=None
[2026-06-14T17:12:33.655-0700] {logging_mixin.py:188} INFO - [2026-06-14T17:12:33.655-0700] {dag.py:3947} INFO - Setting next_dagrun for consume_1_or_2_with_dataset_expressions to None, run_after=None
[2026-06-14T17:12:33.656-0700] {logging_mixin.py:188} INFO - [2026-06-14T17:12:33.656-0700] {dag.py:3947} INFO - Setting next_dagrun for consume_1_or_both_2_and_3_with_dataset_expressions to None, run_after=None
[2026-06-14T17:12:33.656-0700] {logging_mixin.py:188} INFO - [2026-06-14T17:12:33.656-0700] {dag.py:3947} INFO - Setting next_dagrun for dataset_consumes_1 to None, run_after=None
[2026-06-14T17:12:33.656-0700] {logging_mixin.py:188} INFO - [2026-06-14T17:12:33.656-0700] {dag.py:3947} INFO - Setting next_dagrun for dataset_consumes_1_and_2 to None, run_after=None
[2026-06-14T17:12:33.656-0700] {logging_mixin.py:188} INFO - [2026-06-14T17:12:33.656-0700] {dag.py:3947} INFO - Setting next_dagrun for dataset_consumes_1_never_scheduled to None, run_after=None
[2026-06-14T17:12:33.656-0700] {logging_mixin.py:188} INFO - [2026-06-14T17:12:33.656-0700] {dag.py:3947} INFO - Setting next_dagrun for dataset_consumes_unknown_never_scheduled to None, run_after=None
[2026-06-14T17:12:33.657-0700] {logging_mixin.py:188} INFO - [2026-06-14T17:12:33.657-0700] {dag.py:3947} INFO - Setting next_dagrun for dataset_produces_1 to 2026-06-14 00:00:00+00:00, run_after=2026-06-15 00:00:00+00:00
[2026-06-14T17:12:33.657-0700] {logging_mixin.py:188} INFO - [2026-06-14T17:12:33.657-0700] {dag.py:3947} INFO - Setting next_dagrun for dataset_produces_2 to None, run_after=None
[2026-06-14T17:12:33.669-0700] {processor.py:183} INFO - Processing /Users/fatimanaqib/Documents/job-market-tracker/.venv/lib/python3.11/site-packages/airflow/example_dags/example_datasets.py took 0.211 seconds
[2026-06-14T17:15:31.879-0700] {processor.py:161} INFO - Started process (PID=50334) to work on /Users/fatimanaqib/Documents/job-market-tracker/.venv/lib/python3.11/site-packages/airflow/example_dags/example_datasets.py
[2026-06-14T17:15:31.880-0700] {processor.py:830} INFO - Processing file /Users/fatimanaqib/Documents/job-market-tracker/.venv/lib/python3.11/site-packages/airflow/example_dags/example_datasets.py for tasks to queue
[2026-06-14T17:15:31.880-0700] {logging_mixin.py:188} INFO - [2026-06-14T17:15:31.880-0700] {dagbag.py:545} INFO - Filling up the DagBag from /Users/fatimanaqib/Documents/job-market-tracker/.venv/lib/python3.11/site-packages/airflow/example_dags/example_datasets.py
[2026-06-14T17:15:31.899-0700] {processor.py:840} INFO - DAG(s) 'consume_1_or_both_2_and_3_with_dataset_expressions', 'conditional_dataset_and_time_based_timetable', 'consume_1_and_2_with_dataset_expressions', 'dataset_consumes_1', 'dataset_consumes_1_and_2', 'consume_1_or_2_with_dataset_expressions', 'dataset_consumes_1_never_scheduled', 'dataset_consumes_unknown_never_scheduled', 'dataset_produces_1', 'dataset_produces_2' retrieved from /Users/fatimanaqib/Documents/job-market-tracker/.venv/lib/python3.11/site-packages/airflow/example_dags/example_datasets.py
[2026-06-14T17:15:31.940-0700] {logging_mixin.py:188} INFO - [2026-06-14T17:15:31.940-0700] {dag.py:3089} INFO - Sync 10 DAGs
[2026-06-14T17:15:31.947-0700] {logging_mixin.py:188} INFO - [2026-06-14T17:15:31.947-0700] {dag.py:3947} INFO - Setting next_dagrun for conditional_dataset_and_time_based_timetable to 2026-06-10 01:00:00+00:00, run_after=2026-06-10 01:00:00+00:00
[2026-06-14T17:15:31.948-0700] {logging_mixin.py:188} INFO - [2026-06-14T17:15:31.948-0700] {dag.py:3947} INFO - Setting next_dagrun for consume_1_and_2_with_dataset_expressions to None, run_after=None
[2026-06-14T17:15:31.948-0700] {logging_mixin.py:188} INFO - [2026-06-14T17:15:31.948-0700] {dag.py:3947} INFO - Setting next_dagrun for consume_1_or_2_with_dataset_expressions to None, run_after=None
[2026-06-14T17:15:31.948-0700] {logging_mixin.py:188} INFO - [2026-06-14T17:15:31.948-0700] {dag.py:3947} INFO - Setting next_dagrun for consume_1_or_both_2_and_3_with_dataset_expressions to None, run_after=None
[2026-06-14T17:15:31.948-0700] {logging_mixin.py:188} INFO - [2026-06-14T17:15:31.948-0700] {dag.py:3947} INFO - Setting next_dagrun for dataset_consumes_1 to None, run_after=None
[2026-06-14T17:15:31.949-0700] {logging_mixin.py:188} INFO - [2026-06-14T17:15:31.949-0700] {dag.py:3947} INFO - Setting next_dagrun for dataset_consumes_1_and_2 to None, run_after=None
[2026-06-14T17:15:31.949-0700] {logging_mixin.py:188} INFO - [2026-06-14T17:15:31.949-0700] {dag.py:3947} INFO - Setting next_dagrun for dataset_consumes_1_never_scheduled to None, run_after=None
[2026-06-14T17:15:31.949-0700] {logging_mixin.py:188} INFO - [2026-06-14T17:15:31.949-0700] {dag.py:3947} INFO - Setting next_dagrun for dataset_consumes_unknown_never_scheduled to None, run_after=None
[2026-06-14T17:15:31.950-0700] {logging_mixin.py:188} INFO - [2026-06-14T17:15:31.950-0700] {dag.py:3947} INFO - Setting next_dagrun for dataset_produces_1 to 2026-06-14 00:00:00+00:00, run_after=2026-06-15 00:00:00+00:00
[2026-06-14T17:15:31.950-0700] {logging_mixin.py:188} INFO - [2026-06-14T17:15:31.950-0700] {dag.py:3947} INFO - Setting next_dagrun for dataset_produces_2 to None, run_after=None
[2026-06-14T17:15:31.958-0700] {processor.py:183} INFO - Processing /Users/fatimanaqib/Documents/job-market-tracker/.venv/lib/python3.11/site-packages/airflow/example_dags/example_datasets.py took 0.080 seconds
[2026-06-14T17:17:36.290-0700] {processor.py:161} INFO - Started process (PID=50672) to work on /Users/fatimanaqib/Documents/job-market-tracker/.venv/lib/python3.11/site-packages/airflow/example_dags/example_datasets.py
[2026-06-14T17:17:36.290-0700] {processor.py:830} INFO - Processing file /Users/fatimanaqib/Documents/job-market-tracker/.venv/lib/python3.11/site-packages/airflow/example_dags/example_datasets.py for tasks to queue
[2026-06-14T17:17:36.291-0700] {logging_mixin.py:188} INFO - [2026-06-14T17:17:36.291-0700] {dagbag.py:545} INFO - Filling up the DagBag from /Users/fatimanaqib/Documents/job-market-tracker/.venv/lib/python3.11/site-packages/airflow/example_dags/example_datasets.py
[2026-06-14T17:17:36.306-0700] {processor.py:840} INFO - DAG(s) 'dataset_produces_2', 'dataset_consumes_unknown_never_scheduled', 'dataset_consumes_1_never_scheduled', 'conditional_dataset_and_time_based_timetable', 'dataset_consumes_1', 'dataset_consumes_1_and_2', 'dataset_produces_1', 'consume_1_or_2_with_dataset_expressions', 'consume_1_or_both_2_and_3_with_dataset_expressions', 'consume_1_and_2_with_dataset_expressions' retrieved from /Users/fatimanaqib/Documents/job-market-tracker/.venv/lib/python3.11/site-packages/airflow/example_dags/example_datasets.py
[2026-06-14T17:17:36.344-0700] {logging_mixin.py:188} INFO - [2026-06-14T17:17:36.344-0700] {dag.py:3089} INFO - Sync 10 DAGs
[2026-06-14T17:17:36.351-0700] {logging_mixin.py:188} INFO - [2026-06-14T17:17:36.351-0700] {dag.py:3947} INFO - Setting next_dagrun for conditional_dataset_and_time_based_timetable to 2026-06-10 01:00:00+00:00, run_after=2026-06-10 01:00:00+00:00
[2026-06-14T17:17:36.352-0700] {logging_mixin.py:188} INFO - [2026-06-14T17:17:36.352-0700] {dag.py:3947} INFO - Setting next_dagrun for consume_1_and_2_with_dataset_expressions to None, run_after=None
[2026-06-14T17:17:36.352-0700] {logging_mixin.py:188} INFO - [2026-06-14T17:17:36.352-0700] {dag.py:3947} INFO - Setting next_dagrun for consume_1_or_2_with_dataset_expressions to None, run_after=None
[2026-06-14T17:17:36.353-0700] {logging_mixin.py:188} INFO - [2026-06-14T17:17:36.353-0700] {dag.py:3947} INFO - Setting next_dagrun for consume_1_or_both_2_and_3_with_dataset_expressions to None, run_after=None
[2026-06-14T17:17:36.353-0700] {logging_mixin.py:188} INFO - [2026-06-14T17:17:36.353-0700] {dag.py:3947} INFO - Setting next_dagrun for dataset_consumes_1 to None, run_after=None
[2026-06-14T17:17:36.353-0700] {logging_mixin.py:188} INFO - [2026-06-14T17:17:36.353-0700] {dag.py:3947} INFO - Setting next_dagrun for dataset_consumes_1_and_2 to None, run_after=None
[2026-06-14T17:17:36.353-0700] {logging_mixin.py:188} INFO - [2026-06-14T17:17:36.353-0700] {dag.py:3947} INFO - Setting next_dagrun for dataset_consumes_1_never_scheduled to None, run_after=None
[2026-06-14T17:17:36.354-0700] {logging_mixin.py:188} INFO - [2026-06-14T17:17:36.354-0700] {dag.py:3947} INFO - Setting next_dagrun for dataset_consumes_unknown_never_scheduled to None, run_after=None
[2026-06-14T17:17:36.354-0700] {logging_mixin.py:188} INFO - [2026-06-14T17:17:36.354-0700] {dag.py:3947} INFO - Setting next_dagrun for dataset_produces_1 to 2026-06-14 00:00:00+00:00, run_after=2026-06-15 00:00:00+00:00
[2026-06-14T17:17:36.354-0700] {logging_mixin.py:188} INFO - [2026-06-14T17:17:36.354-0700] {dag.py:3947} INFO - Setting next_dagrun for dataset_produces_2 to None, run_after=None
[2026-06-14T17:17:36.364-0700] {processor.py:183} INFO - Processing /Users/fatimanaqib/Documents/job-market-tracker/.venv/lib/python3.11/site-packages/airflow/example_dags/example_datasets.py took 0.075 seconds
[2026-06-14T17:19:28.391-0700] {processor.py:161} INFO - Started process (PID=51345) to work on /Users/fatimanaqib/Documents/job-market-tracker/.venv/lib/python3.11/site-packages/airflow/example_dags/example_datasets.py
[2026-06-14T17:19:28.391-0700] {processor.py:830} INFO - Processing file /Users/fatimanaqib/Documents/job-market-tracker/.venv/lib/python3.11/site-packages/airflow/example_dags/example_datasets.py for tasks to queue
[2026-06-14T17:19:28.392-0700] {logging_mixin.py:188} INFO - [2026-06-14T17:19:28.392-0700] {dagbag.py:545} INFO - Filling up the DagBag from /Users/fatimanaqib/Documents/job-market-tracker/.venv/lib/python3.11/site-packages/airflow/example_dags/example_datasets.py
[2026-06-14T17:19:28.413-0700] {processor.py:840} INFO - DAG(s) 'dataset_consumes_1_never_scheduled', 'consume_1_and_2_with_dataset_expressions', 'dataset_consumes_unknown_never_scheduled', 'conditional_dataset_and_time_based_timetable', 'dataset_produces_2', 'dataset_produces_1', 'dataset_consumes_1', 'consume_1_or_2_with_dataset_expressions', 'dataset_consumes_1_and_2', 'consume_1_or_both_2_and_3_with_dataset_expressions' retrieved from /Users/fatimanaqib/Documents/job-market-tracker/.venv/lib/python3.11/site-packages/airflow/example_dags/example_datasets.py
[2026-06-14T17:19:28.450-0700] {logging_mixin.py:188} INFO - [2026-06-14T17:19:28.450-0700] {dag.py:3089} INFO - Sync 10 DAGs
[2026-06-14T17:19:28.456-0700] {logging_mixin.py:188} INFO - [2026-06-14T17:19:28.456-0700] {dag.py:3947} INFO - Setting next_dagrun for conditional_dataset_and_time_based_timetable to 2026-06-10 01:00:00+00:00, run_after=2026-06-10 01:00:00+00:00
[2026-06-14T17:19:28.457-0700] {logging_mixin.py:188} INFO - [2026-06-14T17:19:28.457-0700] {dag.py:3947} INFO - Setting next_dagrun for consume_1_and_2_with_dataset_expressions to None, run_after=None
[2026-06-14T17:19:28.458-0700] {logging_mixin.py:188} INFO - [2026-06-14T17:19:28.458-0700] {dag.py:3947} INFO - Setting next_dagrun for consume_1_or_2_with_dataset_expressions to None, run_after=None
[2026-06-14T17:19:28.458-0700] {logging_mixin.py:188} INFO - [2026-06-14T17:19:28.458-0700] {dag.py:3947} INFO - Setting next_dagrun for consume_1_or_both_2_and_3_with_dataset_expressions to None, run_after=None
[2026-06-14T17:19:28.458-0700] {logging_mixin.py:188} INFO - [2026-06-14T17:19:28.458-0700] {dag.py:3947} INFO - Setting next_dagrun for dataset_consumes_1 to None, run_after=None
[2026-06-14T17:19:28.458-0700] {logging_mixin.py:188} INFO - [2026-06-14T17:19:28.458-0700] {dag.py:3947} INFO - Setting next_dagrun for dataset_consumes_1_and_2 to None, run_after=None
[2026-06-14T17:19:28.459-0700] {logging_mixin.py:188} INFO - [2026-06-14T17:19:28.459-0700] {dag.py:3947} INFO - Setting next_dagrun for dataset_consumes_1_never_scheduled to None, run_after=None
[2026-06-14T17:19:28.459-0700] {logging_mixin.py:188} INFO - [2026-06-14T17:19:28.459-0700] {dag.py:3947} INFO - Setting next_dagrun for dataset_consumes_unknown_never_scheduled to None, run_after=None
[2026-06-14T17:19:28.459-0700] {logging_mixin.py:188} INFO - [2026-06-14T17:19:28.459-0700] {dag.py:3947} INFO - Setting next_dagrun for dataset_produces_1 to 2026-06-14 00:00:00+00:00, run_after=2026-06-15 00:00:00+00:00
[2026-06-14T17:19:28.460-0700] {logging_mixin.py:188} INFO - [2026-06-14T17:19:28.460-0700] {dag.py:3947} INFO - Setting next_dagrun for dataset_produces_2 to None, run_after=None
[2026-06-14T17:19:28.469-0700] {processor.py:183} INFO - Processing /Users/fatimanaqib/Documents/job-market-tracker/.venv/lib/python3.11/site-packages/airflow/example_dags/example_datasets.py took 0.080 seconds
