[2026-06-14T17:12:37.262-0700] {processor.py:161} INFO - Started process (PID=49408) to work on /Users/fatimanaqib/Documents/job-market-tracker/.venv/lib/python3.11/site-packages/airflow/example_dags/example_complex.py
[2026-06-14T17:12:37.262-0700] {processor.py:830} INFO - Processing file /Users/fatimanaqib/Documents/job-market-tracker/.venv/lib/python3.11/site-packages/airflow/example_dags/example_complex.py for tasks to queue
[2026-06-14T17:12:37.262-0700] {logging_mixin.py:188} INFO - [2026-06-14T17:12:37.262-0700] {dagbag.py:545} INFO - Filling up the DagBag from /Users/fatimanaqib/Documents/job-market-tracker/.venv/lib/python3.11/site-packages/airflow/example_dags/example_complex.py
[2026-06-14T17:12:37.268-0700] {processor.py:840} INFO - DAG(s) 'example_complex' retrieved from /Users/fatimanaqib/Documents/job-market-tracker/.venv/lib/python3.11/site-packages/airflow/example_dags/example_complex.py
[2026-06-14T17:12:37.328-0700] {logging_mixin.py:188} INFO - [2026-06-14T17:12:37.328-0700] {override.py:1858} INFO - Created Permission View: can edit on DAG:example_complex
[2026-06-14T17:12:37.330-0700] {logging_mixin.py:188} INFO - [2026-06-14T17:12:37.330-0700] {override.py:1858} INFO - Created Permission View: can read on DAG:example_complex
[2026-06-14T17:12:37.332-0700] {logging_mixin.py:188} INFO - [2026-06-14T17:12:37.332-0700] {override.py:1858} INFO - Created Permission View: can delete on DAG:example_complex
[2026-06-14T17:12:37.332-0700] {logging_mixin.py:188} INFO - [2026-06-14T17:12:37.332-0700] {dag.py:3089} INFO - Sync 1 DAGs
[2026-06-14T17:12:37.335-0700] {logging_mixin.py:188} INFO - [2026-06-14T17:12:37.335-0700] {dag.py:3111} INFO - Creating ORM DAG for example_complex
[2026-06-14T17:12:37.335-0700] {logging_mixin.py:188} INFO - [2026-06-14T17:12:37.335-0700] {dag.py:3947} INFO - Setting next_dagrun for example_complex to None, run_after=None
[2026-06-14T17:12:37.341-0700] {processor.py:183} INFO - Processing /Users/fatimanaqib/Documents/job-market-tracker/.venv/lib/python3.11/site-packages/airflow/example_dags/example_complex.py took 0.081 seconds
[2026-06-14T17:15:35.455-0700] {processor.py:161} INFO - Started process (PID=50345) to work on /Users/fatimanaqib/Documents/job-market-tracker/.venv/lib/python3.11/site-packages/airflow/example_dags/example_complex.py
[2026-06-14T17:15:35.456-0700] {processor.py:830} INFO - Processing file /Users/fatimanaqib/Documents/job-market-tracker/.venv/lib/python3.11/site-packages/airflow/example_dags/example_complex.py for tasks to queue
[2026-06-14T17:15:35.456-0700] {logging_mixin.py:188} INFO - [2026-06-14T17:15:35.456-0700] {dagbag.py:545} INFO - Filling up the DagBag from /Users/fatimanaqib/Documents/job-market-tracker/.venv/lib/python3.11/site-packages/airflow/example_dags/example_complex.py
[2026-06-14T17:15:35.462-0700] {processor.py:840} INFO - DAG(s) 'example_complex' retrieved from /Users/fatimanaqib/Documents/job-market-tracker/.venv/lib/python3.11/site-packages/airflow/example_dags/example_complex.py
[2026-06-14T17:15:35.498-0700] {logging_mixin.py:188} INFO - [2026-06-14T17:15:35.498-0700] {dag.py:3089} INFO - Sync 1 DAGs
[2026-06-14T17:15:35.502-0700] {logging_mixin.py:188} INFO - [2026-06-14T17:15:35.502-0700] {dag.py:3947} INFO - Setting next_dagrun for example_complex to None, run_after=None
[2026-06-14T17:15:35.508-0700] {processor.py:183} INFO - Processing /Users/fatimanaqib/Documents/job-market-tracker/.venv/lib/python3.11/site-packages/airflow/example_dags/example_complex.py took 0.054 seconds
[2026-06-14T17:17:40.003-0700] {processor.py:161} INFO - Started process (PID=50680) to work on /Users/fatimanaqib/Documents/job-market-tracker/.venv/lib/python3.11/site-packages/airflow/example_dags/example_complex.py
[2026-06-14T17:17:40.007-0700] {processor.py:830} INFO - Processing file /Users/fatimanaqib/Documents/job-market-tracker/.venv/lib/python3.11/site-packages/airflow/example_dags/example_complex.py for tasks to queue
[2026-06-14T17:17:40.007-0700] {logging_mixin.py:188} INFO - [2026-06-14T17:17:40.007-0700] {dagbag.py:545} INFO - Filling up the DagBag from /Users/fatimanaqib/Documents/job-market-tracker/.venv/lib/python3.11/site-packages/airflow/example_dags/example_complex.py
[2026-06-14T17:17:40.016-0700] {processor.py:840} INFO - DAG(s) 'example_complex' retrieved from /Users/fatimanaqib/Documents/job-market-tracker/.venv/lib/python3.11/site-packages/airflow/example_dags/example_complex.py
[2026-06-14T17:17:40.056-0700] {logging_mixin.py:188} INFO - [2026-06-14T17:17:40.056-0700] {dag.py:3089} INFO - Sync 1 DAGs
[2026-06-14T17:17:40.060-0700] {logging_mixin.py:188} INFO - [2026-06-14T17:17:40.060-0700] {dag.py:3947} INFO - Setting next_dagrun for example_complex to None, run_after=None
[2026-06-14T17:17:40.067-0700] {processor.py:183} INFO - Processing /Users/fatimanaqib/Documents/job-market-tracker/.venv/lib/python3.11/site-packages/airflow/example_dags/example_complex.py took 0.064 seconds
[2026-06-14T17:19:32.199-0700] {processor.py:161} INFO - Started process (PID=51388) to work on /Users/fatimanaqib/Documents/job-market-tracker/.venv/lib/python3.11/site-packages/airflow/example_dags/example_complex.py
[2026-06-14T17:19:32.199-0700] {processor.py:830} INFO - Processing file /Users/fatimanaqib/Documents/job-market-tracker/.venv/lib/python3.11/site-packages/airflow/example_dags/example_complex.py for tasks to queue
[2026-06-14T17:19:32.200-0700] {logging_mixin.py:188} INFO - [2026-06-14T17:19:32.200-0700] {dagbag.py:545} INFO - Filling up the DagBag from /Users/fatimanaqib/Documents/job-market-tracker/.venv/lib/python3.11/site-packages/airflow/example_dags/example_complex.py
[2026-06-14T17:19:32.204-0700] {processor.py:840} INFO - DAG(s) 'example_complex' retrieved from /Users/fatimanaqib/Documents/job-market-tracker/.venv/lib/python3.11/site-packages/airflow/example_dags/example_complex.py
[2026-06-14T17:19:32.238-0700] {logging_mixin.py:188} INFO - [2026-06-14T17:19:32.238-0700] {dag.py:3089} INFO - Sync 1 DAGs
[2026-06-14T17:19:32.242-0700] {logging_mixin.py:188} INFO - [2026-06-14T17:19:32.242-0700] {dag.py:3947} INFO - Setting next_dagrun for example_complex to None, run_after=None
[2026-06-14T17:19:32.259-0700] {processor.py:183} INFO - Processing /Users/fatimanaqib/Documents/job-market-tracker/.venv/lib/python3.11/site-packages/airflow/example_dags/example_complex.py took 0.061 seconds
