[2026-06-14T17:11:49.655-0700] {processor.py:161} INFO - Started process (PID=49165) to work on /Users/fatimanaqib/Documents/job-market-tracker/.venv/lib/python3.11/site-packages/airflow/example_dags/example_trigger_controller_dag.py
[2026-06-14T17:11:49.655-0700] {processor.py:830} INFO - Processing file /Users/fatimanaqib/Documents/job-market-tracker/.venv/lib/python3.11/site-packages/airflow/example_dags/example_trigger_controller_dag.py for tasks to queue
[2026-06-14T17:11:49.655-0700] {logging_mixin.py:188} INFO - [2026-06-14T17:11:49.655-0700] {dagbag.py:545} INFO - Filling up the DagBag from /Users/fatimanaqib/Documents/job-market-tracker/.venv/lib/python3.11/site-packages/airflow/example_dags/example_trigger_controller_dag.py
[2026-06-14T17:11:49.660-0700] {processor.py:840} INFO - DAG(s) 'example_trigger_controller_dag' retrieved from /Users/fatimanaqib/Documents/job-market-tracker/.venv/lib/python3.11/site-packages/airflow/example_dags/example_trigger_controller_dag.py
[2026-06-14T17:11:49.714-0700] {logging_mixin.py:188} INFO - [2026-06-14T17:11:49.714-0700] {override.py:1858} INFO - Created Permission View: can read on DAG:example_trigger_controller_dag
[2026-06-14T17:11:49.717-0700] {logging_mixin.py:188} INFO - [2026-06-14T17:11:49.717-0700] {override.py:1858} INFO - Created Permission View: can edit on DAG:example_trigger_controller_dag
[2026-06-14T17:11:49.719-0700] {logging_mixin.py:188} INFO - [2026-06-14T17:11:49.719-0700] {override.py:1858} INFO - Created Permission View: can delete on DAG:example_trigger_controller_dag
[2026-06-14T17:11:49.719-0700] {logging_mixin.py:188} INFO - [2026-06-14T17:11:49.719-0700] {dag.py:3089} INFO - Sync 1 DAGs
[2026-06-14T17:11:49.722-0700] {logging_mixin.py:188} INFO - [2026-06-14T17:11:49.722-0700] {dag.py:3111} INFO - Creating ORM DAG for example_trigger_controller_dag
[2026-06-14T17:11:49.724-0700] {logging_mixin.py:188} INFO - [2026-06-14T17:11:49.724-0700] {dag.py:3947} INFO - Setting next_dagrun for example_trigger_controller_dag to 2021-01-01 00:00:00+00:00, run_after=2021-01-01 00:00:00+00:00
[2026-06-14T17:11:49.733-0700] {processor.py:183} INFO - Processing /Users/fatimanaqib/Documents/job-market-tracker/.venv/lib/python3.11/site-packages/airflow/example_dags/example_trigger_controller_dag.py took 0.079 seconds
[2026-06-14T17:13:15.941-0700] {processor.py:161} INFO - Started process (PID=49448) to work on /Users/fatimanaqib/Documents/job-market-tracker/.venv/lib/python3.11/site-packages/airflow/example_dags/example_trigger_controller_dag.py
[2026-06-14T17:13:15.942-0700] {processor.py:830} INFO - Processing file /Users/fatimanaqib/Documents/job-market-tracker/.venv/lib/python3.11/site-packages/airflow/example_dags/example_trigger_controller_dag.py for tasks to queue
[2026-06-14T17:13:15.942-0700] {logging_mixin.py:188} INFO - [2026-06-14T17:13:15.942-0700] {dagbag.py:545} INFO - Filling up the DagBag from /Users/fatimanaqib/Documents/job-market-tracker/.venv/lib/python3.11/site-packages/airflow/example_dags/example_trigger_controller_dag.py
[2026-06-14T17:13:15.947-0700] {processor.py:840} INFO - DAG(s) 'example_trigger_controller_dag' retrieved from /Users/fatimanaqib/Documents/job-market-tracker/.venv/lib/python3.11/site-packages/airflow/example_dags/example_trigger_controller_dag.py
[2026-06-14T17:13:15.977-0700] {logging_mixin.py:188} INFO - [2026-06-14T17:13:15.977-0700] {dag.py:3089} INFO - Sync 1 DAGs
[2026-06-14T17:13:15.983-0700] {logging_mixin.py:188} INFO - [2026-06-14T17:13:15.983-0700] {dag.py:3947} INFO - Setting next_dagrun for example_trigger_controller_dag to 2021-01-01 00:00:00+00:00, run_after=2021-01-01 00:00:00+00:00
[2026-06-14T17:13:15.989-0700] {processor.py:183} INFO - Processing /Users/fatimanaqib/Documents/job-market-tracker/.venv/lib/python3.11/site-packages/airflow/example_dags/example_trigger_controller_dag.py took 0.049 seconds
[2026-06-14T17:14:46.393-0700] {processor.py:161} INFO - Started process (PID=50211) to work on /Users/fatimanaqib/Documents/job-market-tracker/.venv/lib/python3.11/site-packages/airflow/example_dags/example_trigger_controller_dag.py
[2026-06-14T17:14:46.393-0700] {processor.py:830} INFO - Processing file /Users/fatimanaqib/Documents/job-market-tracker/.venv/lib/python3.11/site-packages/airflow/example_dags/example_trigger_controller_dag.py for tasks to queue
[2026-06-14T17:14:46.394-0700] {logging_mixin.py:188} INFO - [2026-06-14T17:14:46.393-0700] {dagbag.py:545} INFO - Filling up the DagBag from /Users/fatimanaqib/Documents/job-market-tracker/.venv/lib/python3.11/site-packages/airflow/example_dags/example_trigger_controller_dag.py
[2026-06-14T17:14:46.398-0700] {processor.py:840} INFO - DAG(s) 'example_trigger_controller_dag' retrieved from /Users/fatimanaqib/Documents/job-market-tracker/.venv/lib/python3.11/site-packages/airflow/example_dags/example_trigger_controller_dag.py
[2026-06-14T17:14:46.426-0700] {logging_mixin.py:188} INFO - [2026-06-14T17:14:46.426-0700] {dag.py:3089} INFO - Sync 1 DAGs
[2026-06-14T17:14:46.432-0700] {logging_mixin.py:188} INFO - [2026-06-14T17:14:46.432-0700] {dag.py:3947} INFO - Setting next_dagrun for example_trigger_controller_dag to 2021-01-01 00:00:00+00:00, run_after=2021-01-01 00:00:00+00:00
[2026-06-14T17:14:46.438-0700] {processor.py:183} INFO - Processing /Users/fatimanaqib/Documents/job-market-tracker/.venv/lib/python3.11/site-packages/airflow/example_dags/example_trigger_controller_dag.py took 0.047 seconds
[2026-06-14T17:16:16.921-0700] {processor.py:161} INFO - Started process (PID=50462) to work on /Users/fatimanaqib/Documents/job-market-tracker/.venv/lib/python3.11/site-packages/airflow/example_dags/example_trigger_controller_dag.py
[2026-06-14T17:16:16.922-0700] {processor.py:830} INFO - Processing file /Users/fatimanaqib/Documents/job-market-tracker/.venv/lib/python3.11/site-packages/airflow/example_dags/example_trigger_controller_dag.py for tasks to queue
[2026-06-14T17:16:16.922-0700] {logging_mixin.py:188} INFO - [2026-06-14T17:16:16.922-0700] {dagbag.py:545} INFO - Filling up the DagBag from /Users/fatimanaqib/Documents/job-market-tracker/.venv/lib/python3.11/site-packages/airflow/example_dags/example_trigger_controller_dag.py
[2026-06-14T17:16:16.927-0700] {processor.py:840} INFO - DAG(s) 'example_trigger_controller_dag' retrieved from /Users/fatimanaqib/Documents/job-market-tracker/.venv/lib/python3.11/site-packages/airflow/example_dags/example_trigger_controller_dag.py
[2026-06-14T17:16:16.954-0700] {logging_mixin.py:188} INFO - [2026-06-14T17:16:16.954-0700] {dag.py:3089} INFO - Sync 1 DAGs
[2026-06-14T17:16:16.960-0700] {logging_mixin.py:188} INFO - [2026-06-14T17:16:16.960-0700] {dag.py:3947} INFO - Setting next_dagrun for example_trigger_controller_dag to 2021-01-01 00:00:00+00:00, run_after=2021-01-01 00:00:00+00:00
[2026-06-14T17:16:16.965-0700] {processor.py:183} INFO - Processing /Users/fatimanaqib/Documents/job-market-tracker/.venv/lib/python3.11/site-packages/airflow/example_dags/example_trigger_controller_dag.py took 0.045 seconds
[2026-06-14T17:17:18.859-0700] {processor.py:161} INFO - Started process (PID=50597) to work on /Users/fatimanaqib/Documents/job-market-tracker/.venv/lib/python3.11/site-packages/airflow/example_dags/example_trigger_controller_dag.py
[2026-06-14T17:17:18.861-0700] {processor.py:830} INFO - Processing file /Users/fatimanaqib/Documents/job-market-tracker/.venv/lib/python3.11/site-packages/airflow/example_dags/example_trigger_controller_dag.py for tasks to queue
[2026-06-14T17:17:18.861-0700] {logging_mixin.py:188} INFO - [2026-06-14T17:17:18.861-0700] {dagbag.py:545} INFO - Filling up the DagBag from /Users/fatimanaqib/Documents/job-market-tracker/.venv/lib/python3.11/site-packages/airflow/example_dags/example_trigger_controller_dag.py
[2026-06-14T17:17:18.867-0700] {processor.py:840} INFO - DAG(s) 'example_trigger_controller_dag' retrieved from /Users/fatimanaqib/Documents/job-market-tracker/.venv/lib/python3.11/site-packages/airflow/example_dags/example_trigger_controller_dag.py
[2026-06-14T17:17:18.896-0700] {logging_mixin.py:188} INFO - [2026-06-14T17:17:18.895-0700] {dag.py:3089} INFO - Sync 1 DAGs
[2026-06-14T17:17:18.901-0700] {logging_mixin.py:188} INFO - [2026-06-14T17:17:18.901-0700] {dag.py:3947} INFO - Setting next_dagrun for example_trigger_controller_dag to 2021-01-01 00:00:00+00:00, run_after=2021-01-01 00:00:00+00:00
[2026-06-14T17:17:18.907-0700] {processor.py:183} INFO - Processing /Users/fatimanaqib/Documents/job-market-tracker/.venv/lib/python3.11/site-packages/airflow/example_dags/example_trigger_controller_dag.py took 0.048 seconds
[2026-06-14T17:18:21.412-0700] {processor.py:161} INFO - Started process (PID=50744) to work on /Users/fatimanaqib/Documents/job-market-tracker/.venv/lib/python3.11/site-packages/airflow/example_dags/example_trigger_controller_dag.py
[2026-06-14T17:18:21.413-0700] {processor.py:830} INFO - Processing file /Users/fatimanaqib/Documents/job-market-tracker/.venv/lib/python3.11/site-packages/airflow/example_dags/example_trigger_controller_dag.py for tasks to queue
[2026-06-14T17:18:21.413-0700] {logging_mixin.py:188} INFO - [2026-06-14T17:18:21.413-0700] {dagbag.py:545} INFO - Filling up the DagBag from /Users/fatimanaqib/Documents/job-market-tracker/.venv/lib/python3.11/site-packages/airflow/example_dags/example_trigger_controller_dag.py
[2026-06-14T17:18:21.418-0700] {processor.py:840} INFO - DAG(s) 'example_trigger_controller_dag' retrieved from /Users/fatimanaqib/Documents/job-market-tracker/.venv/lib/python3.11/site-packages/airflow/example_dags/example_trigger_controller_dag.py
[2026-06-14T17:18:21.446-0700] {logging_mixin.py:188} INFO - [2026-06-14T17:18:21.446-0700] {dag.py:3089} INFO - Sync 1 DAGs
[2026-06-14T17:18:21.452-0700] {logging_mixin.py:188} INFO - [2026-06-14T17:18:21.451-0700] {dag.py:3947} INFO - Setting next_dagrun for example_trigger_controller_dag to 2021-01-01 00:00:00+00:00, run_after=2021-01-01 00:00:00+00:00
[2026-06-14T17:18:21.458-0700] {processor.py:183} INFO - Processing /Users/fatimanaqib/Documents/job-market-tracker/.venv/lib/python3.11/site-packages/airflow/example_dags/example_trigger_controller_dag.py took 0.046 seconds
[2026-06-14T17:19:17.681-0700] {processor.py:161} INFO - Started process (PID=51176) to work on /Users/fatimanaqib/Documents/job-market-tracker/.venv/lib/python3.11/site-packages/airflow/example_dags/example_trigger_controller_dag.py
[2026-06-14T17:19:17.682-0700] {processor.py:830} INFO - Processing file /Users/fatimanaqib/Documents/job-market-tracker/.venv/lib/python3.11/site-packages/airflow/example_dags/example_trigger_controller_dag.py for tasks to queue
[2026-06-14T17:19:17.682-0700] {logging_mixin.py:188} INFO - [2026-06-14T17:19:17.682-0700] {dagbag.py:545} INFO - Filling up the DagBag from /Users/fatimanaqib/Documents/job-market-tracker/.venv/lib/python3.11/site-packages/airflow/example_dags/example_trigger_controller_dag.py
[2026-06-14T17:19:17.687-0700] {processor.py:840} INFO - DAG(s) 'example_trigger_controller_dag' retrieved from /Users/fatimanaqib/Documents/job-market-tracker/.venv/lib/python3.11/site-packages/airflow/example_dags/example_trigger_controller_dag.py
[2026-06-14T17:19:17.715-0700] {logging_mixin.py:188} INFO - [2026-06-14T17:19:17.715-0700] {dag.py:3089} INFO - Sync 1 DAGs
[2026-06-14T17:19:17.720-0700] {logging_mixin.py:188} INFO - [2026-06-14T17:19:17.720-0700] {dag.py:3947} INFO - Setting next_dagrun for example_trigger_controller_dag to 2021-01-01 00:00:00+00:00, run_after=2021-01-01 00:00:00+00:00
[2026-06-14T17:19:17.727-0700] {processor.py:183} INFO - Processing /Users/fatimanaqib/Documents/job-market-tracker/.venv/lib/python3.11/site-packages/airflow/example_dags/example_trigger_controller_dag.py took 0.047 seconds
