[2026-06-14T17:11:50.355-0700] {processor.py:161} INFO - Started process (PID=49166) to work on /Users/fatimanaqib/Documents/job-market-tracker/.venv/lib/python3.11/site-packages/airflow/example_dags/example_time_delta_sensor_async.py
[2026-06-14T17:11:50.355-0700] {processor.py:830} INFO - Processing file /Users/fatimanaqib/Documents/job-market-tracker/.venv/lib/python3.11/site-packages/airflow/example_dags/example_time_delta_sensor_async.py for tasks to queue
[2026-06-14T17:11:50.355-0700] {logging_mixin.py:188} INFO - [2026-06-14T17:11:50.355-0700] {dagbag.py:545} INFO - Filling up the DagBag from /Users/fatimanaqib/Documents/job-market-tracker/.venv/lib/python3.11/site-packages/airflow/example_dags/example_time_delta_sensor_async.py
[2026-06-14T17:11:50.359-0700] {processor.py:840} INFO - DAG(s) 'example_time_delta_sensor_async' retrieved from /Users/fatimanaqib/Documents/job-market-tracker/.venv/lib/python3.11/site-packages/airflow/example_dags/example_time_delta_sensor_async.py
[2026-06-14T17:11:50.418-0700] {logging_mixin.py:188} INFO - [2026-06-14T17:11:50.418-0700] {override.py:1858} INFO - Created Permission View: can edit on DAG:example_time_delta_sensor_async
[2026-06-14T17:11:50.421-0700] {logging_mixin.py:188} INFO - [2026-06-14T17:11:50.421-0700] {override.py:1858} INFO - Created Permission View: can read on DAG:example_time_delta_sensor_async
[2026-06-14T17:11:50.422-0700] {logging_mixin.py:188} INFO - [2026-06-14T17:11:50.422-0700] {override.py:1858} INFO - Created Permission View: can delete on DAG:example_time_delta_sensor_async
[2026-06-14T17:11:50.422-0700] {logging_mixin.py:188} INFO - [2026-06-14T17:11:50.422-0700] {dag.py:3089} INFO - Sync 1 DAGs
[2026-06-14T17:11:50.426-0700] {logging_mixin.py:188} INFO - [2026-06-14T17:11:50.426-0700] {dag.py:3111} INFO - Creating ORM DAG for example_time_delta_sensor_async
[2026-06-14T17:11:50.426-0700] {logging_mixin.py:188} INFO - [2026-06-14T17:11:50.426-0700] {dag.py:3947} INFO - Setting next_dagrun for example_time_delta_sensor_async to None, run_after=None
[2026-06-14T17:11:50.432-0700] {processor.py:183} INFO - Processing /Users/fatimanaqib/Documents/job-market-tracker/.venv/lib/python3.11/site-packages/airflow/example_dags/example_time_delta_sensor_async.py took 0.078 seconds
[2026-06-14T17:13:17.051-0700] {processor.py:161} INFO - Started process (PID=49449) to work on /Users/fatimanaqib/Documents/job-market-tracker/.venv/lib/python3.11/site-packages/airflow/example_dags/example_time_delta_sensor_async.py
[2026-06-14T17:13:17.052-0700] {processor.py:830} INFO - Processing file /Users/fatimanaqib/Documents/job-market-tracker/.venv/lib/python3.11/site-packages/airflow/example_dags/example_time_delta_sensor_async.py for tasks to queue
[2026-06-14T17:13:17.052-0700] {logging_mixin.py:188} INFO - [2026-06-14T17:13:17.052-0700] {dagbag.py:545} INFO - Filling up the DagBag from /Users/fatimanaqib/Documents/job-market-tracker/.venv/lib/python3.11/site-packages/airflow/example_dags/example_time_delta_sensor_async.py
[2026-06-14T17:13:17.056-0700] {processor.py:840} INFO - DAG(s) 'example_time_delta_sensor_async' retrieved from /Users/fatimanaqib/Documents/job-market-tracker/.venv/lib/python3.11/site-packages/airflow/example_dags/example_time_delta_sensor_async.py
[2026-06-14T17:13:17.093-0700] {logging_mixin.py:188} INFO - [2026-06-14T17:13:17.093-0700] {dag.py:3089} INFO - Sync 1 DAGs
[2026-06-14T17:13:17.097-0700] {logging_mixin.py:188} INFO - [2026-06-14T17:13:17.097-0700] {dag.py:3947} INFO - Setting next_dagrun for example_time_delta_sensor_async to None, run_after=None
[2026-06-14T17:13:17.104-0700] {processor.py:183} INFO - Processing /Users/fatimanaqib/Documents/job-market-tracker/.venv/lib/python3.11/site-packages/airflow/example_dags/example_time_delta_sensor_async.py took 0.054 seconds
[2026-06-14T17:14:47.460-0700] {processor.py:161} INFO - Started process (PID=50212) to work on /Users/fatimanaqib/Documents/job-market-tracker/.venv/lib/python3.11/site-packages/airflow/example_dags/example_time_delta_sensor_async.py
[2026-06-14T17:14:47.461-0700] {processor.py:830} INFO - Processing file /Users/fatimanaqib/Documents/job-market-tracker/.venv/lib/python3.11/site-packages/airflow/example_dags/example_time_delta_sensor_async.py for tasks to queue
[2026-06-14T17:14:47.462-0700] {logging_mixin.py:188} INFO - [2026-06-14T17:14:47.462-0700] {dagbag.py:545} INFO - Filling up the DagBag from /Users/fatimanaqib/Documents/job-market-tracker/.venv/lib/python3.11/site-packages/airflow/example_dags/example_time_delta_sensor_async.py
[2026-06-14T17:14:47.465-0700] {processor.py:840} INFO - DAG(s) 'example_time_delta_sensor_async' retrieved from /Users/fatimanaqib/Documents/job-market-tracker/.venv/lib/python3.11/site-packages/airflow/example_dags/example_time_delta_sensor_async.py
[2026-06-14T17:14:47.497-0700] {logging_mixin.py:188} INFO - [2026-06-14T17:14:47.497-0700] {dag.py:3089} INFO - Sync 1 DAGs
[2026-06-14T17:14:47.500-0700] {logging_mixin.py:188} INFO - [2026-06-14T17:14:47.500-0700] {dag.py:3947} INFO - Setting next_dagrun for example_time_delta_sensor_async to None, run_after=None
[2026-06-14T17:14:47.506-0700] {processor.py:183} INFO - Processing /Users/fatimanaqib/Documents/job-market-tracker/.venv/lib/python3.11/site-packages/airflow/example_dags/example_time_delta_sensor_async.py took 0.047 seconds
[2026-06-14T17:16:18.619-0700] {processor.py:161} INFO - Started process (PID=50467) to work on /Users/fatimanaqib/Documents/job-market-tracker/.venv/lib/python3.11/site-packages/airflow/example_dags/example_time_delta_sensor_async.py
[2026-06-14T17:16:18.620-0700] {processor.py:830} INFO - Processing file /Users/fatimanaqib/Documents/job-market-tracker/.venv/lib/python3.11/site-packages/airflow/example_dags/example_time_delta_sensor_async.py for tasks to queue
[2026-06-14T17:16:18.620-0700] {logging_mixin.py:188} INFO - [2026-06-14T17:16:18.620-0700] {dagbag.py:545} INFO - Filling up the DagBag from /Users/fatimanaqib/Documents/job-market-tracker/.venv/lib/python3.11/site-packages/airflow/example_dags/example_time_delta_sensor_async.py
[2026-06-14T17:16:18.624-0700] {processor.py:840} INFO - DAG(s) 'example_time_delta_sensor_async' retrieved from /Users/fatimanaqib/Documents/job-market-tracker/.venv/lib/python3.11/site-packages/airflow/example_dags/example_time_delta_sensor_async.py
[2026-06-14T17:16:18.656-0700] {logging_mixin.py:188} INFO - [2026-06-14T17:16:18.656-0700] {dag.py:3089} INFO - Sync 1 DAGs
[2026-06-14T17:16:18.659-0700] {logging_mixin.py:188} INFO - [2026-06-14T17:16:18.659-0700] {dag.py:3947} INFO - Setting next_dagrun for example_time_delta_sensor_async to None, run_after=None
[2026-06-14T17:16:18.665-0700] {processor.py:183} INFO - Processing /Users/fatimanaqib/Documents/job-market-tracker/.venv/lib/python3.11/site-packages/airflow/example_dags/example_time_delta_sensor_async.py took 0.047 seconds
[2026-06-14T17:17:20.605-0700] {processor.py:161} INFO - Started process (PID=50598) to work on /Users/fatimanaqib/Documents/job-market-tracker/.venv/lib/python3.11/site-packages/airflow/example_dags/example_time_delta_sensor_async.py
[2026-06-14T17:17:20.605-0700] {processor.py:830} INFO - Processing file /Users/fatimanaqib/Documents/job-market-tracker/.venv/lib/python3.11/site-packages/airflow/example_dags/example_time_delta_sensor_async.py for tasks to queue
[2026-06-14T17:17:20.606-0700] {logging_mixin.py:188} INFO - [2026-06-14T17:17:20.606-0700] {dagbag.py:545} INFO - Filling up the DagBag from /Users/fatimanaqib/Documents/job-market-tracker/.venv/lib/python3.11/site-packages/airflow/example_dags/example_time_delta_sensor_async.py
[2026-06-14T17:17:20.609-0700] {processor.py:840} INFO - DAG(s) 'example_time_delta_sensor_async' retrieved from /Users/fatimanaqib/Documents/job-market-tracker/.venv/lib/python3.11/site-packages/airflow/example_dags/example_time_delta_sensor_async.py
[2026-06-14T17:17:20.640-0700] {logging_mixin.py:188} INFO - [2026-06-14T17:17:20.640-0700] {dag.py:3089} INFO - Sync 1 DAGs
[2026-06-14T17:17:20.644-0700] {logging_mixin.py:188} INFO - [2026-06-14T17:17:20.643-0700] {dag.py:3947} INFO - Setting next_dagrun for example_time_delta_sensor_async to None, run_after=None
[2026-06-14T17:17:20.649-0700] {processor.py:183} INFO - Processing /Users/fatimanaqib/Documents/job-market-tracker/.venv/lib/python3.11/site-packages/airflow/example_dags/example_time_delta_sensor_async.py took 0.046 seconds
[2026-06-14T17:18:23.129-0700] {processor.py:161} INFO - Started process (PID=50746) to work on /Users/fatimanaqib/Documents/job-market-tracker/.venv/lib/python3.11/site-packages/airflow/example_dags/example_time_delta_sensor_async.py
[2026-06-14T17:18:23.130-0700] {processor.py:830} INFO - Processing file /Users/fatimanaqib/Documents/job-market-tracker/.venv/lib/python3.11/site-packages/airflow/example_dags/example_time_delta_sensor_async.py for tasks to queue
[2026-06-14T17:18:23.130-0700] {logging_mixin.py:188} INFO - [2026-06-14T17:18:23.130-0700] {dagbag.py:545} INFO - Filling up the DagBag from /Users/fatimanaqib/Documents/job-market-tracker/.venv/lib/python3.11/site-packages/airflow/example_dags/example_time_delta_sensor_async.py
[2026-06-14T17:18:23.134-0700] {processor.py:840} INFO - DAG(s) 'example_time_delta_sensor_async' retrieved from /Users/fatimanaqib/Documents/job-market-tracker/.venv/lib/python3.11/site-packages/airflow/example_dags/example_time_delta_sensor_async.py
[2026-06-14T17:18:23.166-0700] {logging_mixin.py:188} INFO - [2026-06-14T17:18:23.166-0700] {dag.py:3089} INFO - Sync 1 DAGs
[2026-06-14T17:18:23.169-0700] {logging_mixin.py:188} INFO - [2026-06-14T17:18:23.169-0700] {dag.py:3947} INFO - Setting next_dagrun for example_time_delta_sensor_async to None, run_after=None
[2026-06-14T17:18:23.175-0700] {processor.py:183} INFO - Processing /Users/fatimanaqib/Documents/job-market-tracker/.venv/lib/python3.11/site-packages/airflow/example_dags/example_time_delta_sensor_async.py took 0.047 seconds
[2026-06-14T17:19:19.448-0700] {processor.py:161} INFO - Started process (PID=51231) to work on /Users/fatimanaqib/Documents/job-market-tracker/.venv/lib/python3.11/site-packages/airflow/example_dags/example_time_delta_sensor_async.py
[2026-06-14T17:19:19.451-0700] {processor.py:830} INFO - Processing file /Users/fatimanaqib/Documents/job-market-tracker/.venv/lib/python3.11/site-packages/airflow/example_dags/example_time_delta_sensor_async.py for tasks to queue
[2026-06-14T17:19:19.451-0700] {logging_mixin.py:188} INFO - [2026-06-14T17:19:19.451-0700] {dagbag.py:545} INFO - Filling up the DagBag from /Users/fatimanaqib/Documents/job-market-tracker/.venv/lib/python3.11/site-packages/airflow/example_dags/example_time_delta_sensor_async.py
[2026-06-14T17:19:19.457-0700] {processor.py:840} INFO - DAG(s) 'example_time_delta_sensor_async' retrieved from /Users/fatimanaqib/Documents/job-market-tracker/.venv/lib/python3.11/site-packages/airflow/example_dags/example_time_delta_sensor_async.py
[2026-06-14T17:19:19.491-0700] {logging_mixin.py:188} INFO - [2026-06-14T17:19:19.491-0700] {dag.py:3089} INFO - Sync 1 DAGs
[2026-06-14T17:19:19.495-0700] {logging_mixin.py:188} INFO - [2026-06-14T17:19:19.495-0700] {dag.py:3947} INFO - Setting next_dagrun for example_time_delta_sensor_async to None, run_after=None
[2026-06-14T17:19:19.502-0700] {processor.py:183} INFO - Processing /Users/fatimanaqib/Documents/job-market-tracker/.venv/lib/python3.11/site-packages/airflow/example_dags/example_time_delta_sensor_async.py took 0.055 seconds
