[2026-06-14T17:12:41.048-0700] {processor.py:161} INFO - Started process (PID=49412) to work on /Users/fatimanaqib/Documents/job-market-tracker/.venv/lib/python3.11/site-packages/airflow/example_dags/example_branch_operator_decorator.py
[2026-06-14T17:12:41.048-0700] {processor.py:830} INFO - Processing file /Users/fatimanaqib/Documents/job-market-tracker/.venv/lib/python3.11/site-packages/airflow/example_dags/example_branch_operator_decorator.py for tasks to queue
[2026-06-14T17:12:41.049-0700] {logging_mixin.py:188} INFO - [2026-06-14T17:12:41.049-0700] {dagbag.py:545} INFO - Filling up the DagBag from /Users/fatimanaqib/Documents/job-market-tracker/.venv/lib/python3.11/site-packages/airflow/example_dags/example_branch_operator_decorator.py
[2026-06-14T17:12:41.064-0700] {processor.py:842} WARNING - No viable dags retrieved from /Users/fatimanaqib/Documents/job-market-tracker/.venv/lib/python3.11/site-packages/airflow/example_dags/example_branch_operator_decorator.py
[2026-06-14T17:12:41.089-0700] {processor.py:183} INFO - Processing /Users/fatimanaqib/Documents/job-market-tracker/.venv/lib/python3.11/site-packages/airflow/example_dags/example_branch_operator_decorator.py took 0.042 seconds
[2026-06-14T17:15:39.035-0700] {processor.py:161} INFO - Started process (PID=50353) to work on /Users/fatimanaqib/Documents/job-market-tracker/.venv/lib/python3.11/site-packages/airflow/example_dags/example_branch_operator_decorator.py
[2026-06-14T17:15:39.037-0700] {processor.py:830} INFO - Processing file /Users/fatimanaqib/Documents/job-market-tracker/.venv/lib/python3.11/site-packages/airflow/example_dags/example_branch_operator_decorator.py for tasks to queue
[2026-06-14T17:15:39.037-0700] {logging_mixin.py:188} INFO - [2026-06-14T17:15:39.037-0700] {dagbag.py:545} INFO - Filling up the DagBag from /Users/fatimanaqib/Documents/job-market-tracker/.venv/lib/python3.11/site-packages/airflow/example_dags/example_branch_operator_decorator.py
[2026-06-14T17:15:39.044-0700] {processor.py:842} WARNING - No viable dags retrieved from /Users/fatimanaqib/Documents/job-market-tracker/.venv/lib/python3.11/site-packages/airflow/example_dags/example_branch_operator_decorator.py
[2026-06-14T17:15:39.067-0700] {processor.py:183} INFO - Processing /Users/fatimanaqib/Documents/job-market-tracker/.venv/lib/python3.11/site-packages/airflow/example_dags/example_branch_operator_decorator.py took 0.034 seconds
[2026-06-14T17:17:43.465-0700] {processor.py:161} INFO - Started process (PID=50683) to work on /Users/fatimanaqib/Documents/job-market-tracker/.venv/lib/python3.11/site-packages/airflow/example_dags/example_branch_operator_decorator.py
[2026-06-14T17:17:43.465-0700] {processor.py:830} INFO - Processing file /Users/fatimanaqib/Documents/job-market-tracker/.venv/lib/python3.11/site-packages/airflow/example_dags/example_branch_operator_decorator.py for tasks to queue
[2026-06-14T17:17:43.466-0700] {logging_mixin.py:188} INFO - [2026-06-14T17:17:43.465-0700] {dagbag.py:545} INFO - Filling up the DagBag from /Users/fatimanaqib/Documents/job-market-tracker/.venv/lib/python3.11/site-packages/airflow/example_dags/example_branch_operator_decorator.py
[2026-06-14T17:17:43.474-0700] {processor.py:842} WARNING - No viable dags retrieved from /Users/fatimanaqib/Documents/job-market-tracker/.venv/lib/python3.11/site-packages/airflow/example_dags/example_branch_operator_decorator.py
[2026-06-14T17:17:43.499-0700] {processor.py:183} INFO - Processing /Users/fatimanaqib/Documents/job-market-tracker/.venv/lib/python3.11/site-packages/airflow/example_dags/example_branch_operator_decorator.py took 0.036 seconds
[2026-06-14T17:19:35.655-0700] {processor.py:161} INFO - Started process (PID=51397) to work on /Users/fatimanaqib/Documents/job-market-tracker/.venv/lib/python3.11/site-packages/airflow/example_dags/example_branch_operator_decorator.py
[2026-06-14T17:19:35.656-0700] {processor.py:830} INFO - Processing file /Users/fatimanaqib/Documents/job-market-tracker/.venv/lib/python3.11/site-packages/airflow/example_dags/example_branch_operator_decorator.py for tasks to queue
[2026-06-14T17:19:35.656-0700] {logging_mixin.py:188} INFO - [2026-06-14T17:19:35.656-0700] {dagbag.py:545} INFO - Filling up the DagBag from /Users/fatimanaqib/Documents/job-market-tracker/.venv/lib/python3.11/site-packages/airflow/example_dags/example_branch_operator_decorator.py
[2026-06-14T17:19:35.665-0700] {processor.py:842} WARNING - No viable dags retrieved from /Users/fatimanaqib/Documents/job-market-tracker/.venv/lib/python3.11/site-packages/airflow/example_dags/example_branch_operator_decorator.py
[2026-06-14T17:19:35.691-0700] {processor.py:183} INFO - Processing /Users/fatimanaqib/Documents/job-market-tracker/.venv/lib/python3.11/site-packages/airflow/example_dags/example_branch_operator_decorator.py took 0.037 seconds
