[2026-06-14T17:12:03.417-0700] {processor.py:161} INFO - Started process (PID=49300) to work on /Users/fatimanaqib/Documents/job-market-tracker/.venv/lib/python3.11/site-packages/airflow/example_dags/example_setup_teardown_taskflow.py
[2026-06-14T17:12:03.417-0700] {processor.py:830} INFO - Processing file /Users/fatimanaqib/Documents/job-market-tracker/.venv/lib/python3.11/site-packages/airflow/example_dags/example_setup_teardown_taskflow.py for tasks to queue
[2026-06-14T17:12:03.417-0700] {logging_mixin.py:188} INFO - [2026-06-14T17:12:03.417-0700] {dagbag.py:545} INFO - Filling up the DagBag from /Users/fatimanaqib/Documents/job-market-tracker/.venv/lib/python3.11/site-packages/airflow/example_dags/example_setup_teardown_taskflow.py
[2026-06-14T17:12:03.435-0700] {processor.py:840} INFO - DAG(s) 'example_setup_teardown_taskflow' retrieved from /Users/fatimanaqib/Documents/job-market-tracker/.venv/lib/python3.11/site-packages/airflow/example_dags/example_setup_teardown_taskflow.py
[2026-06-14T17:12:03.521-0700] {logging_mixin.py:188} INFO - [2026-06-14T17:12:03.494-0700] {override.py:1858} INFO - Created Permission View: can read on DAG:example_setup_teardown_taskflow
[2026-06-14T17:12:03.524-0700] {logging_mixin.py:188} INFO - [2026-06-14T17:12:03.524-0700] {override.py:1858} INFO - Created Permission View: can edit on DAG:example_setup_teardown_taskflow
[2026-06-14T17:12:03.526-0700] {logging_mixin.py:188} INFO - [2026-06-14T17:12:03.526-0700] {override.py:1858} INFO - Created Permission View: can delete on DAG:example_setup_teardown_taskflow
[2026-06-14T17:12:03.526-0700] {logging_mixin.py:188} INFO - [2026-06-14T17:12:03.526-0700] {dag.py:3089} INFO - Sync 1 DAGs
[2026-06-14T17:12:03.530-0700] {logging_mixin.py:188} INFO - [2026-06-14T17:12:03.529-0700] {dag.py:3111} INFO - Creating ORM DAG for example_setup_teardown_taskflow
[2026-06-14T17:12:03.532-0700] {logging_mixin.py:188} INFO - [2026-06-14T17:12:03.532-0700] {dag.py:3947} INFO - Setting next_dagrun for example_setup_teardown_taskflow to 2026-06-14 00:00:00+00:00, run_after=2026-06-15 00:00:00+00:00
[2026-06-14T17:12:03.537-0700] {processor.py:183} INFO - Processing /Users/fatimanaqib/Documents/job-market-tracker/.venv/lib/python3.11/site-packages/airflow/example_dags/example_setup_teardown_taskflow.py took 0.122 seconds
[2026-06-14T17:13:28.735-0700] {processor.py:161} INFO - Started process (PID=49460) to work on /Users/fatimanaqib/Documents/job-market-tracker/.venv/lib/python3.11/site-packages/airflow/example_dags/example_setup_teardown_taskflow.py
[2026-06-14T17:13:28.736-0700] {processor.py:830} INFO - Processing file /Users/fatimanaqib/Documents/job-market-tracker/.venv/lib/python3.11/site-packages/airflow/example_dags/example_setup_teardown_taskflow.py for tasks to queue
[2026-06-14T17:13:28.736-0700] {logging_mixin.py:188} INFO - [2026-06-14T17:13:28.736-0700] {dagbag.py:545} INFO - Filling up the DagBag from /Users/fatimanaqib/Documents/job-market-tracker/.venv/lib/python3.11/site-packages/airflow/example_dags/example_setup_teardown_taskflow.py
[2026-06-14T17:13:28.751-0700] {processor.py:840} INFO - DAG(s) 'example_setup_teardown_taskflow' retrieved from /Users/fatimanaqib/Documents/job-market-tracker/.venv/lib/python3.11/site-packages/airflow/example_dags/example_setup_teardown_taskflow.py
[2026-06-14T17:13:28.788-0700] {logging_mixin.py:188} INFO - [2026-06-14T17:13:28.787-0700] {dag.py:3089} INFO - Sync 1 DAGs
[2026-06-14T17:13:28.794-0700] {logging_mixin.py:188} INFO - [2026-06-14T17:13:28.794-0700] {dag.py:3947} INFO - Setting next_dagrun for example_setup_teardown_taskflow to 2026-06-14 00:00:00+00:00, run_after=2026-06-15 00:00:00+00:00
[2026-06-14T17:13:28.802-0700] {processor.py:183} INFO - Processing /Users/fatimanaqib/Documents/job-market-tracker/.venv/lib/python3.11/site-packages/airflow/example_dags/example_setup_teardown_taskflow.py took 0.069 seconds
[2026-06-14T17:14:59.998-0700] {processor.py:161} INFO - Started process (PID=50239) to work on /Users/fatimanaqib/Documents/job-market-tracker/.venv/lib/python3.11/site-packages/airflow/example_dags/example_setup_teardown_taskflow.py
[2026-06-14T17:14:59.998-0700] {processor.py:830} INFO - Processing file /Users/fatimanaqib/Documents/job-market-tracker/.venv/lib/python3.11/site-packages/airflow/example_dags/example_setup_teardown_taskflow.py for tasks to queue
[2026-06-14T17:14:59.999-0700] {logging_mixin.py:188} INFO - [2026-06-14T17:14:59.999-0700] {dagbag.py:545} INFO - Filling up the DagBag from /Users/fatimanaqib/Documents/job-market-tracker/.venv/lib/python3.11/site-packages/airflow/example_dags/example_setup_teardown_taskflow.py
[2026-06-14T17:15:00.014-0700] {processor.py:840} INFO - DAG(s) 'example_setup_teardown_taskflow' retrieved from /Users/fatimanaqib/Documents/job-market-tracker/.venv/lib/python3.11/site-packages/airflow/example_dags/example_setup_teardown_taskflow.py
[2026-06-14T17:15:00.086-0700] {logging_mixin.py:188} INFO - [2026-06-14T17:15:00.086-0700] {dag.py:3089} INFO - Sync 1 DAGs
[2026-06-14T17:15:00.095-0700] {logging_mixin.py:188} INFO - [2026-06-14T17:15:00.095-0700] {dag.py:3947} INFO - Setting next_dagrun for example_setup_teardown_taskflow to 2026-06-14 00:00:00+00:00, run_after=2026-06-15 00:00:00+00:00
[2026-06-14T17:15:00.118-0700] {processor.py:183} INFO - Processing /Users/fatimanaqib/Documents/job-market-tracker/.venv/lib/python3.11/site-packages/airflow/example_dags/example_setup_teardown_taskflow.py took 0.121 seconds
[2026-06-14T17:16:32.391-0700] {processor.py:161} INFO - Started process (PID=50486) to work on /Users/fatimanaqib/Documents/job-market-tracker/.venv/lib/python3.11/site-packages/airflow/example_dags/example_setup_teardown_taskflow.py
[2026-06-14T17:16:32.392-0700] {processor.py:830} INFO - Processing file /Users/fatimanaqib/Documents/job-market-tracker/.venv/lib/python3.11/site-packages/airflow/example_dags/example_setup_teardown_taskflow.py for tasks to queue
[2026-06-14T17:16:32.392-0700] {logging_mixin.py:188} INFO - [2026-06-14T17:16:32.392-0700] {dagbag.py:545} INFO - Filling up the DagBag from /Users/fatimanaqib/Documents/job-market-tracker/.venv/lib/python3.11/site-packages/airflow/example_dags/example_setup_teardown_taskflow.py
[2026-06-14T17:16:32.405-0700] {processor.py:840} INFO - DAG(s) 'example_setup_teardown_taskflow' retrieved from /Users/fatimanaqib/Documents/job-market-tracker/.venv/lib/python3.11/site-packages/airflow/example_dags/example_setup_teardown_taskflow.py
[2026-06-14T17:16:32.436-0700] {logging_mixin.py:188} INFO - [2026-06-14T17:16:32.435-0700] {dag.py:3089} INFO - Sync 1 DAGs
[2026-06-14T17:16:32.441-0700] {logging_mixin.py:188} INFO - [2026-06-14T17:16:32.441-0700] {dag.py:3947} INFO - Setting next_dagrun for example_setup_teardown_taskflow to 2026-06-14 00:00:00+00:00, run_after=2026-06-15 00:00:00+00:00
[2026-06-14T17:16:32.447-0700] {processor.py:183} INFO - Processing /Users/fatimanaqib/Documents/job-market-tracker/.venv/lib/python3.11/site-packages/airflow/example_dags/example_setup_teardown_taskflow.py took 0.057 seconds
[2026-06-14T17:18:35.462-0700] {processor.py:161} INFO - Started process (PID=50797) to work on /Users/fatimanaqib/Documents/job-market-tracker/.venv/lib/python3.11/site-packages/airflow/example_dags/example_setup_teardown_taskflow.py
[2026-06-14T17:18:35.463-0700] {processor.py:830} INFO - Processing file /Users/fatimanaqib/Documents/job-market-tracker/.venv/lib/python3.11/site-packages/airflow/example_dags/example_setup_teardown_taskflow.py for tasks to queue
[2026-06-14T17:18:35.463-0700] {logging_mixin.py:188} INFO - [2026-06-14T17:18:35.463-0700] {dagbag.py:545} INFO - Filling up the DagBag from /Users/fatimanaqib/Documents/job-market-tracker/.venv/lib/python3.11/site-packages/airflow/example_dags/example_setup_teardown_taskflow.py
[2026-06-14T17:18:35.477-0700] {processor.py:840} INFO - DAG(s) 'example_setup_teardown_taskflow' retrieved from /Users/fatimanaqib/Documents/job-market-tracker/.venv/lib/python3.11/site-packages/airflow/example_dags/example_setup_teardown_taskflow.py
[2026-06-14T17:18:35.507-0700] {logging_mixin.py:188} INFO - [2026-06-14T17:18:35.507-0700] {dag.py:3089} INFO - Sync 1 DAGs
[2026-06-14T17:18:35.513-0700] {logging_mixin.py:188} INFO - [2026-06-14T17:18:35.513-0700] {dag.py:3947} INFO - Setting next_dagrun for example_setup_teardown_taskflow to 2026-06-14 00:00:00+00:00, run_after=2026-06-15 00:00:00+00:00
[2026-06-14T17:18:35.519-0700] {processor.py:183} INFO - Processing /Users/fatimanaqib/Documents/job-market-tracker/.venv/lib/python3.11/site-packages/airflow/example_dags/example_setup_teardown_taskflow.py took 0.058 seconds
