[2026-06-14T17:12:29.821-0700] {processor.py:161} INFO - Started process (PID=49390) to work on /Users/fatimanaqib/Documents/job-market-tracker/.venv/lib/python3.11/site-packages/airflow/example_dags/example_dynamic_task_mapping.py
[2026-06-14T17:12:29.821-0700] {processor.py:830} INFO - Processing file /Users/fatimanaqib/Documents/job-market-tracker/.venv/lib/python3.11/site-packages/airflow/example_dags/example_dynamic_task_mapping.py for tasks to queue
[2026-06-14T17:12:29.821-0700] {logging_mixin.py:188} INFO - [2026-06-14T17:12:29.821-0700] {dagbag.py:545} INFO - Filling up the DagBag from /Users/fatimanaqib/Documents/job-market-tracker/.venv/lib/python3.11/site-packages/airflow/example_dags/example_dynamic_task_mapping.py
[2026-06-14T17:12:29.834-0700] {processor.py:840} INFO - DAG(s) 'example_dynamic_task_mapping' retrieved from /Users/fatimanaqib/Documents/job-market-tracker/.venv/lib/python3.11/site-packages/airflow/example_dags/example_dynamic_task_mapping.py
[2026-06-14T17:12:29.919-0700] {logging_mixin.py:188} INFO - [2026-06-14T17:12:29.891-0700] {override.py:1858} INFO - Created Permission View: can read on DAG:example_dynamic_task_mapping
[2026-06-14T17:12:29.925-0700] {logging_mixin.py:188} INFO - [2026-06-14T17:12:29.924-0700] {override.py:1858} INFO - Created Permission View: can delete on DAG:example_dynamic_task_mapping
[2026-06-14T17:12:29.927-0700] {logging_mixin.py:188} INFO - [2026-06-14T17:12:29.927-0700] {override.py:1858} INFO - Created Permission View: can edit on DAG:example_dynamic_task_mapping
[2026-06-14T17:12:29.927-0700] {logging_mixin.py:188} INFO - [2026-06-14T17:12:29.927-0700] {dag.py:3089} INFO - Sync 1 DAGs
[2026-06-14T17:12:29.930-0700] {logging_mixin.py:188} INFO - [2026-06-14T17:12:29.930-0700] {dag.py:3111} INFO - Creating ORM DAG for example_dynamic_task_mapping
[2026-06-14T17:12:29.933-0700] {logging_mixin.py:188} INFO - [2026-06-14T17:12:29.933-0700] {dag.py:3947} INFO - Setting next_dagrun for example_dynamic_task_mapping to 2022-03-04 00:00:00+00:00, run_after=2022-03-05 00:00:00+00:00
[2026-06-14T17:12:29.937-0700] {processor.py:183} INFO - Processing /Users/fatimanaqib/Documents/job-market-tracker/.venv/lib/python3.11/site-packages/airflow/example_dags/example_dynamic_task_mapping.py took 0.118 seconds
[2026-06-14T17:15:28.418-0700] {processor.py:161} INFO - Started process (PID=50330) to work on /Users/fatimanaqib/Documents/job-market-tracker/.venv/lib/python3.11/site-packages/airflow/example_dags/example_dynamic_task_mapping.py
[2026-06-14T17:15:28.419-0700] {processor.py:830} INFO - Processing file /Users/fatimanaqib/Documents/job-market-tracker/.venv/lib/python3.11/site-packages/airflow/example_dags/example_dynamic_task_mapping.py for tasks to queue
[2026-06-14T17:15:28.419-0700] {logging_mixin.py:188} INFO - [2026-06-14T17:15:28.419-0700] {dagbag.py:545} INFO - Filling up the DagBag from /Users/fatimanaqib/Documents/job-market-tracker/.venv/lib/python3.11/site-packages/airflow/example_dags/example_dynamic_task_mapping.py
[2026-06-14T17:15:28.432-0700] {processor.py:840} INFO - DAG(s) 'example_dynamic_task_mapping' retrieved from /Users/fatimanaqib/Documents/job-market-tracker/.venv/lib/python3.11/site-packages/airflow/example_dags/example_dynamic_task_mapping.py
[2026-06-14T17:15:28.462-0700] {logging_mixin.py:188} INFO - [2026-06-14T17:15:28.462-0700] {dag.py:3089} INFO - Sync 1 DAGs
[2026-06-14T17:15:28.467-0700] {logging_mixin.py:188} INFO - [2026-06-14T17:15:28.467-0700] {dag.py:3947} INFO - Setting next_dagrun for example_dynamic_task_mapping to 2022-03-04 00:00:00+00:00, run_after=2022-03-05 00:00:00+00:00
[2026-06-14T17:15:28.474-0700] {processor.py:183} INFO - Processing /Users/fatimanaqib/Documents/job-market-tracker/.venv/lib/python3.11/site-packages/airflow/example_dags/example_dynamic_task_mapping.py took 0.057 seconds
[2026-06-14T17:17:32.843-0700] {processor.py:161} INFO - Started process (PID=50662) to work on /Users/fatimanaqib/Documents/job-market-tracker/.venv/lib/python3.11/site-packages/airflow/example_dags/example_dynamic_task_mapping.py
[2026-06-14T17:17:32.844-0700] {processor.py:830} INFO - Processing file /Users/fatimanaqib/Documents/job-market-tracker/.venv/lib/python3.11/site-packages/airflow/example_dags/example_dynamic_task_mapping.py for tasks to queue
[2026-06-14T17:17:32.844-0700] {logging_mixin.py:188} INFO - [2026-06-14T17:17:32.844-0700] {dagbag.py:545} INFO - Filling up the DagBag from /Users/fatimanaqib/Documents/job-market-tracker/.venv/lib/python3.11/site-packages/airflow/example_dags/example_dynamic_task_mapping.py
[2026-06-14T17:17:32.857-0700] {processor.py:840} INFO - DAG(s) 'example_dynamic_task_mapping' retrieved from /Users/fatimanaqib/Documents/job-market-tracker/.venv/lib/python3.11/site-packages/airflow/example_dags/example_dynamic_task_mapping.py
[2026-06-14T17:17:32.888-0700] {logging_mixin.py:188} INFO - [2026-06-14T17:17:32.888-0700] {dag.py:3089} INFO - Sync 1 DAGs
[2026-06-14T17:17:32.893-0700] {logging_mixin.py:188} INFO - [2026-06-14T17:17:32.893-0700] {dag.py:3947} INFO - Setting next_dagrun for example_dynamic_task_mapping to 2022-03-04 00:00:00+00:00, run_after=2022-03-05 00:00:00+00:00
[2026-06-14T17:17:32.900-0700] {processor.py:183} INFO - Processing /Users/fatimanaqib/Documents/job-market-tracker/.venv/lib/python3.11/site-packages/airflow/example_dags/example_dynamic_task_mapping.py took 0.058 seconds
[2026-06-14T17:19:25.109-0700] {processor.py:161} INFO - Started process (PID=51246) to work on /Users/fatimanaqib/Documents/job-market-tracker/.venv/lib/python3.11/site-packages/airflow/example_dags/example_dynamic_task_mapping.py
[2026-06-14T17:19:25.110-0700] {processor.py:830} INFO - Processing file /Users/fatimanaqib/Documents/job-market-tracker/.venv/lib/python3.11/site-packages/airflow/example_dags/example_dynamic_task_mapping.py for tasks to queue
[2026-06-14T17:19:25.110-0700] {logging_mixin.py:188} INFO - [2026-06-14T17:19:25.110-0700] {dagbag.py:545} INFO - Filling up the DagBag from /Users/fatimanaqib/Documents/job-market-tracker/.venv/lib/python3.11/site-packages/airflow/example_dags/example_dynamic_task_mapping.py
[2026-06-14T17:19:25.127-0700] {processor.py:840} INFO - DAG(s) 'example_dynamic_task_mapping' retrieved from /Users/fatimanaqib/Documents/job-market-tracker/.venv/lib/python3.11/site-packages/airflow/example_dags/example_dynamic_task_mapping.py
[2026-06-14T17:19:25.165-0700] {logging_mixin.py:188} INFO - [2026-06-14T17:19:25.165-0700] {dag.py:3089} INFO - Sync 1 DAGs
[2026-06-14T17:19:25.170-0700] {logging_mixin.py:188} INFO - [2026-06-14T17:19:25.170-0700] {dag.py:3947} INFO - Setting next_dagrun for example_dynamic_task_mapping to 2022-03-04 00:00:00+00:00, run_after=2022-03-05 00:00:00+00:00
[2026-06-14T17:19:25.178-0700] {processor.py:183} INFO - Processing /Users/fatimanaqib/Documents/job-market-tracker/.venv/lib/python3.11/site-packages/airflow/example_dags/example_dynamic_task_mapping.py took 0.074 seconds
