[2026-06-14T17:12:23.090-0700] {processor.py:161} INFO - Started process (PID=49376) to work on /Users/fatimanaqib/Documents/job-market-tracker/.venv/lib/python3.11/site-packages/airflow/example_dags/example_latest_only_with_trigger.py
[2026-06-14T17:12:23.091-0700] {processor.py:830} INFO - Processing file /Users/fatimanaqib/Documents/job-market-tracker/.venv/lib/python3.11/site-packages/airflow/example_dags/example_latest_only_with_trigger.py for tasks to queue
[2026-06-14T17:12:23.091-0700] {logging_mixin.py:188} INFO - [2026-06-14T17:12:23.091-0700] {dagbag.py:545} INFO - Filling up the DagBag from /Users/fatimanaqib/Documents/job-market-tracker/.venv/lib/python3.11/site-packages/airflow/example_dags/example_latest_only_with_trigger.py
[2026-06-14T17:12:23.095-0700] {processor.py:840} INFO - DAG(s) 'latest_only_with_trigger' retrieved from /Users/fatimanaqib/Documents/job-market-tracker/.venv/lib/python3.11/site-packages/airflow/example_dags/example_latest_only_with_trigger.py
[2026-06-14T17:12:23.156-0700] {logging_mixin.py:188} INFO - [2026-06-14T17:12:23.156-0700] {override.py:1858} INFO - Created Permission View: can read on DAG:latest_only_with_trigger
[2026-06-14T17:12:23.158-0700] {logging_mixin.py:188} INFO - [2026-06-14T17:12:23.158-0700] {override.py:1858} INFO - Created Permission View: can edit on DAG:latest_only_with_trigger
[2026-06-14T17:12:23.160-0700] {logging_mixin.py:188} INFO - [2026-06-14T17:12:23.160-0700] {override.py:1858} INFO - Created Permission View: can delete on DAG:latest_only_with_trigger
[2026-06-14T17:12:23.161-0700] {logging_mixin.py:188} INFO - [2026-06-14T17:12:23.160-0700] {dag.py:3089} INFO - Sync 1 DAGs
[2026-06-14T17:12:23.164-0700] {logging_mixin.py:188} INFO - [2026-06-14T17:12:23.164-0700] {dag.py:3111} INFO - Creating ORM DAG for latest_only_with_trigger
[2026-06-14T17:12:23.167-0700] {logging_mixin.py:188} INFO - [2026-06-14T17:12:23.167-0700] {dag.py:3947} INFO - Setting next_dagrun for latest_only_with_trigger to 2026-06-14 20:00:00+00:00, run_after=2026-06-15 00:00:00+00:00
[2026-06-14T17:12:23.202-0700] {processor.py:183} INFO - Processing /Users/fatimanaqib/Documents/job-market-tracker/.venv/lib/python3.11/site-packages/airflow/example_dags/example_latest_only_with_trigger.py took 0.112 seconds
[2026-06-14T17:13:46.292-0700] {processor.py:161} INFO - Started process (PID=49659) to work on /Users/fatimanaqib/Documents/job-market-tracker/.venv/lib/python3.11/site-packages/airflow/example_dags/example_latest_only_with_trigger.py
[2026-06-14T17:13:46.293-0700] {processor.py:830} INFO - Processing file /Users/fatimanaqib/Documents/job-market-tracker/.venv/lib/python3.11/site-packages/airflow/example_dags/example_latest_only_with_trigger.py for tasks to queue
[2026-06-14T17:13:46.293-0700] {logging_mixin.py:188} INFO - [2026-06-14T17:13:46.293-0700] {dagbag.py:545} INFO - Filling up the DagBag from /Users/fatimanaqib/Documents/job-market-tracker/.venv/lib/python3.11/site-packages/airflow/example_dags/example_latest_only_with_trigger.py
[2026-06-14T17:13:46.297-0700] {processor.py:840} INFO - DAG(s) 'latest_only_with_trigger' retrieved from /Users/fatimanaqib/Documents/job-market-tracker/.venv/lib/python3.11/site-packages/airflow/example_dags/example_latest_only_with_trigger.py
[2026-06-14T17:13:46.326-0700] {logging_mixin.py:188} INFO - [2026-06-14T17:13:46.326-0700] {dag.py:3089} INFO - Sync 1 DAGs
[2026-06-14T17:13:46.332-0700] {logging_mixin.py:188} INFO - [2026-06-14T17:13:46.332-0700] {dag.py:3947} INFO - Setting next_dagrun for latest_only_with_trigger to 2026-06-14 20:00:00+00:00, run_after=2026-06-15 00:00:00+00:00
[2026-06-14T17:13:46.338-0700] {processor.py:183} INFO - Processing /Users/fatimanaqib/Documents/job-market-tracker/.venv/lib/python3.11/site-packages/airflow/example_dags/example_latest_only_with_trigger.py took 0.047 seconds
[2026-06-14T17:15:19.826-0700] {processor.py:161} INFO - Started process (PID=50286) to work on /Users/fatimanaqib/Documents/job-market-tracker/.venv/lib/python3.11/site-packages/airflow/example_dags/example_latest_only_with_trigger.py
[2026-06-14T17:15:19.827-0700] {processor.py:830} INFO - Processing file /Users/fatimanaqib/Documents/job-market-tracker/.venv/lib/python3.11/site-packages/airflow/example_dags/example_latest_only_with_trigger.py for tasks to queue
[2026-06-14T17:15:19.827-0700] {logging_mixin.py:188} INFO - [2026-06-14T17:15:19.827-0700] {dagbag.py:545} INFO - Filling up the DagBag from /Users/fatimanaqib/Documents/job-market-tracker/.venv/lib/python3.11/site-packages/airflow/example_dags/example_latest_only_with_trigger.py
[2026-06-14T17:15:19.831-0700] {processor.py:840} INFO - DAG(s) 'latest_only_with_trigger' retrieved from /Users/fatimanaqib/Documents/job-market-tracker/.venv/lib/python3.11/site-packages/airflow/example_dags/example_latest_only_with_trigger.py
[2026-06-14T17:15:19.863-0700] {logging_mixin.py:188} INFO - [2026-06-14T17:15:19.863-0700] {dag.py:3089} INFO - Sync 1 DAGs
[2026-06-14T17:15:19.869-0700] {logging_mixin.py:188} INFO - [2026-06-14T17:15:19.869-0700] {dag.py:3947} INFO - Setting next_dagrun for latest_only_with_trigger to 2026-06-14 20:00:00+00:00, run_after=2026-06-15 00:00:00+00:00
[2026-06-14T17:15:19.876-0700] {processor.py:183} INFO - Processing /Users/fatimanaqib/Documents/job-market-tracker/.venv/lib/python3.11/site-packages/airflow/example_dags/example_latest_only_with_trigger.py took 0.050 seconds
[2026-06-14T17:16:51.313-0700] {processor.py:161} INFO - Started process (PID=50524) to work on /Users/fatimanaqib/Documents/job-market-tracker/.venv/lib/python3.11/site-packages/airflow/example_dags/example_latest_only_with_trigger.py
[2026-06-14T17:16:51.313-0700] {processor.py:830} INFO - Processing file /Users/fatimanaqib/Documents/job-market-tracker/.venv/lib/python3.11/site-packages/airflow/example_dags/example_latest_only_with_trigger.py for tasks to queue
[2026-06-14T17:16:51.314-0700] {logging_mixin.py:188} INFO - [2026-06-14T17:16:51.314-0700] {dagbag.py:545} INFO - Filling up the DagBag from /Users/fatimanaqib/Documents/job-market-tracker/.venv/lib/python3.11/site-packages/airflow/example_dags/example_latest_only_with_trigger.py
[2026-06-14T17:16:51.317-0700] {processor.py:840} INFO - DAG(s) 'latest_only_with_trigger' retrieved from /Users/fatimanaqib/Documents/job-market-tracker/.venv/lib/python3.11/site-packages/airflow/example_dags/example_latest_only_with_trigger.py
[2026-06-14T17:16:51.347-0700] {logging_mixin.py:188} INFO - [2026-06-14T17:16:51.347-0700] {dag.py:3089} INFO - Sync 1 DAGs
[2026-06-14T17:16:51.352-0700] {logging_mixin.py:188} INFO - [2026-06-14T17:16:51.352-0700] {dag.py:3947} INFO - Setting next_dagrun for latest_only_with_trigger to 2026-06-14 20:00:00+00:00, run_after=2026-06-15 00:00:00+00:00
[2026-06-14T17:16:51.358-0700] {processor.py:183} INFO - Processing /Users/fatimanaqib/Documents/job-market-tracker/.venv/lib/python3.11/site-packages/airflow/example_dags/example_latest_only_with_trigger.py took 0.046 seconds
[2026-06-14T17:18:52.474-0700] {processor.py:161} INFO - Started process (PID=50825) to work on /Users/fatimanaqib/Documents/job-market-tracker/.venv/lib/python3.11/site-packages/airflow/example_dags/example_latest_only_with_trigger.py
[2026-06-14T17:18:52.475-0700] {processor.py:830} INFO - Processing file /Users/fatimanaqib/Documents/job-market-tracker/.venv/lib/python3.11/site-packages/airflow/example_dags/example_latest_only_with_trigger.py for tasks to queue
[2026-06-14T17:18:52.476-0700] {logging_mixin.py:188} INFO - [2026-06-14T17:18:52.476-0700] {dagbag.py:545} INFO - Filling up the DagBag from /Users/fatimanaqib/Documents/job-market-tracker/.venv/lib/python3.11/site-packages/airflow/example_dags/example_latest_only_with_trigger.py
[2026-06-14T17:18:52.480-0700] {processor.py:840} INFO - DAG(s) 'latest_only_with_trigger' retrieved from /Users/fatimanaqib/Documents/job-market-tracker/.venv/lib/python3.11/site-packages/airflow/example_dags/example_latest_only_with_trigger.py
[2026-06-14T17:18:52.510-0700] {logging_mixin.py:188} INFO - [2026-06-14T17:18:52.510-0700] {dag.py:3089} INFO - Sync 1 DAGs
[2026-06-14T17:18:52.517-0700] {logging_mixin.py:188} INFO - [2026-06-14T17:18:52.517-0700] {dag.py:3947} INFO - Setting next_dagrun for latest_only_with_trigger to 2026-06-14 20:00:00+00:00, run_after=2026-06-15 00:00:00+00:00
[2026-06-14T17:18:52.523-0700] {processor.py:183} INFO - Processing /Users/fatimanaqib/Documents/job-market-tracker/.venv/lib/python3.11/site-packages/airflow/example_dags/example_latest_only_with_trigger.py took 0.050 seconds
