[2026-06-14T17:12:35.397-0700] {processor.py:161} INFO - Started process (PID=49405) to work on /Users/fatimanaqib/Documents/job-market-tracker/.venv/lib/python3.11/site-packages/airflow/example_dags/example_dag_decorator.py
[2026-06-14T17:12:35.398-0700] {processor.py:830} INFO - Processing file /Users/fatimanaqib/Documents/job-market-tracker/.venv/lib/python3.11/site-packages/airflow/example_dags/example_dag_decorator.py for tasks to queue
[2026-06-14T17:12:35.398-0700] {logging_mixin.py:188} INFO - [2026-06-14T17:12:35.398-0700] {dagbag.py:545} INFO - Filling up the DagBag from /Users/fatimanaqib/Documents/job-market-tracker/.venv/lib/python3.11/site-packages/airflow/example_dags/example_dag_decorator.py
[2026-06-14T17:12:35.479-0700] {processor.py:840} INFO - DAG(s) 'example_dag_decorator' retrieved from /Users/fatimanaqib/Documents/job-market-tracker/.venv/lib/python3.11/site-packages/airflow/example_dags/example_dag_decorator.py
[2026-06-14T17:12:35.564-0700] {logging_mixin.py:188} INFO - [2026-06-14T17:12:35.564-0700] {override.py:1858} INFO - Created Permission View: can delete on DAG:example_dag_decorator
[2026-06-14T17:12:35.567-0700] {logging_mixin.py:188} INFO - [2026-06-14T17:12:35.566-0700] {override.py:1858} INFO - Created Permission View: can read on DAG:example_dag_decorator
[2026-06-14T17:12:35.568-0700] {logging_mixin.py:188} INFO - [2026-06-14T17:12:35.568-0700] {override.py:1858} INFO - Created Permission View: can edit on DAG:example_dag_decorator
[2026-06-14T17:12:35.568-0700] {logging_mixin.py:188} INFO - [2026-06-14T17:12:35.568-0700] {dag.py:3089} INFO - Sync 1 DAGs
[2026-06-14T17:12:35.571-0700] {logging_mixin.py:188} INFO - [2026-06-14T17:12:35.571-0700] {dag.py:3111} INFO - Creating ORM DAG for example_dag_decorator
[2026-06-14T17:12:35.572-0700] {logging_mixin.py:188} INFO - [2026-06-14T17:12:35.572-0700] {dag.py:3947} INFO - Setting next_dagrun for example_dag_decorator to None, run_after=None
[2026-06-14T17:12:35.579-0700] {processor.py:183} INFO - Processing /Users/fatimanaqib/Documents/job-market-tracker/.venv/lib/python3.11/site-packages/airflow/example_dags/example_dag_decorator.py took 0.182 seconds
[2026-06-14T17:15:33.611-0700] {processor.py:161} INFO - Started process (PID=50340) to work on /Users/fatimanaqib/Documents/job-market-tracker/.venv/lib/python3.11/site-packages/airflow/example_dags/example_dag_decorator.py
[2026-06-14T17:15:33.612-0700] {processor.py:830} INFO - Processing file /Users/fatimanaqib/Documents/job-market-tracker/.venv/lib/python3.11/site-packages/airflow/example_dags/example_dag_decorator.py for tasks to queue
[2026-06-14T17:15:33.612-0700] {logging_mixin.py:188} INFO - [2026-06-14T17:15:33.612-0700] {dagbag.py:545} INFO - Filling up the DagBag from /Users/fatimanaqib/Documents/job-market-tracker/.venv/lib/python3.11/site-packages/airflow/example_dags/example_dag_decorator.py
[2026-06-14T17:15:33.686-0700] {processor.py:840} INFO - DAG(s) 'example_dag_decorator' retrieved from /Users/fatimanaqib/Documents/job-market-tracker/.venv/lib/python3.11/site-packages/airflow/example_dags/example_dag_decorator.py
[2026-06-14T17:15:33.777-0700] {logging_mixin.py:188} INFO - [2026-06-14T17:15:33.777-0700] {dag.py:3089} INFO - Sync 1 DAGs
[2026-06-14T17:15:33.780-0700] {logging_mixin.py:188} INFO - [2026-06-14T17:15:33.780-0700] {dag.py:3947} INFO - Setting next_dagrun for example_dag_decorator to None, run_after=None
[2026-06-14T17:15:33.786-0700] {processor.py:183} INFO - Processing /Users/fatimanaqib/Documents/job-market-tracker/.venv/lib/python3.11/site-packages/airflow/example_dags/example_dag_decorator.py took 0.176 seconds
[2026-06-14T17:17:38.027-0700] {processor.py:161} INFO - Started process (PID=50675) to work on /Users/fatimanaqib/Documents/job-market-tracker/.venv/lib/python3.11/site-packages/airflow/example_dags/example_dag_decorator.py
[2026-06-14T17:17:38.028-0700] {processor.py:830} INFO - Processing file /Users/fatimanaqib/Documents/job-market-tracker/.venv/lib/python3.11/site-packages/airflow/example_dags/example_dag_decorator.py for tasks to queue
[2026-06-14T17:17:38.028-0700] {logging_mixin.py:188} INFO - [2026-06-14T17:17:38.028-0700] {dagbag.py:545} INFO - Filling up the DagBag from /Users/fatimanaqib/Documents/job-market-tracker/.venv/lib/python3.11/site-packages/airflow/example_dags/example_dag_decorator.py
[2026-06-14T17:17:38.107-0700] {processor.py:840} INFO - DAG(s) 'example_dag_decorator' retrieved from /Users/fatimanaqib/Documents/job-market-tracker/.venv/lib/python3.11/site-packages/airflow/example_dags/example_dag_decorator.py
[2026-06-14T17:17:38.207-0700] {logging_mixin.py:188} INFO - [2026-06-14T17:17:38.207-0700] {dag.py:3089} INFO - Sync 1 DAGs
[2026-06-14T17:17:38.209-0700] {logging_mixin.py:188} INFO - [2026-06-14T17:17:38.209-0700] {dag.py:3947} INFO - Setting next_dagrun for example_dag_decorator to None, run_after=None
[2026-06-14T17:17:38.216-0700] {processor.py:183} INFO - Processing /Users/fatimanaqib/Documents/job-market-tracker/.venv/lib/python3.11/site-packages/airflow/example_dags/example_dag_decorator.py took 0.192 seconds
[2026-06-14T17:19:30.226-0700] {processor.py:161} INFO - Started process (PID=51352) to work on /Users/fatimanaqib/Documents/job-market-tracker/.venv/lib/python3.11/site-packages/airflow/example_dags/example_dag_decorator.py
[2026-06-14T17:19:30.226-0700] {processor.py:830} INFO - Processing file /Users/fatimanaqib/Documents/job-market-tracker/.venv/lib/python3.11/site-packages/airflow/example_dags/example_dag_decorator.py for tasks to queue
[2026-06-14T17:19:30.226-0700] {logging_mixin.py:188} INFO - [2026-06-14T17:19:30.226-0700] {dagbag.py:545} INFO - Filling up the DagBag from /Users/fatimanaqib/Documents/job-market-tracker/.venv/lib/python3.11/site-packages/airflow/example_dags/example_dag_decorator.py
[2026-06-14T17:19:30.303-0700] {processor.py:840} INFO - DAG(s) 'example_dag_decorator' retrieved from /Users/fatimanaqib/Documents/job-market-tracker/.venv/lib/python3.11/site-packages/airflow/example_dags/example_dag_decorator.py
[2026-06-14T17:19:30.426-0700] {logging_mixin.py:188} INFO - [2026-06-14T17:19:30.426-0700] {dag.py:3089} INFO - Sync 1 DAGs
[2026-06-14T17:19:30.429-0700] {logging_mixin.py:188} INFO - [2026-06-14T17:19:30.429-0700] {dag.py:3947} INFO - Setting next_dagrun for example_dag_decorator to None, run_after=None
[2026-06-14T17:19:30.436-0700] {processor.py:183} INFO - Processing /Users/fatimanaqib/Documents/job-market-tracker/.venv/lib/python3.11/site-packages/airflow/example_dags/example_dag_decorator.py took 0.212 seconds
