[2026-06-14T17:11:53.837-0700] {processor.py:161} INFO - Started process (PID=49176) to work on /Users/fatimanaqib/Documents/job-market-tracker/.venv/lib/python3.11/site-packages/airflow/example_dags/example_task_group.py
[2026-06-14T17:11:53.838-0700] {processor.py:830} INFO - Processing file /Users/fatimanaqib/Documents/job-market-tracker/.venv/lib/python3.11/site-packages/airflow/example_dags/example_task_group.py for tasks to queue
[2026-06-14T17:11:53.838-0700] {logging_mixin.py:188} INFO - [2026-06-14T17:11:53.838-0700] {dagbag.py:545} INFO - Filling up the DagBag from /Users/fatimanaqib/Documents/job-market-tracker/.venv/lib/python3.11/site-packages/airflow/example_dags/example_task_group.py
[2026-06-14T17:11:53.842-0700] {processor.py:840} INFO - DAG(s) 'example_task_group' retrieved from /Users/fatimanaqib/Documents/job-market-tracker/.venv/lib/python3.11/site-packages/airflow/example_dags/example_task_group.py
[2026-06-14T17:11:53.898-0700] {logging_mixin.py:188} INFO - [2026-06-14T17:11:53.898-0700] {override.py:1858} INFO - Created Permission View: can read on DAG:example_task_group
[2026-06-14T17:11:53.901-0700] {logging_mixin.py:188} INFO - [2026-06-14T17:11:53.901-0700] {override.py:1858} INFO - Created Permission View: can edit on DAG:example_task_group
[2026-06-14T17:11:53.902-0700] {logging_mixin.py:188} INFO - [2026-06-14T17:11:53.902-0700] {override.py:1858} INFO - Created Permission View: can delete on DAG:example_task_group
[2026-06-14T17:11:53.902-0700] {logging_mixin.py:188} INFO - [2026-06-14T17:11:53.902-0700] {dag.py:3089} INFO - Sync 1 DAGs
[2026-06-14T17:11:53.905-0700] {logging_mixin.py:188} INFO - [2026-06-14T17:11:53.905-0700] {dag.py:3111} INFO - Creating ORM DAG for example_task_group
[2026-06-14T17:11:53.908-0700] {logging_mixin.py:188} INFO - [2026-06-14T17:11:53.908-0700] {dag.py:3947} INFO - Setting next_dagrun for example_task_group to 2026-06-14 00:00:00+00:00, run_after=2026-06-15 00:00:00+00:00
[2026-06-14T17:11:53.938-0700] {processor.py:183} INFO - Processing /Users/fatimanaqib/Documents/job-market-tracker/.venv/lib/python3.11/site-packages/airflow/example_dags/example_task_group.py took 0.102 seconds
[2026-06-14T17:13:19.892-0700] {processor.py:161} INFO - Started process (PID=49451) to work on /Users/fatimanaqib/Documents/job-market-tracker/.venv/lib/python3.11/site-packages/airflow/example_dags/example_task_group.py
[2026-06-14T17:13:19.892-0700] {processor.py:830} INFO - Processing file /Users/fatimanaqib/Documents/job-market-tracker/.venv/lib/python3.11/site-packages/airflow/example_dags/example_task_group.py for tasks to queue
[2026-06-14T17:13:19.893-0700] {logging_mixin.py:188} INFO - [2026-06-14T17:13:19.893-0700] {dagbag.py:545} INFO - Filling up the DagBag from /Users/fatimanaqib/Documents/job-market-tracker/.venv/lib/python3.11/site-packages/airflow/example_dags/example_task_group.py
[2026-06-14T17:13:19.897-0700] {processor.py:840} INFO - DAG(s) 'example_task_group' retrieved from /Users/fatimanaqib/Documents/job-market-tracker/.venv/lib/python3.11/site-packages/airflow/example_dags/example_task_group.py
[2026-06-14T17:13:19.928-0700] {logging_mixin.py:188} INFO - [2026-06-14T17:13:19.928-0700] {dag.py:3089} INFO - Sync 1 DAGs
[2026-06-14T17:13:19.933-0700] {logging_mixin.py:188} INFO - [2026-06-14T17:13:19.933-0700] {dag.py:3947} INFO - Setting next_dagrun for example_task_group to 2026-06-14 00:00:00+00:00, run_after=2026-06-15 00:00:00+00:00
[2026-06-14T17:13:19.939-0700] {processor.py:183} INFO - Processing /Users/fatimanaqib/Documents/job-market-tracker/.venv/lib/python3.11/site-packages/airflow/example_dags/example_task_group.py took 0.049 seconds
[2026-06-14T17:14:50.862-0700] {processor.py:161} INFO - Started process (PID=50222) to work on /Users/fatimanaqib/Documents/job-market-tracker/.venv/lib/python3.11/site-packages/airflow/example_dags/example_task_group.py
[2026-06-14T17:14:50.862-0700] {processor.py:830} INFO - Processing file /Users/fatimanaqib/Documents/job-market-tracker/.venv/lib/python3.11/site-packages/airflow/example_dags/example_task_group.py for tasks to queue
[2026-06-14T17:14:50.862-0700] {logging_mixin.py:188} INFO - [2026-06-14T17:14:50.862-0700] {dagbag.py:545} INFO - Filling up the DagBag from /Users/fatimanaqib/Documents/job-market-tracker/.venv/lib/python3.11/site-packages/airflow/example_dags/example_task_group.py
[2026-06-14T17:14:50.867-0700] {processor.py:840} INFO - DAG(s) 'example_task_group' retrieved from /Users/fatimanaqib/Documents/job-market-tracker/.venv/lib/python3.11/site-packages/airflow/example_dags/example_task_group.py
[2026-06-14T17:14:50.898-0700] {logging_mixin.py:188} INFO - [2026-06-14T17:14:50.898-0700] {dag.py:3089} INFO - Sync 1 DAGs
[2026-06-14T17:14:50.904-0700] {logging_mixin.py:188} INFO - [2026-06-14T17:14:50.904-0700] {dag.py:3947} INFO - Setting next_dagrun for example_task_group to 2026-06-14 00:00:00+00:00, run_after=2026-06-15 00:00:00+00:00
[2026-06-14T17:14:50.910-0700] {processor.py:183} INFO - Processing /Users/fatimanaqib/Documents/job-market-tracker/.venv/lib/python3.11/site-packages/airflow/example_dags/example_task_group.py took 0.049 seconds
[2026-06-14T17:16:22.068-0700] {processor.py:161} INFO - Started process (PID=50471) to work on /Users/fatimanaqib/Documents/job-market-tracker/.venv/lib/python3.11/site-packages/airflow/example_dags/example_task_group.py
[2026-06-14T17:16:22.069-0700] {processor.py:830} INFO - Processing file /Users/fatimanaqib/Documents/job-market-tracker/.venv/lib/python3.11/site-packages/airflow/example_dags/example_task_group.py for tasks to queue
[2026-06-14T17:16:22.069-0700] {logging_mixin.py:188} INFO - [2026-06-14T17:16:22.069-0700] {dagbag.py:545} INFO - Filling up the DagBag from /Users/fatimanaqib/Documents/job-market-tracker/.venv/lib/python3.11/site-packages/airflow/example_dags/example_task_group.py
[2026-06-14T17:16:22.073-0700] {processor.py:840} INFO - DAG(s) 'example_task_group' retrieved from /Users/fatimanaqib/Documents/job-market-tracker/.venv/lib/python3.11/site-packages/airflow/example_dags/example_task_group.py
[2026-06-14T17:16:22.102-0700] {logging_mixin.py:188} INFO - [2026-06-14T17:16:22.102-0700] {dag.py:3089} INFO - Sync 1 DAGs
[2026-06-14T17:16:22.107-0700] {logging_mixin.py:188} INFO - [2026-06-14T17:16:22.107-0700] {dag.py:3947} INFO - Setting next_dagrun for example_task_group to 2026-06-14 00:00:00+00:00, run_after=2026-06-15 00:00:00+00:00
[2026-06-14T17:16:22.113-0700] {processor.py:183} INFO - Processing /Users/fatimanaqib/Documents/job-market-tracker/.venv/lib/python3.11/site-packages/airflow/example_dags/example_task_group.py took 0.046 seconds
[2026-06-14T17:17:24.061-0700] {processor.py:161} INFO - Started process (PID=50629) to work on /Users/fatimanaqib/Documents/job-market-tracker/.venv/lib/python3.11/site-packages/airflow/example_dags/example_task_group.py
[2026-06-14T17:17:24.062-0700] {processor.py:830} INFO - Processing file /Users/fatimanaqib/Documents/job-market-tracker/.venv/lib/python3.11/site-packages/airflow/example_dags/example_task_group.py for tasks to queue
[2026-06-14T17:17:24.062-0700] {logging_mixin.py:188} INFO - [2026-06-14T17:17:24.062-0700] {dagbag.py:545} INFO - Filling up the DagBag from /Users/fatimanaqib/Documents/job-market-tracker/.venv/lib/python3.11/site-packages/airflow/example_dags/example_task_group.py
[2026-06-14T17:17:24.066-0700] {processor.py:840} INFO - DAG(s) 'example_task_group' retrieved from /Users/fatimanaqib/Documents/job-market-tracker/.venv/lib/python3.11/site-packages/airflow/example_dags/example_task_group.py
[2026-06-14T17:17:24.097-0700] {logging_mixin.py:188} INFO - [2026-06-14T17:17:24.097-0700] {dag.py:3089} INFO - Sync 1 DAGs
[2026-06-14T17:17:24.103-0700] {logging_mixin.py:188} INFO - [2026-06-14T17:17:24.103-0700] {dag.py:3947} INFO - Setting next_dagrun for example_task_group to 2026-06-14 00:00:00+00:00, run_after=2026-06-15 00:00:00+00:00
[2026-06-14T17:17:24.109-0700] {processor.py:183} INFO - Processing /Users/fatimanaqib/Documents/job-market-tracker/.venv/lib/python3.11/site-packages/airflow/example_dags/example_task_group.py took 0.049 seconds
[2026-06-14T17:18:26.223-0700] {processor.py:161} INFO - Started process (PID=50752) to work on /Users/fatimanaqib/Documents/job-market-tracker/.venv/lib/python3.11/site-packages/airflow/example_dags/example_task_group.py
[2026-06-14T17:18:26.224-0700] {processor.py:830} INFO - Processing file /Users/fatimanaqib/Documents/job-market-tracker/.venv/lib/python3.11/site-packages/airflow/example_dags/example_task_group.py for tasks to queue
[2026-06-14T17:18:26.224-0700] {logging_mixin.py:188} INFO - [2026-06-14T17:18:26.224-0700] {dagbag.py:545} INFO - Filling up the DagBag from /Users/fatimanaqib/Documents/job-market-tracker/.venv/lib/python3.11/site-packages/airflow/example_dags/example_task_group.py
[2026-06-14T17:18:26.229-0700] {processor.py:840} INFO - DAG(s) 'example_task_group' retrieved from /Users/fatimanaqib/Documents/job-market-tracker/.venv/lib/python3.11/site-packages/airflow/example_dags/example_task_group.py
[2026-06-14T17:18:26.263-0700] {logging_mixin.py:188} INFO - [2026-06-14T17:18:26.263-0700] {dag.py:3089} INFO - Sync 1 DAGs
[2026-06-14T17:18:26.269-0700] {logging_mixin.py:188} INFO - [2026-06-14T17:18:26.269-0700] {dag.py:3947} INFO - Setting next_dagrun for example_task_group to 2026-06-14 00:00:00+00:00, run_after=2026-06-15 00:00:00+00:00
[2026-06-14T17:18:26.274-0700] {processor.py:183} INFO - Processing /Users/fatimanaqib/Documents/job-market-tracker/.venv/lib/python3.11/site-packages/airflow/example_dags/example_task_group.py took 0.052 seconds
