[2026-06-14T17:12:48.580-0700] {processor.py:161} INFO - Started process (PID=49419) to work on /Users/fatimanaqib/Documents/job-market-tracker/.venv/lib/python3.11/site-packages/airflow/example_dags/example_bash_operator.py
[2026-06-14T17:12:48.580-0700] {processor.py:830} INFO - Processing file /Users/fatimanaqib/Documents/job-market-tracker/.venv/lib/python3.11/site-packages/airflow/example_dags/example_bash_operator.py for tasks to queue
[2026-06-14T17:12:48.581-0700] {logging_mixin.py:188} INFO - [2026-06-14T17:12:48.581-0700] {dagbag.py:545} INFO - Filling up the DagBag from /Users/fatimanaqib/Documents/job-market-tracker/.venv/lib/python3.11/site-packages/airflow/example_dags/example_bash_operator.py
[2026-06-14T17:12:48.586-0700] {processor.py:840} INFO - DAG(s) 'example_bash_operator' retrieved from /Users/fatimanaqib/Documents/job-market-tracker/.venv/lib/python3.11/site-packages/airflow/example_dags/example_bash_operator.py
[2026-06-14T17:12:48.645-0700] {logging_mixin.py:188} INFO - [2026-06-14T17:12:48.644-0700] {override.py:1858} INFO - Created Permission View: can delete on DAG:example_bash_operator
[2026-06-14T17:12:48.647-0700] {logging_mixin.py:188} INFO - [2026-06-14T17:12:48.647-0700] {override.py:1858} INFO - Created Permission View: can edit on DAG:example_bash_operator
[2026-06-14T17:12:48.649-0700] {logging_mixin.py:188} INFO - [2026-06-14T17:12:48.649-0700] {override.py:1858} INFO - Created Permission View: can read on DAG:example_bash_operator
[2026-06-14T17:12:48.649-0700] {logging_mixin.py:188} INFO - [2026-06-14T17:12:48.649-0700] {dag.py:3089} INFO - Sync 1 DAGs
[2026-06-14T17:12:48.652-0700] {logging_mixin.py:188} INFO - [2026-06-14T17:12:48.652-0700] {dag.py:3111} INFO - Creating ORM DAG for example_bash_operator
[2026-06-14T17:12:48.655-0700] {logging_mixin.py:188} INFO - [2026-06-14T17:12:48.655-0700] {dag.py:3947} INFO - Setting next_dagrun for example_bash_operator to 2026-06-14 00:00:00+00:00, run_after=2026-06-15 00:00:00+00:00
[2026-06-14T17:12:48.690-0700] {processor.py:183} INFO - Processing /Users/fatimanaqib/Documents/job-market-tracker/.venv/lib/python3.11/site-packages/airflow/example_dags/example_bash_operator.py took 0.111 seconds
[2026-06-14T17:15:47.598-0700] {processor.py:161} INFO - Started process (PID=50363) to work on /Users/fatimanaqib/Documents/job-market-tracker/.venv/lib/python3.11/site-packages/airflow/example_dags/example_bash_operator.py
[2026-06-14T17:15:47.598-0700] {processor.py:830} INFO - Processing file /Users/fatimanaqib/Documents/job-market-tracker/.venv/lib/python3.11/site-packages/airflow/example_dags/example_bash_operator.py for tasks to queue
[2026-06-14T17:15:47.598-0700] {logging_mixin.py:188} INFO - [2026-06-14T17:15:47.598-0700] {dagbag.py:545} INFO - Filling up the DagBag from /Users/fatimanaqib/Documents/job-market-tracker/.venv/lib/python3.11/site-packages/airflow/example_dags/example_bash_operator.py
[2026-06-14T17:15:47.604-0700] {processor.py:840} INFO - DAG(s) 'example_bash_operator' retrieved from /Users/fatimanaqib/Documents/job-market-tracker/.venv/lib/python3.11/site-packages/airflow/example_dags/example_bash_operator.py
[2026-06-14T17:15:47.639-0700] {logging_mixin.py:188} INFO - [2026-06-14T17:15:47.638-0700] {dag.py:3089} INFO - Sync 1 DAGs
[2026-06-14T17:15:47.644-0700] {logging_mixin.py:188} INFO - [2026-06-14T17:15:47.644-0700] {dag.py:3947} INFO - Setting next_dagrun for example_bash_operator to 2026-06-14 00:00:00+00:00, run_after=2026-06-15 00:00:00+00:00
[2026-06-14T17:15:47.650-0700] {processor.py:183} INFO - Processing /Users/fatimanaqib/Documents/job-market-tracker/.venv/lib/python3.11/site-packages/airflow/example_dags/example_bash_operator.py took 0.054 seconds
[2026-06-14T17:17:52.075-0700] {processor.py:161} INFO - Started process (PID=50700) to work on /Users/fatimanaqib/Documents/job-market-tracker/.venv/lib/python3.11/site-packages/airflow/example_dags/example_bash_operator.py
[2026-06-14T17:17:52.075-0700] {processor.py:830} INFO - Processing file /Users/fatimanaqib/Documents/job-market-tracker/.venv/lib/python3.11/site-packages/airflow/example_dags/example_bash_operator.py for tasks to queue
[2026-06-14T17:17:52.076-0700] {logging_mixin.py:188} INFO - [2026-06-14T17:17:52.076-0700] {dagbag.py:545} INFO - Filling up the DagBag from /Users/fatimanaqib/Documents/job-market-tracker/.venv/lib/python3.11/site-packages/airflow/example_dags/example_bash_operator.py
[2026-06-14T17:17:52.081-0700] {processor.py:840} INFO - DAG(s) 'example_bash_operator' retrieved from /Users/fatimanaqib/Documents/job-market-tracker/.venv/lib/python3.11/site-packages/airflow/example_dags/example_bash_operator.py
[2026-06-14T17:17:52.112-0700] {logging_mixin.py:188} INFO - [2026-06-14T17:17:52.112-0700] {dag.py:3089} INFO - Sync 1 DAGs
[2026-06-14T17:17:52.118-0700] {logging_mixin.py:188} INFO - [2026-06-14T17:17:52.118-0700] {dag.py:3947} INFO - Setting next_dagrun for example_bash_operator to 2026-06-14 00:00:00+00:00, run_after=2026-06-15 00:00:00+00:00
[2026-06-14T17:17:52.124-0700] {processor.py:183} INFO - Processing /Users/fatimanaqib/Documents/job-market-tracker/.venv/lib/python3.11/site-packages/airflow/example_dags/example_bash_operator.py took 0.050 seconds
