[2026-06-14T17:11:55.633-0700] {processor.py:161} INFO - Started process (PID=49180) to work on /Users/fatimanaqib/Documents/job-market-tracker/.venv/lib/python3.11/site-packages/airflow/example_dags/example_subdag_operator.py
[2026-06-14T17:11:55.633-0700] {processor.py:830} INFO - Processing file /Users/fatimanaqib/Documents/job-market-tracker/.venv/lib/python3.11/site-packages/airflow/example_dags/example_subdag_operator.py for tasks to queue
[2026-06-14T17:11:55.634-0700] {logging_mixin.py:188} INFO - [2026-06-14T17:11:55.633-0700] {dagbag.py:545} INFO - Filling up the DagBag from /Users/fatimanaqib/Documents/job-market-tracker/.venv/lib/python3.11/site-packages/airflow/example_dags/example_subdag_operator.py
[2026-06-14T17:11:55.663-0700] {processor.py:840} INFO - DAG(s) 'example_subdag_operator.section-1', 'example_subdag_operator.section-2', 'example_subdag_operator' retrieved from /Users/fatimanaqib/Documents/job-market-tracker/.venv/lib/python3.11/site-packages/airflow/example_dags/example_subdag_operator.py
[2026-06-14T17:11:55.703-0700] {logging_mixin.py:188} INFO - [2026-06-14T17:11:55.703-0700] {override.py:1858} INFO - Created Permission View: can delete on DAG:example_subdag_operator
[2026-06-14T17:11:55.706-0700] {logging_mixin.py:188} INFO - [2026-06-14T17:11:55.706-0700] {override.py:1858} INFO - Created Permission View: can edit on DAG:example_subdag_operator
[2026-06-14T17:11:55.708-0700] {logging_mixin.py:188} INFO - [2026-06-14T17:11:55.707-0700] {override.py:1858} INFO - Created Permission View: can read on DAG:example_subdag_operator
[2026-06-14T17:11:55.708-0700] {logging_mixin.py:188} INFO - [2026-06-14T17:11:55.708-0700] {dag.py:3089} INFO - Sync 3 DAGs
[2026-06-14T17:11:55.711-0700] {logging_mixin.py:188} INFO - [2026-06-14T17:11:55.711-0700] {dag.py:3111} INFO - Creating ORM DAG for example_subdag_operator
[2026-06-14T17:11:55.711-0700] {logging_mixin.py:188} INFO - [2026-06-14T17:11:55.711-0700] {dag.py:3111} INFO - Creating ORM DAG for example_subdag_operator.section-1
[2026-06-14T17:11:55.711-0700] {logging_mixin.py:188} INFO - [2026-06-14T17:11:55.711-0700] {dag.py:3111} INFO - Creating ORM DAG for example_subdag_operator.section-2
[2026-06-14T17:11:55.714-0700] {logging_mixin.py:188} INFO - [2026-06-14T17:11:55.714-0700] {dag.py:3947} INFO - Setting next_dagrun for example_subdag_operator to 2022-01-01 00:00:00+00:00, run_after=2022-01-01 00:00:00+00:00
[2026-06-14T17:11:55.714-0700] {logging_mixin.py:188} INFO - [2026-06-14T17:11:55.714-0700] {dag.py:3947} INFO - Setting next_dagrun for example_subdag_operator.section-1 to None, run_after=None
[2026-06-14T17:11:55.714-0700] {logging_mixin.py:188} INFO - [2026-06-14T17:11:55.714-0700] {dag.py:3947} INFO - Setting next_dagrun for example_subdag_operator.section-2 to None, run_after=None
[2026-06-14T17:11:55.743-0700] {logging_mixin.py:188} INFO - [2026-06-14T17:11:55.743-0700] {dag.py:3089} INFO - Sync 2 DAGs
[2026-06-14T17:11:55.744-0700] {logging_mixin.py:188} INFO - [2026-06-14T17:11:55.744-0700] {dag.py:3947} INFO - Setting next_dagrun for example_subdag_operator.section-1 to None, run_after=None
[2026-06-14T17:11:55.745-0700] {logging_mixin.py:188} INFO - [2026-06-14T17:11:55.745-0700] {dag.py:3947} INFO - Setting next_dagrun for example_subdag_operator.section-2 to None, run_after=None
[2026-06-14T17:11:55.750-0700] {processor.py:183} INFO - Processing /Users/fatimanaqib/Documents/job-market-tracker/.venv/lib/python3.11/site-packages/airflow/example_dags/example_subdag_operator.py took 0.118 seconds
[2026-06-14T17:13:21.608-0700] {processor.py:161} INFO - Started process (PID=49452) to work on /Users/fatimanaqib/Documents/job-market-tracker/.venv/lib/python3.11/site-packages/airflow/example_dags/example_subdag_operator.py
[2026-06-14T17:13:21.608-0700] {processor.py:830} INFO - Processing file /Users/fatimanaqib/Documents/job-market-tracker/.venv/lib/python3.11/site-packages/airflow/example_dags/example_subdag_operator.py for tasks to queue
[2026-06-14T17:13:21.609-0700] {logging_mixin.py:188} INFO - [2026-06-14T17:13:21.609-0700] {dagbag.py:545} INFO - Filling up the DagBag from /Users/fatimanaqib/Documents/job-market-tracker/.venv/lib/python3.11/site-packages/airflow/example_dags/example_subdag_operator.py
[2026-06-14T17:13:21.638-0700] {processor.py:840} INFO - DAG(s) 'example_subdag_operator.section-1', 'example_subdag_operator.section-2', 'example_subdag_operator' retrieved from /Users/fatimanaqib/Documents/job-market-tracker/.venv/lib/python3.11/site-packages/airflow/example_dags/example_subdag_operator.py
[2026-06-14T17:13:21.650-0700] {logging_mixin.py:188} INFO - [2026-06-14T17:13:21.650-0700] {dag.py:3089} INFO - Sync 3 DAGs
[2026-06-14T17:13:21.655-0700] {logging_mixin.py:188} INFO - [2026-06-14T17:13:21.655-0700] {dag.py:3947} INFO - Setting next_dagrun for example_subdag_operator to 2022-01-01 00:00:00+00:00, run_after=2022-01-01 00:00:00+00:00
[2026-06-14T17:13:21.656-0700] {logging_mixin.py:188} INFO - [2026-06-14T17:13:21.656-0700] {dag.py:3947} INFO - Setting next_dagrun for example_subdag_operator.section-1 to None, run_after=None
[2026-06-14T17:13:21.656-0700] {logging_mixin.py:188} INFO - [2026-06-14T17:13:21.656-0700] {dag.py:3947} INFO - Setting next_dagrun for example_subdag_operator.section-2 to None, run_after=None
[2026-06-14T17:13:21.658-0700] {logging_mixin.py:188} INFO - [2026-06-14T17:13:21.658-0700] {dag.py:3089} INFO - Sync 2 DAGs
[2026-06-14T17:13:21.659-0700] {logging_mixin.py:188} INFO - [2026-06-14T17:13:21.659-0700] {dag.py:3947} INFO - Setting next_dagrun for example_subdag_operator.section-1 to None, run_after=None
[2026-06-14T17:13:21.659-0700] {logging_mixin.py:188} INFO - [2026-06-14T17:13:21.659-0700] {dag.py:3947} INFO - Setting next_dagrun for example_subdag_operator.section-2 to None, run_after=None
[2026-06-14T17:13:21.663-0700] {processor.py:183} INFO - Processing /Users/fatimanaqib/Documents/job-market-tracker/.venv/lib/python3.11/site-packages/airflow/example_dags/example_subdag_operator.py took 0.056 seconds
[2026-06-14T17:14:52.570-0700] {processor.py:161} INFO - Started process (PID=50224) to work on /Users/fatimanaqib/Documents/job-market-tracker/.venv/lib/python3.11/site-packages/airflow/example_dags/example_subdag_operator.py
[2026-06-14T17:14:52.571-0700] {processor.py:830} INFO - Processing file /Users/fatimanaqib/Documents/job-market-tracker/.venv/lib/python3.11/site-packages/airflow/example_dags/example_subdag_operator.py for tasks to queue
[2026-06-14T17:14:52.571-0700] {logging_mixin.py:188} INFO - [2026-06-14T17:14:52.571-0700] {dagbag.py:545} INFO - Filling up the DagBag from /Users/fatimanaqib/Documents/job-market-tracker/.venv/lib/python3.11/site-packages/airflow/example_dags/example_subdag_operator.py
[2026-06-14T17:14:52.600-0700] {processor.py:840} INFO - DAG(s) 'example_subdag_operator.section-1', 'example_subdag_operator.section-2', 'example_subdag_operator' retrieved from /Users/fatimanaqib/Documents/job-market-tracker/.venv/lib/python3.11/site-packages/airflow/example_dags/example_subdag_operator.py
[2026-06-14T17:14:52.611-0700] {logging_mixin.py:188} INFO - [2026-06-14T17:14:52.611-0700] {dag.py:3089} INFO - Sync 3 DAGs
[2026-06-14T17:14:52.616-0700] {logging_mixin.py:188} INFO - [2026-06-14T17:14:52.616-0700] {dag.py:3947} INFO - Setting next_dagrun for example_subdag_operator to 2022-01-01 00:00:00+00:00, run_after=2022-01-01 00:00:00+00:00
[2026-06-14T17:14:52.617-0700] {logging_mixin.py:188} INFO - [2026-06-14T17:14:52.617-0700] {dag.py:3947} INFO - Setting next_dagrun for example_subdag_operator.section-1 to None, run_after=None
[2026-06-14T17:14:52.617-0700] {logging_mixin.py:188} INFO - [2026-06-14T17:14:52.617-0700] {dag.py:3947} INFO - Setting next_dagrun for example_subdag_operator.section-2 to None, run_after=None
[2026-06-14T17:14:52.620-0700] {logging_mixin.py:188} INFO - [2026-06-14T17:14:52.619-0700] {dag.py:3089} INFO - Sync 2 DAGs
[2026-06-14T17:14:52.621-0700] {logging_mixin.py:188} INFO - [2026-06-14T17:14:52.621-0700] {dag.py:3947} INFO - Setting next_dagrun for example_subdag_operator.section-1 to None, run_after=None
[2026-06-14T17:14:52.621-0700] {logging_mixin.py:188} INFO - [2026-06-14T17:14:52.621-0700] {dag.py:3947} INFO - Setting next_dagrun for example_subdag_operator.section-2 to None, run_after=None
[2026-06-14T17:14:52.626-0700] {processor.py:183} INFO - Processing /Users/fatimanaqib/Documents/job-market-tracker/.venv/lib/python3.11/site-packages/airflow/example_dags/example_subdag_operator.py took 0.057 seconds
[2026-06-14T17:16:23.802-0700] {processor.py:161} INFO - Started process (PID=50477) to work on /Users/fatimanaqib/Documents/job-market-tracker/.venv/lib/python3.11/site-packages/airflow/example_dags/example_subdag_operator.py
[2026-06-14T17:16:23.802-0700] {processor.py:830} INFO - Processing file /Users/fatimanaqib/Documents/job-market-tracker/.venv/lib/python3.11/site-packages/airflow/example_dags/example_subdag_operator.py for tasks to queue
[2026-06-14T17:16:23.803-0700] {logging_mixin.py:188} INFO - [2026-06-14T17:16:23.803-0700] {dagbag.py:545} INFO - Filling up the DagBag from /Users/fatimanaqib/Documents/job-market-tracker/.venv/lib/python3.11/site-packages/airflow/example_dags/example_subdag_operator.py
[2026-06-14T17:16:23.834-0700] {processor.py:840} INFO - DAG(s) 'example_subdag_operator.section-1', 'example_subdag_operator.section-2', 'example_subdag_operator' retrieved from /Users/fatimanaqib/Documents/job-market-tracker/.venv/lib/python3.11/site-packages/airflow/example_dags/example_subdag_operator.py
[2026-06-14T17:16:23.846-0700] {logging_mixin.py:188} INFO - [2026-06-14T17:16:23.846-0700] {dag.py:3089} INFO - Sync 3 DAGs
[2026-06-14T17:16:23.851-0700] {logging_mixin.py:188} INFO - [2026-06-14T17:16:23.851-0700] {dag.py:3947} INFO - Setting next_dagrun for example_subdag_operator to 2022-01-01 00:00:00+00:00, run_after=2022-01-01 00:00:00+00:00
[2026-06-14T17:16:23.852-0700] {logging_mixin.py:188} INFO - [2026-06-14T17:16:23.852-0700] {dag.py:3947} INFO - Setting next_dagrun for example_subdag_operator.section-1 to None, run_after=None
[2026-06-14T17:16:23.852-0700] {logging_mixin.py:188} INFO - [2026-06-14T17:16:23.852-0700] {dag.py:3947} INFO - Setting next_dagrun for example_subdag_operator.section-2 to None, run_after=None
[2026-06-14T17:16:23.854-0700] {logging_mixin.py:188} INFO - [2026-06-14T17:16:23.854-0700] {dag.py:3089} INFO - Sync 2 DAGs
[2026-06-14T17:16:23.855-0700] {logging_mixin.py:188} INFO - [2026-06-14T17:16:23.855-0700] {dag.py:3947} INFO - Setting next_dagrun for example_subdag_operator.section-1 to None, run_after=None
[2026-06-14T17:16:23.855-0700] {logging_mixin.py:188} INFO - [2026-06-14T17:16:23.855-0700] {dag.py:3947} INFO - Setting next_dagrun for example_subdag_operator.section-2 to None, run_after=None
[2026-06-14T17:16:23.859-0700] {processor.py:183} INFO - Processing /Users/fatimanaqib/Documents/job-market-tracker/.venv/lib/python3.11/site-packages/airflow/example_dags/example_subdag_operator.py took 0.059 seconds
[2026-06-14T17:17:25.798-0700] {processor.py:161} INFO - Started process (PID=50630) to work on /Users/fatimanaqib/Documents/job-market-tracker/.venv/lib/python3.11/site-packages/airflow/example_dags/example_subdag_operator.py
[2026-06-14T17:17:25.799-0700] {processor.py:830} INFO - Processing file /Users/fatimanaqib/Documents/job-market-tracker/.venv/lib/python3.11/site-packages/airflow/example_dags/example_subdag_operator.py for tasks to queue
[2026-06-14T17:17:25.799-0700] {logging_mixin.py:188} INFO - [2026-06-14T17:17:25.799-0700] {dagbag.py:545} INFO - Filling up the DagBag from /Users/fatimanaqib/Documents/job-market-tracker/.venv/lib/python3.11/site-packages/airflow/example_dags/example_subdag_operator.py
[2026-06-14T17:17:25.836-0700] {processor.py:840} INFO - DAG(s) 'example_subdag_operator.section-1', 'example_subdag_operator.section-2', 'example_subdag_operator' retrieved from /Users/fatimanaqib/Documents/job-market-tracker/.venv/lib/python3.11/site-packages/airflow/example_dags/example_subdag_operator.py
[2026-06-14T17:17:25.848-0700] {logging_mixin.py:188} INFO - [2026-06-14T17:17:25.847-0700] {dag.py:3089} INFO - Sync 3 DAGs
[2026-06-14T17:17:25.852-0700] {logging_mixin.py:188} INFO - [2026-06-14T17:17:25.852-0700] {dag.py:3947} INFO - Setting next_dagrun for example_subdag_operator to 2022-01-01 00:00:00+00:00, run_after=2022-01-01 00:00:00+00:00
[2026-06-14T17:17:25.853-0700] {logging_mixin.py:188} INFO - [2026-06-14T17:17:25.853-0700] {dag.py:3947} INFO - Setting next_dagrun for example_subdag_operator.section-1 to None, run_after=None
[2026-06-14T17:17:25.854-0700] {logging_mixin.py:188} INFO - [2026-06-14T17:17:25.854-0700] {dag.py:3947} INFO - Setting next_dagrun for example_subdag_operator.section-2 to None, run_after=None
[2026-06-14T17:17:25.855-0700] {logging_mixin.py:188} INFO - [2026-06-14T17:17:25.855-0700] {dag.py:3089} INFO - Sync 2 DAGs
[2026-06-14T17:17:25.856-0700] {logging_mixin.py:188} INFO - [2026-06-14T17:17:25.856-0700] {dag.py:3947} INFO - Setting next_dagrun for example_subdag_operator.section-1 to None, run_after=None
[2026-06-14T17:17:25.856-0700] {logging_mixin.py:188} INFO - [2026-06-14T17:17:25.856-0700] {dag.py:3947} INFO - Setting next_dagrun for example_subdag_operator.section-2 to None, run_after=None
[2026-06-14T17:17:25.861-0700] {processor.py:183} INFO - Processing /Users/fatimanaqib/Documents/job-market-tracker/.venv/lib/python3.11/site-packages/airflow/example_dags/example_subdag_operator.py took 0.064 seconds
[2026-06-14T17:18:27.168-0700] {processor.py:161} INFO - Started process (PID=50762) to work on /Users/fatimanaqib/Documents/job-market-tracker/.venv/lib/python3.11/site-packages/airflow/example_dags/example_subdag_operator.py
[2026-06-14T17:18:27.169-0700] {processor.py:830} INFO - Processing file /Users/fatimanaqib/Documents/job-market-tracker/.venv/lib/python3.11/site-packages/airflow/example_dags/example_subdag_operator.py for tasks to queue
[2026-06-14T17:18:27.169-0700] {logging_mixin.py:188} INFO - [2026-06-14T17:18:27.169-0700] {dagbag.py:545} INFO - Filling up the DagBag from /Users/fatimanaqib/Documents/job-market-tracker/.venv/lib/python3.11/site-packages/airflow/example_dags/example_subdag_operator.py
[2026-06-14T17:18:27.203-0700] {processor.py:840} INFO - DAG(s) 'example_subdag_operator.section-1', 'example_subdag_operator.section-2', 'example_subdag_operator' retrieved from /Users/fatimanaqib/Documents/job-market-tracker/.venv/lib/python3.11/site-packages/airflow/example_dags/example_subdag_operator.py
[2026-06-14T17:18:27.218-0700] {logging_mixin.py:188} INFO - [2026-06-14T17:18:27.217-0700] {dag.py:3089} INFO - Sync 3 DAGs
[2026-06-14T17:18:27.224-0700] {logging_mixin.py:188} INFO - [2026-06-14T17:18:27.224-0700] {dag.py:3947} INFO - Setting next_dagrun for example_subdag_operator to 2022-01-01 00:00:00+00:00, run_after=2022-01-01 00:00:00+00:00
[2026-06-14T17:18:27.225-0700] {logging_mixin.py:188} INFO - [2026-06-14T17:18:27.225-0700] {dag.py:3947} INFO - Setting next_dagrun for example_subdag_operator.section-1 to None, run_after=None
[2026-06-14T17:18:27.226-0700] {logging_mixin.py:188} INFO - [2026-06-14T17:18:27.226-0700] {dag.py:3947} INFO - Setting next_dagrun for example_subdag_operator.section-2 to None, run_after=None
[2026-06-14T17:18:27.228-0700] {logging_mixin.py:188} INFO - [2026-06-14T17:18:27.228-0700] {dag.py:3089} INFO - Sync 2 DAGs
[2026-06-14T17:18:27.230-0700] {logging_mixin.py:188} INFO - [2026-06-14T17:18:27.229-0700] {dag.py:3947} INFO - Setting next_dagrun for example_subdag_operator.section-1 to None, run_after=None
[2026-06-14T17:18:27.230-0700] {logging_mixin.py:188} INFO - [2026-06-14T17:18:27.230-0700] {dag.py:3947} INFO - Setting next_dagrun for example_subdag_operator.section-2 to None, run_after=None
[2026-06-14T17:18:27.235-0700] {processor.py:183} INFO - Processing /Users/fatimanaqib/Documents/job-market-tracker/.venv/lib/python3.11/site-packages/airflow/example_dags/example_subdag_operator.py took 0.068 seconds
