[2026-06-14T17:12:12.410-0700] {processor.py:161} INFO - Started process (PID=49360) to work on /Users/fatimanaqib/Documents/job-market-tracker/.venv/lib/python3.11/site-packages/airflow/example_dags/example_python_decorator.py
[2026-06-14T17:12:12.410-0700] {processor.py:830} INFO - Processing file /Users/fatimanaqib/Documents/job-market-tracker/.venv/lib/python3.11/site-packages/airflow/example_dags/example_python_decorator.py for tasks to queue
[2026-06-14T17:12:12.411-0700] {logging_mixin.py:188} INFO - [2026-06-14T17:12:12.411-0700] {dagbag.py:545} INFO - Filling up the DagBag from /Users/fatimanaqib/Documents/job-market-tracker/.venv/lib/python3.11/site-packages/airflow/example_dags/example_python_decorator.py
[2026-06-14T17:12:12.425-0700] {logging_mixin.py:188} INFO - [2026-06-14T17:12:12.425-0700] {example_python_decorator.py:80} WARNING - The virtalenv_python example task requires virtualenv, please install it.
[2026-06-14T17:12:12.426-0700] {processor.py:840} INFO - DAG(s) 'example_python_decorator' retrieved from /Users/fatimanaqib/Documents/job-market-tracker/.venv/lib/python3.11/site-packages/airflow/example_dags/example_python_decorator.py
[2026-06-14T17:12:12.515-0700] {logging_mixin.py:188} INFO - [2026-06-14T17:12:12.515-0700] {override.py:1858} INFO - Created Permission View: can read on DAG:example_python_decorator
[2026-06-14T17:12:12.518-0700] {logging_mixin.py:188} INFO - [2026-06-14T17:12:12.518-0700] {override.py:1858} INFO - Created Permission View: can edit on DAG:example_python_decorator
[2026-06-14T17:12:12.520-0700] {logging_mixin.py:188} INFO - [2026-06-14T17:12:12.520-0700] {override.py:1858} INFO - Created Permission View: can delete on DAG:example_python_decorator
[2026-06-14T17:12:12.521-0700] {logging_mixin.py:188} INFO - [2026-06-14T17:12:12.521-0700] {dag.py:3089} INFO - Sync 1 DAGs
[2026-06-14T17:12:12.524-0700] {logging_mixin.py:188} INFO - [2026-06-14T17:12:12.524-0700] {dag.py:3111} INFO - Creating ORM DAG for example_python_decorator
[2026-06-14T17:12:12.524-0700] {logging_mixin.py:188} INFO - [2026-06-14T17:12:12.524-0700] {dag.py:3947} INFO - Setting next_dagrun for example_python_decorator to None, run_after=None
[2026-06-14T17:12:12.530-0700] {processor.py:183} INFO - Processing /Users/fatimanaqib/Documents/job-market-tracker/.venv/lib/python3.11/site-packages/airflow/example_dags/example_python_decorator.py took 0.121 seconds
[2026-06-14T17:13:36.324-0700] {processor.py:161} INFO - Started process (PID=49481) to work on /Users/fatimanaqib/Documents/job-market-tracker/.venv/lib/python3.11/site-packages/airflow/example_dags/example_python_decorator.py
[2026-06-14T17:13:36.324-0700] {processor.py:830} INFO - Processing file /Users/fatimanaqib/Documents/job-market-tracker/.venv/lib/python3.11/site-packages/airflow/example_dags/example_python_decorator.py for tasks to queue
[2026-06-14T17:13:36.324-0700] {logging_mixin.py:188} INFO - [2026-06-14T17:13:36.324-0700] {dagbag.py:545} INFO - Filling up the DagBag from /Users/fatimanaqib/Documents/job-market-tracker/.venv/lib/python3.11/site-packages/airflow/example_dags/example_python_decorator.py
[2026-06-14T17:13:36.337-0700] {logging_mixin.py:188} INFO - [2026-06-14T17:13:36.337-0700] {example_python_decorator.py:80} WARNING - The virtalenv_python example task requires virtualenv, please install it.
[2026-06-14T17:13:36.338-0700] {processor.py:840} INFO - DAG(s) 'example_python_decorator' retrieved from /Users/fatimanaqib/Documents/job-market-tracker/.venv/lib/python3.11/site-packages/airflow/example_dags/example_python_decorator.py
[2026-06-14T17:13:36.368-0700] {logging_mixin.py:188} INFO - [2026-06-14T17:13:36.368-0700] {dag.py:3089} INFO - Sync 1 DAGs
[2026-06-14T17:13:36.371-0700] {logging_mixin.py:188} INFO - [2026-06-14T17:13:36.371-0700] {dag.py:3947} INFO - Setting next_dagrun for example_python_decorator to None, run_after=None
[2026-06-14T17:13:36.377-0700] {processor.py:183} INFO - Processing /Users/fatimanaqib/Documents/job-market-tracker/.venv/lib/python3.11/site-packages/airflow/example_dags/example_python_decorator.py took 0.054 seconds
[2026-06-14T17:15:09.259-0700] {processor.py:161} INFO - Started process (PID=50246) to work on /Users/fatimanaqib/Documents/job-market-tracker/.venv/lib/python3.11/site-packages/airflow/example_dags/example_python_decorator.py
[2026-06-14T17:15:09.259-0700] {processor.py:830} INFO - Processing file /Users/fatimanaqib/Documents/job-market-tracker/.venv/lib/python3.11/site-packages/airflow/example_dags/example_python_decorator.py for tasks to queue
[2026-06-14T17:15:09.260-0700] {logging_mixin.py:188} INFO - [2026-06-14T17:15:09.260-0700] {dagbag.py:545} INFO - Filling up the DagBag from /Users/fatimanaqib/Documents/job-market-tracker/.venv/lib/python3.11/site-packages/airflow/example_dags/example_python_decorator.py
[2026-06-14T17:15:09.273-0700] {logging_mixin.py:188} INFO - [2026-06-14T17:15:09.273-0700] {example_python_decorator.py:80} WARNING - The virtalenv_python example task requires virtualenv, please install it.
[2026-06-14T17:15:09.273-0700] {processor.py:840} INFO - DAG(s) 'example_python_decorator' retrieved from /Users/fatimanaqib/Documents/job-market-tracker/.venv/lib/python3.11/site-packages/airflow/example_dags/example_python_decorator.py
[2026-06-14T17:15:09.304-0700] {logging_mixin.py:188} INFO - [2026-06-14T17:15:09.303-0700] {dag.py:3089} INFO - Sync 1 DAGs
[2026-06-14T17:15:09.306-0700] {logging_mixin.py:188} INFO - [2026-06-14T17:15:09.306-0700] {dag.py:3947} INFO - Setting next_dagrun for example_python_decorator to None, run_after=None
[2026-06-14T17:15:09.312-0700] {processor.py:183} INFO - Processing /Users/fatimanaqib/Documents/job-market-tracker/.venv/lib/python3.11/site-packages/airflow/example_dags/example_python_decorator.py took 0.054 seconds
[2026-06-14T17:16:41.001-0700] {processor.py:161} INFO - Started process (PID=50502) to work on /Users/fatimanaqib/Documents/job-market-tracker/.venv/lib/python3.11/site-packages/airflow/example_dags/example_python_decorator.py
[2026-06-14T17:16:41.002-0700] {processor.py:830} INFO - Processing file /Users/fatimanaqib/Documents/job-market-tracker/.venv/lib/python3.11/site-packages/airflow/example_dags/example_python_decorator.py for tasks to queue
[2026-06-14T17:16:41.003-0700] {logging_mixin.py:188} INFO - [2026-06-14T17:16:41.003-0700] {dagbag.py:545} INFO - Filling up the DagBag from /Users/fatimanaqib/Documents/job-market-tracker/.venv/lib/python3.11/site-packages/airflow/example_dags/example_python_decorator.py
[2026-06-14T17:16:41.015-0700] {logging_mixin.py:188} INFO - [2026-06-14T17:16:41.015-0700] {example_python_decorator.py:80} WARNING - The virtalenv_python example task requires virtualenv, please install it.
[2026-06-14T17:16:41.016-0700] {processor.py:840} INFO - DAG(s) 'example_python_decorator' retrieved from /Users/fatimanaqib/Documents/job-market-tracker/.venv/lib/python3.11/site-packages/airflow/example_dags/example_python_decorator.py
[2026-06-14T17:16:41.046-0700] {logging_mixin.py:188} INFO - [2026-06-14T17:16:41.046-0700] {dag.py:3089} INFO - Sync 1 DAGs
[2026-06-14T17:16:41.049-0700] {logging_mixin.py:188} INFO - [2026-06-14T17:16:41.049-0700] {dag.py:3947} INFO - Setting next_dagrun for example_python_decorator to None, run_after=None
[2026-06-14T17:16:41.055-0700] {processor.py:183} INFO - Processing /Users/fatimanaqib/Documents/job-market-tracker/.venv/lib/python3.11/site-packages/airflow/example_dags/example_python_decorator.py took 0.055 seconds
[2026-06-14T17:18:43.372-0700] {processor.py:161} INFO - Started process (PID=50810) to work on /Users/fatimanaqib/Documents/job-market-tracker/.venv/lib/python3.11/site-packages/airflow/example_dags/example_python_decorator.py
[2026-06-14T17:18:43.372-0700] {processor.py:830} INFO - Processing file /Users/fatimanaqib/Documents/job-market-tracker/.venv/lib/python3.11/site-packages/airflow/example_dags/example_python_decorator.py for tasks to queue
[2026-06-14T17:18:43.373-0700] {logging_mixin.py:188} INFO - [2026-06-14T17:18:43.372-0700] {dagbag.py:545} INFO - Filling up the DagBag from /Users/fatimanaqib/Documents/job-market-tracker/.venv/lib/python3.11/site-packages/airflow/example_dags/example_python_decorator.py
[2026-06-14T17:18:43.386-0700] {logging_mixin.py:188} INFO - [2026-06-14T17:18:43.386-0700] {example_python_decorator.py:80} WARNING - The virtalenv_python example task requires virtualenv, please install it.
[2026-06-14T17:18:43.387-0700] {processor.py:840} INFO - DAG(s) 'example_python_decorator' retrieved from /Users/fatimanaqib/Documents/job-market-tracker/.venv/lib/python3.11/site-packages/airflow/example_dags/example_python_decorator.py
[2026-06-14T17:18:43.418-0700] {logging_mixin.py:188} INFO - [2026-06-14T17:18:43.418-0700] {dag.py:3089} INFO - Sync 1 DAGs
[2026-06-14T17:18:43.421-0700] {logging_mixin.py:188} INFO - [2026-06-14T17:18:43.420-0700] {dag.py:3947} INFO - Setting next_dagrun for example_python_decorator to None, run_after=None
[2026-06-14T17:18:43.427-0700] {processor.py:183} INFO - Processing /Users/fatimanaqib/Documents/job-market-tracker/.venv/lib/python3.11/site-packages/airflow/example_dags/example_python_decorator.py took 0.057 seconds
