[2026-06-14T17:11:48.197-0700] {processor.py:161} INFO - Started process (PID=49154) to work on /Users/fatimanaqib/Documents/job-market-tracker/.venv/lib/python3.11/site-packages/airflow/example_dags/example_trigger_target_dag.py
[2026-06-14T17:11:48.197-0700] {processor.py:830} INFO - Processing file /Users/fatimanaqib/Documents/job-market-tracker/.venv/lib/python3.11/site-packages/airflow/example_dags/example_trigger_target_dag.py for tasks to queue
[2026-06-14T17:11:48.198-0700] {logging_mixin.py:188} INFO - [2026-06-14T17:11:48.198-0700] {dagbag.py:545} INFO - Filling up the DagBag from /Users/fatimanaqib/Documents/job-market-tracker/.venv/lib/python3.11/site-packages/airflow/example_dags/example_trigger_target_dag.py
[2026-06-14T17:11:48.214-0700] {processor.py:840} INFO - DAG(s) 'example_trigger_target_dag' retrieved from /Users/fatimanaqib/Documents/job-market-tracker/.venv/lib/python3.11/site-packages/airflow/example_dags/example_trigger_target_dag.py
[2026-06-14T17:11:48.297-0700] {logging_mixin.py:188} INFO - [2026-06-14T17:11:48.297-0700] {override.py:1858} INFO - Created Permission View: can edit on DAG:example_trigger_target_dag
[2026-06-14T17:11:48.300-0700] {logging_mixin.py:188} INFO - [2026-06-14T17:11:48.300-0700] {override.py:1858} INFO - Created Permission View: can delete on DAG:example_trigger_target_dag
[2026-06-14T17:11:48.302-0700] {logging_mixin.py:188} INFO - [2026-06-14T17:11:48.302-0700] {override.py:1858} INFO - Created Permission View: can read on DAG:example_trigger_target_dag
[2026-06-14T17:11:48.302-0700] {logging_mixin.py:188} INFO - [2026-06-14T17:11:48.302-0700] {dag.py:3089} INFO - Sync 1 DAGs
[2026-06-14T17:11:48.305-0700] {logging_mixin.py:188} INFO - [2026-06-14T17:11:48.305-0700] {dag.py:3111} INFO - Creating ORM DAG for example_trigger_target_dag
[2026-06-14T17:11:48.305-0700] {logging_mixin.py:188} INFO - [2026-06-14T17:11:48.305-0700] {dag.py:3947} INFO - Setting next_dagrun for example_trigger_target_dag to None, run_after=None
[2026-06-14T17:11:48.310-0700] {processor.py:183} INFO - Processing /Users/fatimanaqib/Documents/job-market-tracker/.venv/lib/python3.11/site-packages/airflow/example_dags/example_trigger_target_dag.py took 0.114 seconds
[2026-06-14T17:13:14.137-0700] {processor.py:161} INFO - Started process (PID=49441) to work on /Users/fatimanaqib/Documents/job-market-tracker/.venv/lib/python3.11/site-packages/airflow/example_dags/example_trigger_target_dag.py
[2026-06-14T17:13:14.138-0700] {processor.py:830} INFO - Processing file /Users/fatimanaqib/Documents/job-market-tracker/.venv/lib/python3.11/site-packages/airflow/example_dags/example_trigger_target_dag.py for tasks to queue
[2026-06-14T17:13:14.138-0700] {logging_mixin.py:188} INFO - [2026-06-14T17:13:14.138-0700] {dagbag.py:545} INFO - Filling up the DagBag from /Users/fatimanaqib/Documents/job-market-tracker/.venv/lib/python3.11/site-packages/airflow/example_dags/example_trigger_target_dag.py
[2026-06-14T17:13:14.150-0700] {processor.py:840} INFO - DAG(s) 'example_trigger_target_dag' retrieved from /Users/fatimanaqib/Documents/job-market-tracker/.venv/lib/python3.11/site-packages/airflow/example_dags/example_trigger_target_dag.py
[2026-06-14T17:13:14.180-0700] {logging_mixin.py:188} INFO - [2026-06-14T17:13:14.180-0700] {dag.py:3089} INFO - Sync 1 DAGs
[2026-06-14T17:13:14.183-0700] {logging_mixin.py:188} INFO - [2026-06-14T17:13:14.183-0700] {dag.py:3947} INFO - Setting next_dagrun for example_trigger_target_dag to None, run_after=None
[2026-06-14T17:13:14.190-0700] {processor.py:183} INFO - Processing /Users/fatimanaqib/Documents/job-market-tracker/.venv/lib/python3.11/site-packages/airflow/example_dags/example_trigger_target_dag.py took 0.053 seconds
[2026-06-14T17:14:45.222-0700] {processor.py:161} INFO - Started process (PID=50208) to work on /Users/fatimanaqib/Documents/job-market-tracker/.venv/lib/python3.11/site-packages/airflow/example_dags/example_trigger_target_dag.py
[2026-06-14T17:14:45.222-0700] {processor.py:830} INFO - Processing file /Users/fatimanaqib/Documents/job-market-tracker/.venv/lib/python3.11/site-packages/airflow/example_dags/example_trigger_target_dag.py for tasks to queue
[2026-06-14T17:14:45.222-0700] {logging_mixin.py:188} INFO - [2026-06-14T17:14:45.222-0700] {dagbag.py:545} INFO - Filling up the DagBag from /Users/fatimanaqib/Documents/job-market-tracker/.venv/lib/python3.11/site-packages/airflow/example_dags/example_trigger_target_dag.py
[2026-06-14T17:14:45.238-0700] {processor.py:840} INFO - DAG(s) 'example_trigger_target_dag' retrieved from /Users/fatimanaqib/Documents/job-market-tracker/.venv/lib/python3.11/site-packages/airflow/example_dags/example_trigger_target_dag.py
[2026-06-14T17:14:45.270-0700] {logging_mixin.py:188} INFO - [2026-06-14T17:14:45.270-0700] {dag.py:3089} INFO - Sync 1 DAGs
[2026-06-14T17:14:45.273-0700] {logging_mixin.py:188} INFO - [2026-06-14T17:14:45.273-0700] {dag.py:3947} INFO - Setting next_dagrun for example_trigger_target_dag to None, run_after=None
[2026-06-14T17:14:45.279-0700] {processor.py:183} INFO - Processing /Users/fatimanaqib/Documents/job-market-tracker/.venv/lib/python3.11/site-packages/airflow/example_dags/example_trigger_target_dag.py took 0.060 seconds
[2026-06-14T17:16:15.211-0700] {processor.py:161} INFO - Started process (PID=50407) to work on /Users/fatimanaqib/Documents/job-market-tracker/.venv/lib/python3.11/site-packages/airflow/example_dags/example_trigger_target_dag.py
[2026-06-14T17:16:15.212-0700] {processor.py:830} INFO - Processing file /Users/fatimanaqib/Documents/job-market-tracker/.venv/lib/python3.11/site-packages/airflow/example_dags/example_trigger_target_dag.py for tasks to queue
[2026-06-14T17:16:15.212-0700] {logging_mixin.py:188} INFO - [2026-06-14T17:16:15.212-0700] {dagbag.py:545} INFO - Filling up the DagBag from /Users/fatimanaqib/Documents/job-market-tracker/.venv/lib/python3.11/site-packages/airflow/example_dags/example_trigger_target_dag.py
[2026-06-14T17:16:15.226-0700] {processor.py:840} INFO - DAG(s) 'example_trigger_target_dag' retrieved from /Users/fatimanaqib/Documents/job-market-tracker/.venv/lib/python3.11/site-packages/airflow/example_dags/example_trigger_target_dag.py
[2026-06-14T17:16:15.256-0700] {logging_mixin.py:188} INFO - [2026-06-14T17:16:15.256-0700] {dag.py:3089} INFO - Sync 1 DAGs
[2026-06-14T17:16:15.259-0700] {logging_mixin.py:188} INFO - [2026-06-14T17:16:15.259-0700] {dag.py:3947} INFO - Setting next_dagrun for example_trigger_target_dag to None, run_after=None
[2026-06-14T17:16:15.265-0700] {processor.py:183} INFO - Processing /Users/fatimanaqib/Documents/job-market-tracker/.venv/lib/python3.11/site-packages/airflow/example_dags/example_trigger_target_dag.py took 0.055 seconds
[2026-06-14T17:17:17.165-0700] {processor.py:161} INFO - Started process (PID=50592) to work on /Users/fatimanaqib/Documents/job-market-tracker/.venv/lib/python3.11/site-packages/airflow/example_dags/example_trigger_target_dag.py
[2026-06-14T17:17:17.166-0700] {processor.py:830} INFO - Processing file /Users/fatimanaqib/Documents/job-market-tracker/.venv/lib/python3.11/site-packages/airflow/example_dags/example_trigger_target_dag.py for tasks to queue
[2026-06-14T17:17:17.166-0700] {logging_mixin.py:188} INFO - [2026-06-14T17:17:17.166-0700] {dagbag.py:545} INFO - Filling up the DagBag from /Users/fatimanaqib/Documents/job-market-tracker/.venv/lib/python3.11/site-packages/airflow/example_dags/example_trigger_target_dag.py
[2026-06-14T17:17:17.180-0700] {processor.py:840} INFO - DAG(s) 'example_trigger_target_dag' retrieved from /Users/fatimanaqib/Documents/job-market-tracker/.venv/lib/python3.11/site-packages/airflow/example_dags/example_trigger_target_dag.py
[2026-06-14T17:17:17.212-0700] {logging_mixin.py:188} INFO - [2026-06-14T17:17:17.212-0700] {dag.py:3089} INFO - Sync 1 DAGs
[2026-06-14T17:17:17.215-0700] {logging_mixin.py:188} INFO - [2026-06-14T17:17:17.215-0700] {dag.py:3947} INFO - Setting next_dagrun for example_trigger_target_dag to None, run_after=None
[2026-06-14T17:17:17.221-0700] {processor.py:183} INFO - Processing /Users/fatimanaqib/Documents/job-market-tracker/.venv/lib/python3.11/site-packages/airflow/example_dags/example_trigger_target_dag.py took 0.057 seconds
[2026-06-14T17:18:19.732-0700] {processor.py:161} INFO - Started process (PID=50743) to work on /Users/fatimanaqib/Documents/job-market-tracker/.venv/lib/python3.11/site-packages/airflow/example_dags/example_trigger_target_dag.py
[2026-06-14T17:18:19.733-0700] {processor.py:830} INFO - Processing file /Users/fatimanaqib/Documents/job-market-tracker/.venv/lib/python3.11/site-packages/airflow/example_dags/example_trigger_target_dag.py for tasks to queue
[2026-06-14T17:18:19.733-0700] {logging_mixin.py:188} INFO - [2026-06-14T17:18:19.733-0700] {dagbag.py:545} INFO - Filling up the DagBag from /Users/fatimanaqib/Documents/job-market-tracker/.venv/lib/python3.11/site-packages/airflow/example_dags/example_trigger_target_dag.py
[2026-06-14T17:18:19.747-0700] {processor.py:840} INFO - DAG(s) 'example_trigger_target_dag' retrieved from /Users/fatimanaqib/Documents/job-market-tracker/.venv/lib/python3.11/site-packages/airflow/example_dags/example_trigger_target_dag.py
[2026-06-14T17:18:19.778-0700] {logging_mixin.py:188} INFO - [2026-06-14T17:18:19.778-0700] {dag.py:3089} INFO - Sync 1 DAGs
[2026-06-14T17:18:19.781-0700] {logging_mixin.py:188} INFO - [2026-06-14T17:18:19.781-0700] {dag.py:3947} INFO - Setting next_dagrun for example_trigger_target_dag to None, run_after=None
[2026-06-14T17:18:19.787-0700] {processor.py:183} INFO - Processing /Users/fatimanaqib/Documents/job-market-tracker/.venv/lib/python3.11/site-packages/airflow/example_dags/example_trigger_target_dag.py took 0.056 seconds
[2026-06-14T17:19:15.966-0700] {processor.py:161} INFO - Started process (PID=51141) to work on /Users/fatimanaqib/Documents/job-market-tracker/.venv/lib/python3.11/site-packages/airflow/example_dags/example_trigger_target_dag.py
[2026-06-14T17:19:15.966-0700] {processor.py:830} INFO - Processing file /Users/fatimanaqib/Documents/job-market-tracker/.venv/lib/python3.11/site-packages/airflow/example_dags/example_trigger_target_dag.py for tasks to queue
[2026-06-14T17:19:15.966-0700] {logging_mixin.py:188} INFO - [2026-06-14T17:19:15.966-0700] {dagbag.py:545} INFO - Filling up the DagBag from /Users/fatimanaqib/Documents/job-market-tracker/.venv/lib/python3.11/site-packages/airflow/example_dags/example_trigger_target_dag.py
[2026-06-14T17:19:15.980-0700] {processor.py:840} INFO - DAG(s) 'example_trigger_target_dag' retrieved from /Users/fatimanaqib/Documents/job-market-tracker/.venv/lib/python3.11/site-packages/airflow/example_dags/example_trigger_target_dag.py
[2026-06-14T17:19:16.016-0700] {logging_mixin.py:188} INFO - [2026-06-14T17:19:16.016-0700] {dag.py:3089} INFO - Sync 1 DAGs
[2026-06-14T17:19:16.019-0700] {logging_mixin.py:188} INFO - [2026-06-14T17:19:16.019-0700] {dag.py:3947} INFO - Setting next_dagrun for example_trigger_target_dag to None, run_after=None
[2026-06-14T17:19:16.025-0700] {processor.py:183} INFO - Processing /Users/fatimanaqib/Documents/job-market-tracker/.venv/lib/python3.11/site-packages/airflow/example_dags/example_trigger_target_dag.py took 0.060 seconds
