[2026-06-14T17:12:27.567-0700] {processor.py:161} INFO - Started process (PID=49388) to work on /Users/fatimanaqib/Documents/job-market-tracker/.venv/lib/python3.11/site-packages/airflow/example_dags/example_external_task_marker_dag.py
[2026-06-14T17:12:27.568-0700] {processor.py:830} INFO - Processing file /Users/fatimanaqib/Documents/job-market-tracker/.venv/lib/python3.11/site-packages/airflow/example_dags/example_external_task_marker_dag.py for tasks to queue
[2026-06-14T17:12:27.568-0700] {logging_mixin.py:188} INFO - [2026-06-14T17:12:27.568-0700] {dagbag.py:545} INFO - Filling up the DagBag from /Users/fatimanaqib/Documents/job-market-tracker/.venv/lib/python3.11/site-packages/airflow/example_dags/example_external_task_marker_dag.py
[2026-06-14T17:12:27.573-0700] {processor.py:840} INFO - DAG(s) 'example_external_task_marker_parent', 'example_external_task_marker_child' retrieved from /Users/fatimanaqib/Documents/job-market-tracker/.venv/lib/python3.11/site-packages/airflow/example_dags/example_external_task_marker_dag.py
[2026-06-14T17:12:27.631-0700] {logging_mixin.py:188} INFO - [2026-06-14T17:12:27.630-0700] {override.py:1858} INFO - Created Permission View: can read on DAG:example_external_task_marker_parent
[2026-06-14T17:12:27.634-0700] {logging_mixin.py:188} INFO - [2026-06-14T17:12:27.634-0700] {override.py:1858} INFO - Created Permission View: can delete on DAG:example_external_task_marker_parent
[2026-06-14T17:12:27.636-0700] {logging_mixin.py:188} INFO - [2026-06-14T17:12:27.636-0700] {override.py:1858} INFO - Created Permission View: can edit on DAG:example_external_task_marker_parent
[2026-06-14T17:12:27.643-0700] {logging_mixin.py:188} INFO - [2026-06-14T17:12:27.643-0700] {override.py:1858} INFO - Created Permission View: can read on DAG:example_external_task_marker_child
[2026-06-14T17:12:27.645-0700] {logging_mixin.py:188} INFO - [2026-06-14T17:12:27.645-0700] {override.py:1858} INFO - Created Permission View: can delete on DAG:example_external_task_marker_child
[2026-06-14T17:12:27.646-0700] {logging_mixin.py:188} INFO - [2026-06-14T17:12:27.646-0700] {override.py:1858} INFO - Created Permission View: can edit on DAG:example_external_task_marker_child
[2026-06-14T17:12:27.646-0700] {logging_mixin.py:188} INFO - [2026-06-14T17:12:27.646-0700] {dag.py:3089} INFO - Sync 2 DAGs
[2026-06-14T17:12:27.649-0700] {logging_mixin.py:188} INFO - [2026-06-14T17:12:27.649-0700] {dag.py:3111} INFO - Creating ORM DAG for example_external_task_marker_parent
[2026-06-14T17:12:27.650-0700] {logging_mixin.py:188} INFO - [2026-06-14T17:12:27.650-0700] {dag.py:3111} INFO - Creating ORM DAG for example_external_task_marker_child
[2026-06-14T17:12:27.650-0700] {logging_mixin.py:188} INFO - [2026-06-14T17:12:27.650-0700] {dag.py:3947} INFO - Setting next_dagrun for example_external_task_marker_child to None, run_after=None
[2026-06-14T17:12:27.650-0700] {logging_mixin.py:188} INFO - [2026-06-14T17:12:27.650-0700] {dag.py:3947} INFO - Setting next_dagrun for example_external_task_marker_parent to None, run_after=None
[2026-06-14T17:12:27.657-0700] {processor.py:183} INFO - Processing /Users/fatimanaqib/Documents/job-market-tracker/.venv/lib/python3.11/site-packages/airflow/example_dags/example_external_task_marker_dag.py took 0.090 seconds
[2026-06-14T17:15:24.930-0700] {processor.py:161} INFO - Started process (PID=50307) to work on /Users/fatimanaqib/Documents/job-market-tracker/.venv/lib/python3.11/site-packages/airflow/example_dags/example_external_task_marker_dag.py
[2026-06-14T17:15:24.930-0700] {processor.py:830} INFO - Processing file /Users/fatimanaqib/Documents/job-market-tracker/.venv/lib/python3.11/site-packages/airflow/example_dags/example_external_task_marker_dag.py for tasks to queue
[2026-06-14T17:15:24.930-0700] {logging_mixin.py:188} INFO - [2026-06-14T17:15:24.930-0700] {dagbag.py:545} INFO - Filling up the DagBag from /Users/fatimanaqib/Documents/job-market-tracker/.venv/lib/python3.11/site-packages/airflow/example_dags/example_external_task_marker_dag.py
[2026-06-14T17:15:24.935-0700] {processor.py:840} INFO - DAG(s) 'example_external_task_marker_parent', 'example_external_task_marker_child' retrieved from /Users/fatimanaqib/Documents/job-market-tracker/.venv/lib/python3.11/site-packages/airflow/example_dags/example_external_task_marker_dag.py
[2026-06-14T17:15:24.968-0700] {logging_mixin.py:188} INFO - [2026-06-14T17:15:24.968-0700] {dag.py:3089} INFO - Sync 2 DAGs
[2026-06-14T17:15:24.971-0700] {logging_mixin.py:188} INFO - [2026-06-14T17:15:24.971-0700] {dag.py:3947} INFO - Setting next_dagrun for example_external_task_marker_child to None, run_after=None
[2026-06-14T17:15:24.972-0700] {logging_mixin.py:188} INFO - [2026-06-14T17:15:24.972-0700] {dag.py:3947} INFO - Setting next_dagrun for example_external_task_marker_parent to None, run_after=None
[2026-06-14T17:15:24.979-0700] {processor.py:183} INFO - Processing /Users/fatimanaqib/Documents/job-market-tracker/.venv/lib/python3.11/site-packages/airflow/example_dags/example_external_task_marker_dag.py took 0.050 seconds
[2026-06-14T17:17:29.300-0700] {processor.py:161} INFO - Started process (PID=50636) to work on /Users/fatimanaqib/Documents/job-market-tracker/.venv/lib/python3.11/site-packages/airflow/example_dags/example_external_task_marker_dag.py
[2026-06-14T17:17:29.301-0700] {processor.py:830} INFO - Processing file /Users/fatimanaqib/Documents/job-market-tracker/.venv/lib/python3.11/site-packages/airflow/example_dags/example_external_task_marker_dag.py for tasks to queue
[2026-06-14T17:17:29.301-0700] {logging_mixin.py:188} INFO - [2026-06-14T17:17:29.301-0700] {dagbag.py:545} INFO - Filling up the DagBag from /Users/fatimanaqib/Documents/job-market-tracker/.venv/lib/python3.11/site-packages/airflow/example_dags/example_external_task_marker_dag.py
[2026-06-14T17:17:29.306-0700] {processor.py:840} INFO - DAG(s) 'example_external_task_marker_parent', 'example_external_task_marker_child' retrieved from /Users/fatimanaqib/Documents/job-market-tracker/.venv/lib/python3.11/site-packages/airflow/example_dags/example_external_task_marker_dag.py
[2026-06-14T17:17:29.340-0700] {logging_mixin.py:188} INFO - [2026-06-14T17:17:29.340-0700] {dag.py:3089} INFO - Sync 2 DAGs
[2026-06-14T17:17:29.345-0700] {logging_mixin.py:188} INFO - [2026-06-14T17:17:29.345-0700] {dag.py:3947} INFO - Setting next_dagrun for example_external_task_marker_child to None, run_after=None
[2026-06-14T17:17:29.346-0700] {logging_mixin.py:188} INFO - [2026-06-14T17:17:29.346-0700] {dag.py:3947} INFO - Setting next_dagrun for example_external_task_marker_parent to None, run_after=None
[2026-06-14T17:17:29.353-0700] {processor.py:183} INFO - Processing /Users/fatimanaqib/Documents/job-market-tracker/.venv/lib/python3.11/site-packages/airflow/example_dags/example_external_task_marker_dag.py took 0.055 seconds
[2026-06-14T17:19:21.663-0700] {processor.py:161} INFO - Started process (PID=51237) to work on /Users/fatimanaqib/Documents/job-market-tracker/.venv/lib/python3.11/site-packages/airflow/example_dags/example_external_task_marker_dag.py
[2026-06-14T17:19:21.663-0700] {processor.py:830} INFO - Processing file /Users/fatimanaqib/Documents/job-market-tracker/.venv/lib/python3.11/site-packages/airflow/example_dags/example_external_task_marker_dag.py for tasks to queue
[2026-06-14T17:19:21.663-0700] {logging_mixin.py:188} INFO - [2026-06-14T17:19:21.663-0700] {dagbag.py:545} INFO - Filling up the DagBag from /Users/fatimanaqib/Documents/job-market-tracker/.venv/lib/python3.11/site-packages/airflow/example_dags/example_external_task_marker_dag.py
[2026-06-14T17:19:21.669-0700] {processor.py:840} INFO - DAG(s) 'example_external_task_marker_parent', 'example_external_task_marker_child' retrieved from /Users/fatimanaqib/Documents/job-market-tracker/.venv/lib/python3.11/site-packages/airflow/example_dags/example_external_task_marker_dag.py
[2026-06-14T17:19:21.701-0700] {logging_mixin.py:188} INFO - [2026-06-14T17:19:21.701-0700] {dag.py:3089} INFO - Sync 2 DAGs
[2026-06-14T17:19:21.705-0700] {logging_mixin.py:188} INFO - [2026-06-14T17:19:21.704-0700] {dag.py:3947} INFO - Setting next_dagrun for example_external_task_marker_child to None, run_after=None
[2026-06-14T17:19:21.706-0700] {logging_mixin.py:188} INFO - [2026-06-14T17:19:21.705-0700] {dag.py:3947} INFO - Setting next_dagrun for example_external_task_marker_parent to None, run_after=None
[2026-06-14T17:19:21.711-0700] {processor.py:183} INFO - Processing /Users/fatimanaqib/Documents/job-market-tracker/.venv/lib/python3.11/site-packages/airflow/example_dags/example_external_task_marker_dag.py took 0.049 seconds
