[2026-06-14T17:12:05.188-0700] {processor.py:161} INFO - Started process (PID=49312) to work on /Users/fatimanaqib/Documents/job-market-tracker/.venv/lib/python3.11/site-packages/airflow/example_dags/example_setup_teardown.py
[2026-06-14T17:12:05.188-0700] {processor.py:830} INFO - Processing file /Users/fatimanaqib/Documents/job-market-tracker/.venv/lib/python3.11/site-packages/airflow/example_dags/example_setup_teardown.py for tasks to queue
[2026-06-14T17:12:05.189-0700] {logging_mixin.py:188} INFO - [2026-06-14T17:12:05.189-0700] {dagbag.py:545} INFO - Filling up the DagBag from /Users/fatimanaqib/Documents/job-market-tracker/.venv/lib/python3.11/site-packages/airflow/example_dags/example_setup_teardown.py
[2026-06-14T17:12:05.192-0700] {processor.py:840} INFO - DAG(s) 'example_setup_teardown' retrieved from /Users/fatimanaqib/Documents/job-market-tracker/.venv/lib/python3.11/site-packages/airflow/example_dags/example_setup_teardown.py
[2026-06-14T17:12:05.248-0700] {logging_mixin.py:188} INFO - [2026-06-14T17:12:05.248-0700] {override.py:1858} INFO - Created Permission View: can edit on DAG:example_setup_teardown
[2026-06-14T17:12:05.251-0700] {logging_mixin.py:188} INFO - [2026-06-14T17:12:05.251-0700] {override.py:1858} INFO - Created Permission View: can delete on DAG:example_setup_teardown
[2026-06-14T17:12:05.252-0700] {logging_mixin.py:188} INFO - [2026-06-14T17:12:05.252-0700] {override.py:1858} INFO - Created Permission View: can read on DAG:example_setup_teardown
[2026-06-14T17:12:05.253-0700] {logging_mixin.py:188} INFO - [2026-06-14T17:12:05.252-0700] {dag.py:3089} INFO - Sync 1 DAGs
[2026-06-14T17:12:05.256-0700] {logging_mixin.py:188} INFO - [2026-06-14T17:12:05.256-0700] {dag.py:3111} INFO - Creating ORM DAG for example_setup_teardown
[2026-06-14T17:12:05.258-0700] {logging_mixin.py:188} INFO - [2026-06-14T17:12:05.258-0700] {dag.py:3947} INFO - Setting next_dagrun for example_setup_teardown to 2026-06-14 00:00:00+00:00, run_after=2026-06-15 00:00:00+00:00
[2026-06-14T17:12:05.267-0700] {processor.py:183} INFO - Processing /Users/fatimanaqib/Documents/job-market-tracker/.venv/lib/python3.11/site-packages/airflow/example_dags/example_setup_teardown.py took 0.080 seconds
[2026-06-14T17:13:30.621-0700] {processor.py:161} INFO - Started process (PID=49462) to work on /Users/fatimanaqib/Documents/job-market-tracker/.venv/lib/python3.11/site-packages/airflow/example_dags/example_setup_teardown.py
[2026-06-14T17:13:30.622-0700] {processor.py:830} INFO - Processing file /Users/fatimanaqib/Documents/job-market-tracker/.venv/lib/python3.11/site-packages/airflow/example_dags/example_setup_teardown.py for tasks to queue
[2026-06-14T17:13:30.622-0700] {logging_mixin.py:188} INFO - [2026-06-14T17:13:30.622-0700] {dagbag.py:545} INFO - Filling up the DagBag from /Users/fatimanaqib/Documents/job-market-tracker/.venv/lib/python3.11/site-packages/airflow/example_dags/example_setup_teardown.py
[2026-06-14T17:13:30.626-0700] {processor.py:840} INFO - DAG(s) 'example_setup_teardown' retrieved from /Users/fatimanaqib/Documents/job-market-tracker/.venv/lib/python3.11/site-packages/airflow/example_dags/example_setup_teardown.py
[2026-06-14T17:13:30.657-0700] {logging_mixin.py:188} INFO - [2026-06-14T17:13:30.657-0700] {dag.py:3089} INFO - Sync 1 DAGs
[2026-06-14T17:13:30.663-0700] {logging_mixin.py:188} INFO - [2026-06-14T17:13:30.663-0700] {dag.py:3947} INFO - Setting next_dagrun for example_setup_teardown to 2026-06-14 00:00:00+00:00, run_after=2026-06-15 00:00:00+00:00
[2026-06-14T17:13:30.669-0700] {processor.py:183} INFO - Processing /Users/fatimanaqib/Documents/job-market-tracker/.venv/lib/python3.11/site-packages/airflow/example_dags/example_setup_teardown.py took 0.049 seconds
[2026-06-14T17:15:02.068-0700] {processor.py:161} INFO - Started process (PID=50240) to work on /Users/fatimanaqib/Documents/job-market-tracker/.venv/lib/python3.11/site-packages/airflow/example_dags/example_setup_teardown.py
[2026-06-14T17:15:02.068-0700] {processor.py:830} INFO - Processing file /Users/fatimanaqib/Documents/job-market-tracker/.venv/lib/python3.11/site-packages/airflow/example_dags/example_setup_teardown.py for tasks to queue
[2026-06-14T17:15:02.069-0700] {logging_mixin.py:188} INFO - [2026-06-14T17:15:02.069-0700] {dagbag.py:545} INFO - Filling up the DagBag from /Users/fatimanaqib/Documents/job-market-tracker/.venv/lib/python3.11/site-packages/airflow/example_dags/example_setup_teardown.py
[2026-06-14T17:15:02.077-0700] {processor.py:840} INFO - DAG(s) 'example_setup_teardown' retrieved from /Users/fatimanaqib/Documents/job-market-tracker/.venv/lib/python3.11/site-packages/airflow/example_dags/example_setup_teardown.py
[2026-06-14T17:15:02.132-0700] {logging_mixin.py:188} INFO - [2026-06-14T17:15:02.132-0700] {dag.py:3089} INFO - Sync 1 DAGs
[2026-06-14T17:15:02.140-0700] {logging_mixin.py:188} INFO - [2026-06-14T17:15:02.140-0700] {dag.py:3947} INFO - Setting next_dagrun for example_setup_teardown to 2026-06-14 00:00:00+00:00, run_after=2026-06-15 00:00:00+00:00
[2026-06-14T17:15:02.149-0700] {processor.py:183} INFO - Processing /Users/fatimanaqib/Documents/job-market-tracker/.venv/lib/python3.11/site-packages/airflow/example_dags/example_setup_teardown.py took 0.083 seconds
[2026-06-14T17:16:34.096-0700] {processor.py:161} INFO - Started process (PID=50491) to work on /Users/fatimanaqib/Documents/job-market-tracker/.venv/lib/python3.11/site-packages/airflow/example_dags/example_setup_teardown.py
[2026-06-14T17:16:34.097-0700] {processor.py:830} INFO - Processing file /Users/fatimanaqib/Documents/job-market-tracker/.venv/lib/python3.11/site-packages/airflow/example_dags/example_setup_teardown.py for tasks to queue
[2026-06-14T17:16:34.097-0700] {logging_mixin.py:188} INFO - [2026-06-14T17:16:34.097-0700] {dagbag.py:545} INFO - Filling up the DagBag from /Users/fatimanaqib/Documents/job-market-tracker/.venv/lib/python3.11/site-packages/airflow/example_dags/example_setup_teardown.py
[2026-06-14T17:16:34.100-0700] {processor.py:840} INFO - DAG(s) 'example_setup_teardown' retrieved from /Users/fatimanaqib/Documents/job-market-tracker/.venv/lib/python3.11/site-packages/airflow/example_dags/example_setup_teardown.py
[2026-06-14T17:16:34.130-0700] {logging_mixin.py:188} INFO - [2026-06-14T17:16:34.130-0700] {dag.py:3089} INFO - Sync 1 DAGs
[2026-06-14T17:16:34.136-0700] {logging_mixin.py:188} INFO - [2026-06-14T17:16:34.136-0700] {dag.py:3947} INFO - Setting next_dagrun for example_setup_teardown to 2026-06-14 00:00:00+00:00, run_after=2026-06-15 00:00:00+00:00
[2026-06-14T17:16:34.141-0700] {processor.py:183} INFO - Processing /Users/fatimanaqib/Documents/job-market-tracker/.venv/lib/python3.11/site-packages/airflow/example_dags/example_setup_teardown.py took 0.047 seconds
[2026-06-14T17:18:37.173-0700] {processor.py:161} INFO - Started process (PID=50801) to work on /Users/fatimanaqib/Documents/job-market-tracker/.venv/lib/python3.11/site-packages/airflow/example_dags/example_setup_teardown.py
[2026-06-14T17:18:37.174-0700] {processor.py:830} INFO - Processing file /Users/fatimanaqib/Documents/job-market-tracker/.venv/lib/python3.11/site-packages/airflow/example_dags/example_setup_teardown.py for tasks to queue
[2026-06-14T17:18:37.174-0700] {logging_mixin.py:188} INFO - [2026-06-14T17:18:37.174-0700] {dagbag.py:545} INFO - Filling up the DagBag from /Users/fatimanaqib/Documents/job-market-tracker/.venv/lib/python3.11/site-packages/airflow/example_dags/example_setup_teardown.py
[2026-06-14T17:18:37.177-0700] {processor.py:840} INFO - DAG(s) 'example_setup_teardown' retrieved from /Users/fatimanaqib/Documents/job-market-tracker/.venv/lib/python3.11/site-packages/airflow/example_dags/example_setup_teardown.py
[2026-06-14T17:18:37.209-0700] {logging_mixin.py:188} INFO - [2026-06-14T17:18:37.209-0700] {dag.py:3089} INFO - Sync 1 DAGs
[2026-06-14T17:18:37.215-0700] {logging_mixin.py:188} INFO - [2026-06-14T17:18:37.215-0700] {dag.py:3947} INFO - Setting next_dagrun for example_setup_teardown to 2026-06-14 00:00:00+00:00, run_after=2026-06-15 00:00:00+00:00
[2026-06-14T17:18:37.221-0700] {processor.py:183} INFO - Processing /Users/fatimanaqib/Documents/job-market-tracker/.venv/lib/python3.11/site-packages/airflow/example_dags/example_setup_teardown.py took 0.049 seconds
