[2026-06-14T17:12:19.979-0700] {processor.py:161} INFO - Started process (PID=49371) to work on /Users/fatimanaqib/Documents/job-market-tracker/.venv/lib/python3.11/site-packages/airflow/example_dags/example_nested_branch_dag.py
[2026-06-14T17:12:19.980-0700] {processor.py:830} INFO - Processing file /Users/fatimanaqib/Documents/job-market-tracker/.venv/lib/python3.11/site-packages/airflow/example_dags/example_nested_branch_dag.py for tasks to queue
[2026-06-14T17:12:19.980-0700] {logging_mixin.py:188} INFO - [2026-06-14T17:12:19.980-0700] {dagbag.py:545} INFO - Filling up the DagBag from /Users/fatimanaqib/Documents/job-market-tracker/.venv/lib/python3.11/site-packages/airflow/example_dags/example_nested_branch_dag.py
[2026-06-14T17:12:19.996-0700] {processor.py:840} INFO - DAG(s) 'example_nested_branch_dag' retrieved from /Users/fatimanaqib/Documents/job-market-tracker/.venv/lib/python3.11/site-packages/airflow/example_dags/example_nested_branch_dag.py
[2026-06-14T17:12:20.084-0700] {logging_mixin.py:188} INFO - [2026-06-14T17:12:20.084-0700] {override.py:1858} INFO - Created Permission View: can edit on DAG:example_nested_branch_dag
[2026-06-14T17:12:20.087-0700] {logging_mixin.py:188} INFO - [2026-06-14T17:12:20.087-0700] {override.py:1858} INFO - Created Permission View: can read on DAG:example_nested_branch_dag
[2026-06-14T17:12:20.090-0700] {logging_mixin.py:188} INFO - [2026-06-14T17:12:20.090-0700] {override.py:1858} INFO - Created Permission View: can delete on DAG:example_nested_branch_dag
[2026-06-14T17:12:20.090-0700] {logging_mixin.py:188} INFO - [2026-06-14T17:12:20.090-0700] {dag.py:3089} INFO - Sync 1 DAGs
[2026-06-14T17:12:20.093-0700] {logging_mixin.py:188} INFO - [2026-06-14T17:12:20.093-0700] {dag.py:3111} INFO - Creating ORM DAG for example_nested_branch_dag
[2026-06-14T17:12:20.096-0700] {logging_mixin.py:188} INFO - [2026-06-14T17:12:20.096-0700] {dag.py:3947} INFO - Setting next_dagrun for example_nested_branch_dag to 2026-06-14 00:00:00+00:00, run_after=2026-06-15 00:00:00+00:00
[2026-06-14T17:12:20.102-0700] {processor.py:183} INFO - Processing /Users/fatimanaqib/Documents/job-market-tracker/.venv/lib/python3.11/site-packages/airflow/example_dags/example_nested_branch_dag.py took 0.123 seconds
[2026-06-14T17:13:43.597-0700] {processor.py:161} INFO - Started process (PID=49487) to work on /Users/fatimanaqib/Documents/job-market-tracker/.venv/lib/python3.11/site-packages/airflow/example_dags/example_nested_branch_dag.py
[2026-06-14T17:13:43.597-0700] {processor.py:830} INFO - Processing file /Users/fatimanaqib/Documents/job-market-tracker/.venv/lib/python3.11/site-packages/airflow/example_dags/example_nested_branch_dag.py for tasks to queue
[2026-06-14T17:13:43.598-0700] {logging_mixin.py:188} INFO - [2026-06-14T17:13:43.598-0700] {dagbag.py:545} INFO - Filling up the DagBag from /Users/fatimanaqib/Documents/job-market-tracker/.venv/lib/python3.11/site-packages/airflow/example_dags/example_nested_branch_dag.py
[2026-06-14T17:13:43.615-0700] {processor.py:840} INFO - DAG(s) 'example_nested_branch_dag' retrieved from /Users/fatimanaqib/Documents/job-market-tracker/.venv/lib/python3.11/site-packages/airflow/example_dags/example_nested_branch_dag.py
[2026-06-14T17:13:43.646-0700] {logging_mixin.py:188} INFO - [2026-06-14T17:13:43.646-0700] {dag.py:3089} INFO - Sync 1 DAGs
[2026-06-14T17:13:43.651-0700] {logging_mixin.py:188} INFO - [2026-06-14T17:13:43.651-0700] {dag.py:3947} INFO - Setting next_dagrun for example_nested_branch_dag to 2026-06-14 00:00:00+00:00, run_after=2026-06-15 00:00:00+00:00
[2026-06-14T17:13:43.658-0700] {processor.py:183} INFO - Processing /Users/fatimanaqib/Documents/job-market-tracker/.venv/lib/python3.11/site-packages/airflow/example_dags/example_nested_branch_dag.py took 0.062 seconds
[2026-06-14T17:15:16.361-0700] {processor.py:161} INFO - Started process (PID=50264) to work on /Users/fatimanaqib/Documents/job-market-tracker/.venv/lib/python3.11/site-packages/airflow/example_dags/example_nested_branch_dag.py
[2026-06-14T17:15:16.361-0700] {processor.py:830} INFO - Processing file /Users/fatimanaqib/Documents/job-market-tracker/.venv/lib/python3.11/site-packages/airflow/example_dags/example_nested_branch_dag.py for tasks to queue
[2026-06-14T17:15:16.361-0700] {logging_mixin.py:188} INFO - [2026-06-14T17:15:16.361-0700] {dagbag.py:545} INFO - Filling up the DagBag from /Users/fatimanaqib/Documents/job-market-tracker/.venv/lib/python3.11/site-packages/airflow/example_dags/example_nested_branch_dag.py
[2026-06-14T17:15:16.377-0700] {processor.py:840} INFO - DAG(s) 'example_nested_branch_dag' retrieved from /Users/fatimanaqib/Documents/job-market-tracker/.venv/lib/python3.11/site-packages/airflow/example_dags/example_nested_branch_dag.py
[2026-06-14T17:15:16.410-0700] {logging_mixin.py:188} INFO - [2026-06-14T17:15:16.410-0700] {dag.py:3089} INFO - Sync 1 DAGs
[2026-06-14T17:15:16.416-0700] {logging_mixin.py:188} INFO - [2026-06-14T17:15:16.416-0700] {dag.py:3947} INFO - Setting next_dagrun for example_nested_branch_dag to 2026-06-14 00:00:00+00:00, run_after=2026-06-15 00:00:00+00:00
[2026-06-14T17:15:16.423-0700] {processor.py:183} INFO - Processing /Users/fatimanaqib/Documents/job-market-tracker/.venv/lib/python3.11/site-packages/airflow/example_dags/example_nested_branch_dag.py took 0.064 seconds
[2026-06-14T17:16:47.893-0700] {processor.py:161} INFO - Started process (PID=50515) to work on /Users/fatimanaqib/Documents/job-market-tracker/.venv/lib/python3.11/site-packages/airflow/example_dags/example_nested_branch_dag.py
[2026-06-14T17:16:47.893-0700] {processor.py:830} INFO - Processing file /Users/fatimanaqib/Documents/job-market-tracker/.venv/lib/python3.11/site-packages/airflow/example_dags/example_nested_branch_dag.py for tasks to queue
[2026-06-14T17:16:47.894-0700] {logging_mixin.py:188} INFO - [2026-06-14T17:16:47.894-0700] {dagbag.py:545} INFO - Filling up the DagBag from /Users/fatimanaqib/Documents/job-market-tracker/.venv/lib/python3.11/site-packages/airflow/example_dags/example_nested_branch_dag.py
[2026-06-14T17:16:47.907-0700] {processor.py:840} INFO - DAG(s) 'example_nested_branch_dag' retrieved from /Users/fatimanaqib/Documents/job-market-tracker/.venv/lib/python3.11/site-packages/airflow/example_dags/example_nested_branch_dag.py
[2026-06-14T17:16:47.936-0700] {logging_mixin.py:188} INFO - [2026-06-14T17:16:47.935-0700] {dag.py:3089} INFO - Sync 1 DAGs
[2026-06-14T17:16:47.941-0700] {logging_mixin.py:188} INFO - [2026-06-14T17:16:47.941-0700] {dag.py:3947} INFO - Setting next_dagrun for example_nested_branch_dag to 2026-06-14 00:00:00+00:00, run_after=2026-06-15 00:00:00+00:00
[2026-06-14T17:16:47.947-0700] {processor.py:183} INFO - Processing /Users/fatimanaqib/Documents/job-market-tracker/.venv/lib/python3.11/site-packages/airflow/example_dags/example_nested_branch_dag.py took 0.055 seconds
[2026-06-14T17:18:49.049-0700] {processor.py:161} INFO - Started process (PID=50819) to work on /Users/fatimanaqib/Documents/job-market-tracker/.venv/lib/python3.11/site-packages/airflow/example_dags/example_nested_branch_dag.py
[2026-06-14T17:18:49.049-0700] {processor.py:830} INFO - Processing file /Users/fatimanaqib/Documents/job-market-tracker/.venv/lib/python3.11/site-packages/airflow/example_dags/example_nested_branch_dag.py for tasks to queue
[2026-06-14T17:18:49.050-0700] {logging_mixin.py:188} INFO - [2026-06-14T17:18:49.049-0700] {dagbag.py:545} INFO - Filling up the DagBag from /Users/fatimanaqib/Documents/job-market-tracker/.venv/lib/python3.11/site-packages/airflow/example_dags/example_nested_branch_dag.py
[2026-06-14T17:18:49.063-0700] {processor.py:840} INFO - DAG(s) 'example_nested_branch_dag' retrieved from /Users/fatimanaqib/Documents/job-market-tracker/.venv/lib/python3.11/site-packages/airflow/example_dags/example_nested_branch_dag.py
[2026-06-14T17:18:49.093-0700] {logging_mixin.py:188} INFO - [2026-06-14T17:18:49.093-0700] {dag.py:3089} INFO - Sync 1 DAGs
[2026-06-14T17:18:49.099-0700] {logging_mixin.py:188} INFO - [2026-06-14T17:18:49.098-0700] {dag.py:3947} INFO - Setting next_dagrun for example_nested_branch_dag to 2026-06-14 00:00:00+00:00, run_after=2026-06-15 00:00:00+00:00
[2026-06-14T17:18:49.105-0700] {processor.py:183} INFO - Processing /Users/fatimanaqib/Documents/job-market-tracker/.venv/lib/python3.11/site-packages/airflow/example_dags/example_nested_branch_dag.py took 0.058 seconds
