[2026-06-14T17:12:16.145-0700] {processor.py:161} INFO - Started process (PID=49369) to work on /Users/fatimanaqib/Documents/job-market-tracker/.venv/lib/python3.11/site-packages/airflow/example_dags/example_params_ui_tutorial.py
[2026-06-14T17:12:16.146-0700] {processor.py:830} INFO - Processing file /Users/fatimanaqib/Documents/job-market-tracker/.venv/lib/python3.11/site-packages/airflow/example_dags/example_params_ui_tutorial.py for tasks to queue
[2026-06-14T17:12:16.148-0700] {logging_mixin.py:188} INFO - [2026-06-14T17:12:16.147-0700] {dagbag.py:545} INFO - Filling up the DagBag from /Users/fatimanaqib/Documents/job-market-tracker/.venv/lib/python3.11/site-packages/airflow/example_dags/example_params_ui_tutorial.py
[2026-06-14T17:12:16.168-0700] {processor.py:840} INFO - DAG(s) 'example_params_ui_tutorial' retrieved from /Users/fatimanaqib/Documents/job-market-tracker/.venv/lib/python3.11/site-packages/airflow/example_dags/example_params_ui_tutorial.py
[2026-06-14T17:12:16.296-0700] {logging_mixin.py:188} INFO - [2026-06-14T17:12:16.295-0700] {override.py:1858} INFO - Created Permission View: can delete on DAG:example_params_ui_tutorial
[2026-06-14T17:12:16.299-0700] {logging_mixin.py:188} INFO - [2026-06-14T17:12:16.299-0700] {override.py:1858} INFO - Created Permission View: can edit on DAG:example_params_ui_tutorial
[2026-06-14T17:12:16.302-0700] {logging_mixin.py:188} INFO - [2026-06-14T17:12:16.301-0700] {override.py:1858} INFO - Created Permission View: can read on DAG:example_params_ui_tutorial
[2026-06-14T17:12:16.302-0700] {logging_mixin.py:188} INFO - [2026-06-14T17:12:16.302-0700] {dag.py:3089} INFO - Sync 1 DAGs
[2026-06-14T17:12:16.305-0700] {logging_mixin.py:188} INFO - [2026-06-14T17:12:16.305-0700] {dag.py:3111} INFO - Creating ORM DAG for example_params_ui_tutorial
[2026-06-14T17:12:16.305-0700] {logging_mixin.py:188} INFO - [2026-06-14T17:12:16.305-0700] {dag.py:3947} INFO - Setting next_dagrun for example_params_ui_tutorial to None, run_after=None
[2026-06-14T17:12:16.312-0700] {processor.py:183} INFO - Processing /Users/fatimanaqib/Documents/job-market-tracker/.venv/lib/python3.11/site-packages/airflow/example_dags/example_params_ui_tutorial.py took 0.169 seconds
[2026-06-14T17:13:39.949-0700] {processor.py:161} INFO - Started process (PID=49483) to work on /Users/fatimanaqib/Documents/job-market-tracker/.venv/lib/python3.11/site-packages/airflow/example_dags/example_params_ui_tutorial.py
[2026-06-14T17:13:39.950-0700] {processor.py:830} INFO - Processing file /Users/fatimanaqib/Documents/job-market-tracker/.venv/lib/python3.11/site-packages/airflow/example_dags/example_params_ui_tutorial.py for tasks to queue
[2026-06-14T17:13:39.951-0700] {logging_mixin.py:188} INFO - [2026-06-14T17:13:39.950-0700] {dagbag.py:545} INFO - Filling up the DagBag from /Users/fatimanaqib/Documents/job-market-tracker/.venv/lib/python3.11/site-packages/airflow/example_dags/example_params_ui_tutorial.py
[2026-06-14T17:13:39.965-0700] {processor.py:840} INFO - DAG(s) 'example_params_ui_tutorial' retrieved from /Users/fatimanaqib/Documents/job-market-tracker/.venv/lib/python3.11/site-packages/airflow/example_dags/example_params_ui_tutorial.py
[2026-06-14T17:13:40.004-0700] {logging_mixin.py:188} INFO - [2026-06-14T17:13:40.004-0700] {dag.py:3089} INFO - Sync 1 DAGs
[2026-06-14T17:13:40.007-0700] {logging_mixin.py:188} INFO - [2026-06-14T17:13:40.007-0700] {dag.py:3947} INFO - Setting next_dagrun for example_params_ui_tutorial to None, run_after=None
[2026-06-14T17:13:40.014-0700] {processor.py:183} INFO - Processing /Users/fatimanaqib/Documents/job-market-tracker/.venv/lib/python3.11/site-packages/airflow/example_dags/example_params_ui_tutorial.py took 0.067 seconds
[2026-06-14T17:15:12.868-0700] {processor.py:161} INFO - Started process (PID=50251) to work on /Users/fatimanaqib/Documents/job-market-tracker/.venv/lib/python3.11/site-packages/airflow/example_dags/example_params_ui_tutorial.py
[2026-06-14T17:15:12.869-0700] {processor.py:830} INFO - Processing file /Users/fatimanaqib/Documents/job-market-tracker/.venv/lib/python3.11/site-packages/airflow/example_dags/example_params_ui_tutorial.py for tasks to queue
[2026-06-14T17:15:12.869-0700] {logging_mixin.py:188} INFO - [2026-06-14T17:15:12.869-0700] {dagbag.py:545} INFO - Filling up the DagBag from /Users/fatimanaqib/Documents/job-market-tracker/.venv/lib/python3.11/site-packages/airflow/example_dags/example_params_ui_tutorial.py
[2026-06-14T17:15:12.882-0700] {processor.py:840} INFO - DAG(s) 'example_params_ui_tutorial' retrieved from /Users/fatimanaqib/Documents/job-market-tracker/.venv/lib/python3.11/site-packages/airflow/example_dags/example_params_ui_tutorial.py
[2026-06-14T17:15:12.918-0700] {logging_mixin.py:188} INFO - [2026-06-14T17:15:12.918-0700] {dag.py:3089} INFO - Sync 1 DAGs
[2026-06-14T17:15:12.922-0700] {logging_mixin.py:188} INFO - [2026-06-14T17:15:12.921-0700] {dag.py:3947} INFO - Setting next_dagrun for example_params_ui_tutorial to None, run_after=None
[2026-06-14T17:15:12.928-0700] {processor.py:183} INFO - Processing /Users/fatimanaqib/Documents/job-market-tracker/.venv/lib/python3.11/site-packages/airflow/example_dags/example_params_ui_tutorial.py took 0.061 seconds
[2026-06-14T17:16:44.424-0700] {processor.py:161} INFO - Started process (PID=50509) to work on /Users/fatimanaqib/Documents/job-market-tracker/.venv/lib/python3.11/site-packages/airflow/example_dags/example_params_ui_tutorial.py
[2026-06-14T17:16:44.424-0700] {processor.py:830} INFO - Processing file /Users/fatimanaqib/Documents/job-market-tracker/.venv/lib/python3.11/site-packages/airflow/example_dags/example_params_ui_tutorial.py for tasks to queue
[2026-06-14T17:16:44.424-0700] {logging_mixin.py:188} INFO - [2026-06-14T17:16:44.424-0700] {dagbag.py:545} INFO - Filling up the DagBag from /Users/fatimanaqib/Documents/job-market-tracker/.venv/lib/python3.11/site-packages/airflow/example_dags/example_params_ui_tutorial.py
[2026-06-14T17:16:44.437-0700] {processor.py:840} INFO - DAG(s) 'example_params_ui_tutorial' retrieved from /Users/fatimanaqib/Documents/job-market-tracker/.venv/lib/python3.11/site-packages/airflow/example_dags/example_params_ui_tutorial.py
[2026-06-14T17:16:44.474-0700] {logging_mixin.py:188} INFO - [2026-06-14T17:16:44.474-0700] {dag.py:3089} INFO - Sync 1 DAGs
[2026-06-14T17:16:44.477-0700] {logging_mixin.py:188} INFO - [2026-06-14T17:16:44.477-0700] {dag.py:3947} INFO - Setting next_dagrun for example_params_ui_tutorial to None, run_after=None
[2026-06-14T17:16:44.484-0700] {processor.py:183} INFO - Processing /Users/fatimanaqib/Documents/job-market-tracker/.venv/lib/python3.11/site-packages/airflow/example_dags/example_params_ui_tutorial.py took 0.061 seconds
[2026-06-14T17:18:46.173-0700] {processor.py:161} INFO - Started process (PID=50816) to work on /Users/fatimanaqib/Documents/job-market-tracker/.venv/lib/python3.11/site-packages/airflow/example_dags/example_params_ui_tutorial.py
[2026-06-14T17:18:46.174-0700] {processor.py:830} INFO - Processing file /Users/fatimanaqib/Documents/job-market-tracker/.venv/lib/python3.11/site-packages/airflow/example_dags/example_params_ui_tutorial.py for tasks to queue
[2026-06-14T17:18:46.174-0700] {logging_mixin.py:188} INFO - [2026-06-14T17:18:46.174-0700] {dagbag.py:545} INFO - Filling up the DagBag from /Users/fatimanaqib/Documents/job-market-tracker/.venv/lib/python3.11/site-packages/airflow/example_dags/example_params_ui_tutorial.py
[2026-06-14T17:18:46.188-0700] {processor.py:840} INFO - DAG(s) 'example_params_ui_tutorial' retrieved from /Users/fatimanaqib/Documents/job-market-tracker/.venv/lib/python3.11/site-packages/airflow/example_dags/example_params_ui_tutorial.py
[2026-06-14T17:18:46.226-0700] {logging_mixin.py:188} INFO - [2026-06-14T17:18:46.226-0700] {dag.py:3089} INFO - Sync 1 DAGs
[2026-06-14T17:18:46.229-0700] {logging_mixin.py:188} INFO - [2026-06-14T17:18:46.229-0700] {dag.py:3947} INFO - Setting next_dagrun for example_params_ui_tutorial to None, run_after=None
[2026-06-14T17:18:46.236-0700] {processor.py:183} INFO - Processing /Users/fatimanaqib/Documents/job-market-tracker/.venv/lib/python3.11/site-packages/airflow/example_dags/example_params_ui_tutorial.py took 0.064 seconds
