[2026-06-14T17:12:44.244-0700] {processor.py:161} INFO - Started process (PID=49414) to work on /Users/fatimanaqib/Documents/job-market-tracker/.venv/lib/python3.11/site-packages/airflow/example_dags/example_branch_labels.py
[2026-06-14T17:12:44.244-0700] {processor.py:830} INFO - Processing file /Users/fatimanaqib/Documents/job-market-tracker/.venv/lib/python3.11/site-packages/airflow/example_dags/example_branch_labels.py for tasks to queue
[2026-06-14T17:12:44.245-0700] {logging_mixin.py:188} INFO - [2026-06-14T17:12:44.245-0700] {dagbag.py:545} INFO - Filling up the DagBag from /Users/fatimanaqib/Documents/job-market-tracker/.venv/lib/python3.11/site-packages/airflow/example_dags/example_branch_labels.py
[2026-06-14T17:12:44.248-0700] {processor.py:840} INFO - DAG(s) 'example_branch_labels' retrieved from /Users/fatimanaqib/Documents/job-market-tracker/.venv/lib/python3.11/site-packages/airflow/example_dags/example_branch_labels.py
[2026-06-14T17:12:44.313-0700] {logging_mixin.py:188} INFO - [2026-06-14T17:12:44.313-0700] {override.py:1858} INFO - Created Permission View: can delete on DAG:example_branch_labels
[2026-06-14T17:12:44.315-0700] {logging_mixin.py:188} INFO - [2026-06-14T17:12:44.315-0700] {override.py:1858} INFO - Created Permission View: can read on DAG:example_branch_labels
[2026-06-14T17:12:44.317-0700] {logging_mixin.py:188} INFO - [2026-06-14T17:12:44.317-0700] {override.py:1858} INFO - Created Permission View: can edit on DAG:example_branch_labels
[2026-06-14T17:12:44.317-0700] {logging_mixin.py:188} INFO - [2026-06-14T17:12:44.317-0700] {dag.py:3089} INFO - Sync 1 DAGs
[2026-06-14T17:12:44.321-0700] {logging_mixin.py:188} INFO - [2026-06-14T17:12:44.320-0700] {dag.py:3111} INFO - Creating ORM DAG for example_branch_labels
[2026-06-14T17:12:44.323-0700] {logging_mixin.py:188} INFO - [2026-06-14T17:12:44.323-0700] {dag.py:3947} INFO - Setting next_dagrun for example_branch_labels to 2026-06-14 00:00:00+00:00, run_after=2026-06-15 00:00:00+00:00
[2026-06-14T17:12:44.330-0700] {processor.py:183} INFO - Processing /Users/fatimanaqib/Documents/job-market-tracker/.venv/lib/python3.11/site-packages/airflow/example_dags/example_branch_labels.py took 0.087 seconds
[2026-06-14T17:15:42.441-0700] {processor.py:161} INFO - Started process (PID=50355) to work on /Users/fatimanaqib/Documents/job-market-tracker/.venv/lib/python3.11/site-packages/airflow/example_dags/example_branch_labels.py
[2026-06-14T17:15:42.441-0700] {processor.py:830} INFO - Processing file /Users/fatimanaqib/Documents/job-market-tracker/.venv/lib/python3.11/site-packages/airflow/example_dags/example_branch_labels.py for tasks to queue
[2026-06-14T17:15:42.442-0700] {logging_mixin.py:188} INFO - [2026-06-14T17:15:42.441-0700] {dagbag.py:545} INFO - Filling up the DagBag from /Users/fatimanaqib/Documents/job-market-tracker/.venv/lib/python3.11/site-packages/airflow/example_dags/example_branch_labels.py
[2026-06-14T17:15:42.445-0700] {processor.py:840} INFO - DAG(s) 'example_branch_labels' retrieved from /Users/fatimanaqib/Documents/job-market-tracker/.venv/lib/python3.11/site-packages/airflow/example_dags/example_branch_labels.py
[2026-06-14T17:15:42.475-0700] {logging_mixin.py:188} INFO - [2026-06-14T17:15:42.475-0700] {dag.py:3089} INFO - Sync 1 DAGs
[2026-06-14T17:15:42.481-0700] {logging_mixin.py:188} INFO - [2026-06-14T17:15:42.481-0700] {dag.py:3947} INFO - Setting next_dagrun for example_branch_labels to 2026-06-14 00:00:00+00:00, run_after=2026-06-15 00:00:00+00:00
[2026-06-14T17:15:42.487-0700] {processor.py:183} INFO - Processing /Users/fatimanaqib/Documents/job-market-tracker/.venv/lib/python3.11/site-packages/airflow/example_dags/example_branch_labels.py took 0.047 seconds
[2026-06-14T17:17:46.841-0700] {processor.py:161} INFO - Started process (PID=50690) to work on /Users/fatimanaqib/Documents/job-market-tracker/.venv/lib/python3.11/site-packages/airflow/example_dags/example_branch_labels.py
[2026-06-14T17:17:46.841-0700] {processor.py:830} INFO - Processing file /Users/fatimanaqib/Documents/job-market-tracker/.venv/lib/python3.11/site-packages/airflow/example_dags/example_branch_labels.py for tasks to queue
[2026-06-14T17:17:46.841-0700] {logging_mixin.py:188} INFO - [2026-06-14T17:17:46.841-0700] {dagbag.py:545} INFO - Filling up the DagBag from /Users/fatimanaqib/Documents/job-market-tracker/.venv/lib/python3.11/site-packages/airflow/example_dags/example_branch_labels.py
[2026-06-14T17:17:46.845-0700] {processor.py:840} INFO - DAG(s) 'example_branch_labels' retrieved from /Users/fatimanaqib/Documents/job-market-tracker/.venv/lib/python3.11/site-packages/airflow/example_dags/example_branch_labels.py
[2026-06-14T17:17:46.875-0700] {logging_mixin.py:188} INFO - [2026-06-14T17:17:46.875-0700] {dag.py:3089} INFO - Sync 1 DAGs
[2026-06-14T17:17:46.881-0700] {logging_mixin.py:188} INFO - [2026-06-14T17:17:46.881-0700] {dag.py:3947} INFO - Setting next_dagrun for example_branch_labels to 2026-06-14 00:00:00+00:00, run_after=2026-06-15 00:00:00+00:00
[2026-06-14T17:17:46.887-0700] {processor.py:183} INFO - Processing /Users/fatimanaqib/Documents/job-market-tracker/.venv/lib/python3.11/site-packages/airflow/example_dags/example_branch_labels.py took 0.048 seconds
