[2026-06-14T17:11:44.634-0700] {processor.py:161} INFO - Started process (PID=49147) to work on /Users/fatimanaqib/Documents/job-market-tracker/.venv/lib/python3.11/site-packages/airflow/example_dags/example_xcomargs.py
[2026-06-14T17:11:44.636-0700] {processor.py:830} INFO - Processing file /Users/fatimanaqib/Documents/job-market-tracker/.venv/lib/python3.11/site-packages/airflow/example_dags/example_xcomargs.py for tasks to queue
[2026-06-14T17:11:44.636-0700] {logging_mixin.py:188} INFO - [2026-06-14T17:11:44.636-0700] {dagbag.py:545} INFO - Filling up the DagBag from /Users/fatimanaqib/Documents/job-market-tracker/.venv/lib/python3.11/site-packages/airflow/example_dags/example_xcomargs.py
[2026-06-14T17:11:44.652-0700] {processor.py:840} INFO - DAG(s) 'example_xcom_args_with_operators', 'example_xcom_args' retrieved from /Users/fatimanaqib/Documents/job-market-tracker/.venv/lib/python3.11/site-packages/airflow/example_dags/example_xcomargs.py
[2026-06-14T17:11:44.740-0700] {logging_mixin.py:188} INFO - [2026-06-14T17:11:44.740-0700] {override.py:1858} INFO - Created Permission View: can delete on DAG:example_xcom_args_with_operators
[2026-06-14T17:11:44.743-0700] {logging_mixin.py:188} INFO - [2026-06-14T17:11:44.743-0700] {override.py:1858} INFO - Created Permission View: can edit on DAG:example_xcom_args_with_operators
[2026-06-14T17:11:44.745-0700] {logging_mixin.py:188} INFO - [2026-06-14T17:11:44.745-0700] {override.py:1858} INFO - Created Permission View: can read on DAG:example_xcom_args_with_operators
[2026-06-14T17:11:44.748-0700] {logging_mixin.py:188} INFO - [2026-06-14T17:11:44.748-0700] {override.py:1858} INFO - Created Permission View: can delete on DAG:example_xcom_args
[2026-06-14T17:11:44.750-0700] {logging_mixin.py:188} INFO - [2026-06-14T17:11:44.749-0700] {override.py:1858} INFO - Created Permission View: can edit on DAG:example_xcom_args
[2026-06-14T17:11:44.751-0700] {logging_mixin.py:188} INFO - [2026-06-14T17:11:44.751-0700] {override.py:1858} INFO - Created Permission View: can read on DAG:example_xcom_args
[2026-06-14T17:11:44.751-0700] {logging_mixin.py:188} INFO - [2026-06-14T17:11:44.751-0700] {dag.py:3089} INFO - Sync 2 DAGs
[2026-06-14T17:11:44.754-0700] {logging_mixin.py:188} INFO - [2026-06-14T17:11:44.754-0700] {dag.py:3111} INFO - Creating ORM DAG for example_xcom_args_with_operators
[2026-06-14T17:11:44.754-0700] {logging_mixin.py:188} INFO - [2026-06-14T17:11:44.754-0700] {dag.py:3111} INFO - Creating ORM DAG for example_xcom_args
[2026-06-14T17:11:44.754-0700] {logging_mixin.py:188} INFO - [2026-06-14T17:11:44.754-0700] {dag.py:3947} INFO - Setting next_dagrun for example_xcom_args to None, run_after=None
[2026-06-14T17:11:44.755-0700] {logging_mixin.py:188} INFO - [2026-06-14T17:11:44.754-0700] {dag.py:3947} INFO - Setting next_dagrun for example_xcom_args_with_operators to None, run_after=None
[2026-06-14T17:11:44.760-0700] {processor.py:183} INFO - Processing /Users/fatimanaqib/Documents/job-market-tracker/.venv/lib/python3.11/site-packages/airflow/example_dags/example_xcomargs.py took 0.128 seconds
[2026-06-14T17:13:10.679-0700] {processor.py:161} INFO - Started process (PID=49439) to work on /Users/fatimanaqib/Documents/job-market-tracker/.venv/lib/python3.11/site-packages/airflow/example_dags/example_xcomargs.py
[2026-06-14T17:13:10.680-0700] {processor.py:830} INFO - Processing file /Users/fatimanaqib/Documents/job-market-tracker/.venv/lib/python3.11/site-packages/airflow/example_dags/example_xcomargs.py for tasks to queue
[2026-06-14T17:13:10.680-0700] {logging_mixin.py:188} INFO - [2026-06-14T17:13:10.680-0700] {dagbag.py:545} INFO - Filling up the DagBag from /Users/fatimanaqib/Documents/job-market-tracker/.venv/lib/python3.11/site-packages/airflow/example_dags/example_xcomargs.py
[2026-06-14T17:13:10.693-0700] {processor.py:840} INFO - DAG(s) 'example_xcom_args', 'example_xcom_args_with_operators' retrieved from /Users/fatimanaqib/Documents/job-market-tracker/.venv/lib/python3.11/site-packages/airflow/example_dags/example_xcomargs.py
[2026-06-14T17:13:10.724-0700] {logging_mixin.py:188} INFO - [2026-06-14T17:13:10.724-0700] {dag.py:3089} INFO - Sync 2 DAGs
[2026-06-14T17:13:10.727-0700] {logging_mixin.py:188} INFO - [2026-06-14T17:13:10.727-0700] {dag.py:3947} INFO - Setting next_dagrun for example_xcom_args to None, run_after=None
[2026-06-14T17:13:10.728-0700] {logging_mixin.py:188} INFO - [2026-06-14T17:13:10.728-0700] {dag.py:3947} INFO - Setting next_dagrun for example_xcom_args_with_operators to None, run_after=None
[2026-06-14T17:13:10.733-0700] {processor.py:183} INFO - Processing /Users/fatimanaqib/Documents/job-market-tracker/.venv/lib/python3.11/site-packages/airflow/example_dags/example_xcomargs.py took 0.055 seconds
[2026-06-14T17:14:41.722-0700] {processor.py:161} INFO - Started process (PID=50202) to work on /Users/fatimanaqib/Documents/job-market-tracker/.venv/lib/python3.11/site-packages/airflow/example_dags/example_xcomargs.py
[2026-06-14T17:14:41.722-0700] {processor.py:830} INFO - Processing file /Users/fatimanaqib/Documents/job-market-tracker/.venv/lib/python3.11/site-packages/airflow/example_dags/example_xcomargs.py for tasks to queue
[2026-06-14T17:14:41.723-0700] {logging_mixin.py:188} INFO - [2026-06-14T17:14:41.723-0700] {dagbag.py:545} INFO - Filling up the DagBag from /Users/fatimanaqib/Documents/job-market-tracker/.venv/lib/python3.11/site-packages/airflow/example_dags/example_xcomargs.py
[2026-06-14T17:14:41.736-0700] {processor.py:840} INFO - DAG(s) 'example_xcom_args', 'example_xcom_args_with_operators' retrieved from /Users/fatimanaqib/Documents/job-market-tracker/.venv/lib/python3.11/site-packages/airflow/example_dags/example_xcomargs.py
[2026-06-14T17:14:41.769-0700] {logging_mixin.py:188} INFO - [2026-06-14T17:14:41.769-0700] {dag.py:3089} INFO - Sync 2 DAGs
[2026-06-14T17:14:41.773-0700] {logging_mixin.py:188} INFO - [2026-06-14T17:14:41.773-0700] {dag.py:3947} INFO - Setting next_dagrun for example_xcom_args to None, run_after=None
[2026-06-14T17:14:41.774-0700] {logging_mixin.py:188} INFO - [2026-06-14T17:14:41.774-0700] {dag.py:3947} INFO - Setting next_dagrun for example_xcom_args_with_operators to None, run_after=None
[2026-06-14T17:14:41.779-0700] {processor.py:183} INFO - Processing /Users/fatimanaqib/Documents/job-market-tracker/.venv/lib/python3.11/site-packages/airflow/example_dags/example_xcomargs.py took 0.059 seconds
[2026-06-14T17:16:11.644-0700] {processor.py:161} INFO - Started process (PID=50401) to work on /Users/fatimanaqib/Documents/job-market-tracker/.venv/lib/python3.11/site-packages/airflow/example_dags/example_xcomargs.py
[2026-06-14T17:16:11.645-0700] {processor.py:830} INFO - Processing file /Users/fatimanaqib/Documents/job-market-tracker/.venv/lib/python3.11/site-packages/airflow/example_dags/example_xcomargs.py for tasks to queue
[2026-06-14T17:16:11.645-0700] {logging_mixin.py:188} INFO - [2026-06-14T17:16:11.645-0700] {dagbag.py:545} INFO - Filling up the DagBag from /Users/fatimanaqib/Documents/job-market-tracker/.venv/lib/python3.11/site-packages/airflow/example_dags/example_xcomargs.py
[2026-06-14T17:16:11.659-0700] {processor.py:840} INFO - DAG(s) 'example_xcom_args', 'example_xcom_args_with_operators' retrieved from /Users/fatimanaqib/Documents/job-market-tracker/.venv/lib/python3.11/site-packages/airflow/example_dags/example_xcomargs.py
[2026-06-14T17:16:11.689-0700] {logging_mixin.py:188} INFO - [2026-06-14T17:16:11.689-0700] {dag.py:3089} INFO - Sync 2 DAGs
[2026-06-14T17:16:11.692-0700] {logging_mixin.py:188} INFO - [2026-06-14T17:16:11.692-0700] {dag.py:3947} INFO - Setting next_dagrun for example_xcom_args to None, run_after=None
[2026-06-14T17:16:11.693-0700] {logging_mixin.py:188} INFO - [2026-06-14T17:16:11.693-0700] {dag.py:3947} INFO - Setting next_dagrun for example_xcom_args_with_operators to None, run_after=None
[2026-06-14T17:16:11.699-0700] {processor.py:183} INFO - Processing /Users/fatimanaqib/Documents/job-market-tracker/.venv/lib/python3.11/site-packages/airflow/example_dags/example_xcomargs.py took 0.056 seconds
[2026-06-14T17:17:13.660-0700] {processor.py:161} INFO - Started process (PID=50563) to work on /Users/fatimanaqib/Documents/job-market-tracker/.venv/lib/python3.11/site-packages/airflow/example_dags/example_xcomargs.py
[2026-06-14T17:17:13.661-0700] {processor.py:830} INFO - Processing file /Users/fatimanaqib/Documents/job-market-tracker/.venv/lib/python3.11/site-packages/airflow/example_dags/example_xcomargs.py for tasks to queue
[2026-06-14T17:17:13.661-0700] {logging_mixin.py:188} INFO - [2026-06-14T17:17:13.661-0700] {dagbag.py:545} INFO - Filling up the DagBag from /Users/fatimanaqib/Documents/job-market-tracker/.venv/lib/python3.11/site-packages/airflow/example_dags/example_xcomargs.py
[2026-06-14T17:17:13.675-0700] {processor.py:840} INFO - DAG(s) 'example_xcom_args_with_operators', 'example_xcom_args' retrieved from /Users/fatimanaqib/Documents/job-market-tracker/.venv/lib/python3.11/site-packages/airflow/example_dags/example_xcomargs.py
[2026-06-14T17:17:13.706-0700] {logging_mixin.py:188} INFO - [2026-06-14T17:17:13.706-0700] {dag.py:3089} INFO - Sync 2 DAGs
[2026-06-14T17:17:13.709-0700] {logging_mixin.py:188} INFO - [2026-06-14T17:17:13.709-0700] {dag.py:3947} INFO - Setting next_dagrun for example_xcom_args to None, run_after=None
[2026-06-14T17:17:13.710-0700] {logging_mixin.py:188} INFO - [2026-06-14T17:17:13.710-0700] {dag.py:3947} INFO - Setting next_dagrun for example_xcom_args_with_operators to None, run_after=None
[2026-06-14T17:17:13.715-0700] {processor.py:183} INFO - Processing /Users/fatimanaqib/Documents/job-market-tracker/.venv/lib/python3.11/site-packages/airflow/example_dags/example_xcomargs.py took 0.059 seconds
[2026-06-14T17:18:16.278-0700] {processor.py:161} INFO - Started process (PID=50737) to work on /Users/fatimanaqib/Documents/job-market-tracker/.venv/lib/python3.11/site-packages/airflow/example_dags/example_xcomargs.py
[2026-06-14T17:18:16.279-0700] {processor.py:830} INFO - Processing file /Users/fatimanaqib/Documents/job-market-tracker/.venv/lib/python3.11/site-packages/airflow/example_dags/example_xcomargs.py for tasks to queue
[2026-06-14T17:18:16.279-0700] {logging_mixin.py:188} INFO - [2026-06-14T17:18:16.279-0700] {dagbag.py:545} INFO - Filling up the DagBag from /Users/fatimanaqib/Documents/job-market-tracker/.venv/lib/python3.11/site-packages/airflow/example_dags/example_xcomargs.py
[2026-06-14T17:18:16.292-0700] {processor.py:840} INFO - DAG(s) 'example_xcom_args_with_operators', 'example_xcom_args' retrieved from /Users/fatimanaqib/Documents/job-market-tracker/.venv/lib/python3.11/site-packages/airflow/example_dags/example_xcomargs.py
[2026-06-14T17:18:16.322-0700] {logging_mixin.py:188} INFO - [2026-06-14T17:18:16.322-0700] {dag.py:3089} INFO - Sync 2 DAGs
[2026-06-14T17:18:16.325-0700] {logging_mixin.py:188} INFO - [2026-06-14T17:18:16.325-0700] {dag.py:3947} INFO - Setting next_dagrun for example_xcom_args to None, run_after=None
[2026-06-14T17:18:16.326-0700] {logging_mixin.py:188} INFO - [2026-06-14T17:18:16.326-0700] {dag.py:3947} INFO - Setting next_dagrun for example_xcom_args_with_operators to None, run_after=None
[2026-06-14T17:18:16.331-0700] {processor.py:183} INFO - Processing /Users/fatimanaqib/Documents/job-market-tracker/.venv/lib/python3.11/site-packages/airflow/example_dags/example_xcomargs.py took 0.054 seconds
[2026-06-14T17:19:12.603-0700] {processor.py:161} INFO - Started process (PID=51133) to work on /Users/fatimanaqib/Documents/job-market-tracker/.venv/lib/python3.11/site-packages/airflow/example_dags/example_xcomargs.py
[2026-06-14T17:19:12.604-0700] {processor.py:830} INFO - Processing file /Users/fatimanaqib/Documents/job-market-tracker/.venv/lib/python3.11/site-packages/airflow/example_dags/example_xcomargs.py for tasks to queue
[2026-06-14T17:19:12.605-0700] {logging_mixin.py:188} INFO - [2026-06-14T17:19:12.605-0700] {dagbag.py:545} INFO - Filling up the DagBag from /Users/fatimanaqib/Documents/job-market-tracker/.venv/lib/python3.11/site-packages/airflow/example_dags/example_xcomargs.py
[2026-06-14T17:19:12.618-0700] {processor.py:840} INFO - DAG(s) 'example_xcom_args', 'example_xcom_args_with_operators' retrieved from /Users/fatimanaqib/Documents/job-market-tracker/.venv/lib/python3.11/site-packages/airflow/example_dags/example_xcomargs.py
[2026-06-14T17:19:12.648-0700] {logging_mixin.py:188} INFO - [2026-06-14T17:19:12.648-0700] {dag.py:3089} INFO - Sync 2 DAGs
[2026-06-14T17:19:12.651-0700] {logging_mixin.py:188} INFO - [2026-06-14T17:19:12.651-0700] {dag.py:3947} INFO - Setting next_dagrun for example_xcom_args to None, run_after=None
[2026-06-14T17:19:12.652-0700] {logging_mixin.py:188} INFO - [2026-06-14T17:19:12.652-0700] {dag.py:3947} INFO - Setting next_dagrun for example_xcom_args_with_operators to None, run_after=None
[2026-06-14T17:19:12.658-0700] {processor.py:183} INFO - Processing /Users/fatimanaqib/Documents/job-market-tracker/.venv/lib/python3.11/site-packages/airflow/example_dags/example_xcomargs.py took 0.056 seconds
