[2026-06-14T17:12:50.329-0700] {processor.py:161} INFO - Started process (PID=49420) to work on /Users/fatimanaqib/Documents/job-market-tracker/.venv/lib/python3.11/site-packages/airflow/example_dags/example_bash_decorator.py
[2026-06-14T17:12:50.329-0700] {processor.py:830} INFO - Processing file /Users/fatimanaqib/Documents/job-market-tracker/.venv/lib/python3.11/site-packages/airflow/example_dags/example_bash_decorator.py for tasks to queue
[2026-06-14T17:12:50.329-0700] {logging_mixin.py:188} INFO - [2026-06-14T17:12:50.329-0700] {dagbag.py:545} INFO - Filling up the DagBag from /Users/fatimanaqib/Documents/job-market-tracker/.venv/lib/python3.11/site-packages/airflow/example_dags/example_bash_decorator.py
[2026-06-14T17:12:50.347-0700] {processor.py:840} INFO - DAG(s) 'example_bash_decorator' retrieved from /Users/fatimanaqib/Documents/job-market-tracker/.venv/lib/python3.11/site-packages/airflow/example_dags/example_bash_decorator.py
[2026-06-14T17:12:50.433-0700] {logging_mixin.py:188} INFO - [2026-06-14T17:12:50.433-0700] {override.py:1858} INFO - Created Permission View: can read on DAG:example_bash_decorator
[2026-06-14T17:12:50.437-0700] {logging_mixin.py:188} INFO - [2026-06-14T17:12:50.437-0700] {override.py:1858} INFO - Created Permission View: can edit on DAG:example_bash_decorator
[2026-06-14T17:12:50.439-0700] {logging_mixin.py:188} INFO - [2026-06-14T17:12:50.439-0700] {override.py:1858} INFO - Created Permission View: can delete on DAG:example_bash_decorator
[2026-06-14T17:12:50.439-0700] {logging_mixin.py:188} INFO - [2026-06-14T17:12:50.439-0700] {dag.py:3089} INFO - Sync 1 DAGs
[2026-06-14T17:12:50.442-0700] {logging_mixin.py:188} INFO - [2026-06-14T17:12:50.442-0700] {dag.py:3111} INFO - Creating ORM DAG for example_bash_decorator
[2026-06-14T17:12:50.443-0700] {logging_mixin.py:188} INFO - [2026-06-14T17:12:50.443-0700] {dag.py:3947} INFO - Setting next_dagrun for example_bash_decorator to None, run_after=None
[2026-06-14T17:12:50.448-0700] {processor.py:183} INFO - Processing /Users/fatimanaqib/Documents/job-market-tracker/.venv/lib/python3.11/site-packages/airflow/example_dags/example_bash_decorator.py took 0.121 seconds
[2026-06-14T17:15:49.325-0700] {processor.py:161} INFO - Started process (PID=50368) to work on /Users/fatimanaqib/Documents/job-market-tracker/.venv/lib/python3.11/site-packages/airflow/example_dags/example_bash_decorator.py
[2026-06-14T17:15:49.326-0700] {processor.py:830} INFO - Processing file /Users/fatimanaqib/Documents/job-market-tracker/.venv/lib/python3.11/site-packages/airflow/example_dags/example_bash_decorator.py for tasks to queue
[2026-06-14T17:15:49.326-0700] {logging_mixin.py:188} INFO - [2026-06-14T17:15:49.326-0700] {dagbag.py:545} INFO - Filling up the DagBag from /Users/fatimanaqib/Documents/job-market-tracker/.venv/lib/python3.11/site-packages/airflow/example_dags/example_bash_decorator.py
[2026-06-14T17:15:49.343-0700] {processor.py:840} INFO - DAG(s) 'example_bash_decorator' retrieved from /Users/fatimanaqib/Documents/job-market-tracker/.venv/lib/python3.11/site-packages/airflow/example_dags/example_bash_decorator.py
[2026-06-14T17:15:49.441-0700] {logging_mixin.py:188} INFO - [2026-06-14T17:15:49.441-0700] {dag.py:3089} INFO - Sync 1 DAGs
[2026-06-14T17:15:49.444-0700] {logging_mixin.py:188} INFO - [2026-06-14T17:15:49.444-0700] {dag.py:3947} INFO - Setting next_dagrun for example_bash_decorator to None, run_after=None
[2026-06-14T17:15:49.449-0700] {processor.py:183} INFO - Processing /Users/fatimanaqib/Documents/job-market-tracker/.venv/lib/python3.11/site-packages/airflow/example_dags/example_bash_decorator.py took 0.125 seconds
[2026-06-14T17:17:53.754-0700] {processor.py:161} INFO - Started process (PID=50701) to work on /Users/fatimanaqib/Documents/job-market-tracker/.venv/lib/python3.11/site-packages/airflow/example_dags/example_bash_decorator.py
[2026-06-14T17:17:53.755-0700] {processor.py:830} INFO - Processing file /Users/fatimanaqib/Documents/job-market-tracker/.venv/lib/python3.11/site-packages/airflow/example_dags/example_bash_decorator.py for tasks to queue
[2026-06-14T17:17:53.755-0700] {logging_mixin.py:188} INFO - [2026-06-14T17:17:53.755-0700] {dagbag.py:545} INFO - Filling up the DagBag from /Users/fatimanaqib/Documents/job-market-tracker/.venv/lib/python3.11/site-packages/airflow/example_dags/example_bash_decorator.py
[2026-06-14T17:17:53.775-0700] {processor.py:840} INFO - DAG(s) 'example_bash_decorator' retrieved from /Users/fatimanaqib/Documents/job-market-tracker/.venv/lib/python3.11/site-packages/airflow/example_dags/example_bash_decorator.py
[2026-06-14T17:17:53.873-0700] {logging_mixin.py:188} INFO - [2026-06-14T17:17:53.873-0700] {dag.py:3089} INFO - Sync 1 DAGs
[2026-06-14T17:17:53.877-0700] {logging_mixin.py:188} INFO - [2026-06-14T17:17:53.876-0700] {dag.py:3947} INFO - Setting next_dagrun for example_bash_decorator to None, run_after=None
[2026-06-14T17:17:53.883-0700] {processor.py:183} INFO - Processing /Users/fatimanaqib/Documents/job-market-tracker/.venv/lib/python3.11/site-packages/airflow/example_dags/example_bash_decorator.py took 0.129 seconds
