[2026-06-14T17:11:59.297-0700] {processor.py:161} INFO - Started process (PID=49198) to work on /Users/fatimanaqib/Documents/job-market-tracker/.venv/lib/python3.11/site-packages/airflow/example_dags/example_skip_dag.py
[2026-06-14T17:11:59.297-0700] {processor.py:830} INFO - Processing file /Users/fatimanaqib/Documents/job-market-tracker/.venv/lib/python3.11/site-packages/airflow/example_dags/example_skip_dag.py for tasks to queue
[2026-06-14T17:11:59.298-0700] {logging_mixin.py:188} INFO - [2026-06-14T17:11:59.297-0700] {dagbag.py:545} INFO - Filling up the DagBag from /Users/fatimanaqib/Documents/job-market-tracker/.venv/lib/python3.11/site-packages/airflow/example_dags/example_skip_dag.py
[2026-06-14T17:11:59.301-0700] {processor.py:840} INFO - DAG(s) 'example_skip_dag' retrieved from /Users/fatimanaqib/Documents/job-market-tracker/.venv/lib/python3.11/site-packages/airflow/example_dags/example_skip_dag.py
[2026-06-14T17:11:59.367-0700] {logging_mixin.py:188} INFO - [2026-06-14T17:11:59.367-0700] {override.py:1858} INFO - Created Permission View: can read on DAG:example_skip_dag
[2026-06-14T17:11:59.370-0700] {logging_mixin.py:188} INFO - [2026-06-14T17:11:59.370-0700] {override.py:1858} INFO - Created Permission View: can delete on DAG:example_skip_dag
[2026-06-14T17:11:59.372-0700] {logging_mixin.py:188} INFO - [2026-06-14T17:11:59.371-0700] {override.py:1858} INFO - Created Permission View: can edit on DAG:example_skip_dag
[2026-06-14T17:11:59.372-0700] {logging_mixin.py:188} INFO - [2026-06-14T17:11:59.372-0700] {dag.py:3089} INFO - Sync 1 DAGs
[2026-06-14T17:11:59.375-0700] {logging_mixin.py:188} INFO - [2026-06-14T17:11:59.375-0700] {dag.py:3111} INFO - Creating ORM DAG for example_skip_dag
[2026-06-14T17:11:59.377-0700] {logging_mixin.py:188} INFO - [2026-06-14T17:11:59.377-0700] {dag.py:3947} INFO - Setting next_dagrun for example_skip_dag to 2026-06-14 00:00:00+00:00, run_after=2026-06-15 00:00:00+00:00
[2026-06-14T17:11:59.410-0700] {processor.py:183} INFO - Processing /Users/fatimanaqib/Documents/job-market-tracker/.venv/lib/python3.11/site-packages/airflow/example_dags/example_skip_dag.py took 0.114 seconds
[2026-06-14T17:13:24.864-0700] {processor.py:161} INFO - Started process (PID=49456) to work on /Users/fatimanaqib/Documents/job-market-tracker/.venv/lib/python3.11/site-packages/airflow/example_dags/example_skip_dag.py
[2026-06-14T17:13:24.865-0700] {processor.py:830} INFO - Processing file /Users/fatimanaqib/Documents/job-market-tracker/.venv/lib/python3.11/site-packages/airflow/example_dags/example_skip_dag.py for tasks to queue
[2026-06-14T17:13:24.865-0700] {logging_mixin.py:188} INFO - [2026-06-14T17:13:24.865-0700] {dagbag.py:545} INFO - Filling up the DagBag from /Users/fatimanaqib/Documents/job-market-tracker/.venv/lib/python3.11/site-packages/airflow/example_dags/example_skip_dag.py
[2026-06-14T17:13:24.869-0700] {processor.py:840} INFO - DAG(s) 'example_skip_dag' retrieved from /Users/fatimanaqib/Documents/job-market-tracker/.venv/lib/python3.11/site-packages/airflow/example_dags/example_skip_dag.py
[2026-06-14T17:13:24.899-0700] {logging_mixin.py:188} INFO - [2026-06-14T17:13:24.899-0700] {dag.py:3089} INFO - Sync 1 DAGs
[2026-06-14T17:13:24.905-0700] {logging_mixin.py:188} INFO - [2026-06-14T17:13:24.905-0700] {dag.py:3947} INFO - Setting next_dagrun for example_skip_dag to 2026-06-14 00:00:00+00:00, run_after=2026-06-15 00:00:00+00:00
[2026-06-14T17:13:24.911-0700] {processor.py:183} INFO - Processing /Users/fatimanaqib/Documents/job-market-tracker/.venv/lib/python3.11/site-packages/airflow/example_dags/example_skip_dag.py took 0.047 seconds
[2026-06-14T17:14:55.745-0700] {processor.py:161} INFO - Started process (PID=50231) to work on /Users/fatimanaqib/Documents/job-market-tracker/.venv/lib/python3.11/site-packages/airflow/example_dags/example_skip_dag.py
[2026-06-14T17:14:55.746-0700] {processor.py:830} INFO - Processing file /Users/fatimanaqib/Documents/job-market-tracker/.venv/lib/python3.11/site-packages/airflow/example_dags/example_skip_dag.py for tasks to queue
[2026-06-14T17:14:55.746-0700] {logging_mixin.py:188} INFO - [2026-06-14T17:14:55.746-0700] {dagbag.py:545} INFO - Filling up the DagBag from /Users/fatimanaqib/Documents/job-market-tracker/.venv/lib/python3.11/site-packages/airflow/example_dags/example_skip_dag.py
[2026-06-14T17:14:55.749-0700] {processor.py:840} INFO - DAG(s) 'example_skip_dag' retrieved from /Users/fatimanaqib/Documents/job-market-tracker/.venv/lib/python3.11/site-packages/airflow/example_dags/example_skip_dag.py
[2026-06-14T17:14:55.780-0700] {logging_mixin.py:188} INFO - [2026-06-14T17:14:55.780-0700] {dag.py:3089} INFO - Sync 1 DAGs
[2026-06-14T17:14:55.786-0700] {logging_mixin.py:188} INFO - [2026-06-14T17:14:55.786-0700] {dag.py:3947} INFO - Setting next_dagrun for example_skip_dag to 2026-06-14 00:00:00+00:00, run_after=2026-06-15 00:00:00+00:00
[2026-06-14T17:14:55.792-0700] {processor.py:183} INFO - Processing /Users/fatimanaqib/Documents/job-market-tracker/.venv/lib/python3.11/site-packages/airflow/example_dags/example_skip_dag.py took 0.048 seconds
[2026-06-14T17:16:27.234-0700] {processor.py:161} INFO - Started process (PID=50479) to work on /Users/fatimanaqib/Documents/job-market-tracker/.venv/lib/python3.11/site-packages/airflow/example_dags/example_skip_dag.py
[2026-06-14T17:16:27.235-0700] {processor.py:830} INFO - Processing file /Users/fatimanaqib/Documents/job-market-tracker/.venv/lib/python3.11/site-packages/airflow/example_dags/example_skip_dag.py for tasks to queue
[2026-06-14T17:16:27.235-0700] {logging_mixin.py:188} INFO - [2026-06-14T17:16:27.235-0700] {dagbag.py:545} INFO - Filling up the DagBag from /Users/fatimanaqib/Documents/job-market-tracker/.venv/lib/python3.11/site-packages/airflow/example_dags/example_skip_dag.py
[2026-06-14T17:16:27.238-0700] {processor.py:840} INFO - DAG(s) 'example_skip_dag' retrieved from /Users/fatimanaqib/Documents/job-market-tracker/.venv/lib/python3.11/site-packages/airflow/example_dags/example_skip_dag.py
[2026-06-14T17:16:27.267-0700] {logging_mixin.py:188} INFO - [2026-06-14T17:16:27.267-0700] {dag.py:3089} INFO - Sync 1 DAGs
[2026-06-14T17:16:27.273-0700] {logging_mixin.py:188} INFO - [2026-06-14T17:16:27.273-0700] {dag.py:3947} INFO - Setting next_dagrun for example_skip_dag to 2026-06-14 00:00:00+00:00, run_after=2026-06-15 00:00:00+00:00
[2026-06-14T17:16:27.279-0700] {processor.py:183} INFO - Processing /Users/fatimanaqib/Documents/job-market-tracker/.venv/lib/python3.11/site-packages/airflow/example_dags/example_skip_dag.py took 0.046 seconds
[2026-06-14T17:18:30.772-0700] {processor.py:161} INFO - Started process (PID=50784) to work on /Users/fatimanaqib/Documents/job-market-tracker/.venv/lib/python3.11/site-packages/airflow/example_dags/example_skip_dag.py
[2026-06-14T17:18:30.773-0700] {processor.py:830} INFO - Processing file /Users/fatimanaqib/Documents/job-market-tracker/.venv/lib/python3.11/site-packages/airflow/example_dags/example_skip_dag.py for tasks to queue
[2026-06-14T17:18:30.773-0700] {logging_mixin.py:188} INFO - [2026-06-14T17:18:30.773-0700] {dagbag.py:545} INFO - Filling up the DagBag from /Users/fatimanaqib/Documents/job-market-tracker/.venv/lib/python3.11/site-packages/airflow/example_dags/example_skip_dag.py
[2026-06-14T17:18:30.778-0700] {processor.py:840} INFO - DAG(s) 'example_skip_dag' retrieved from /Users/fatimanaqib/Documents/job-market-tracker/.venv/lib/python3.11/site-packages/airflow/example_dags/example_skip_dag.py
[2026-06-14T17:18:30.819-0700] {logging_mixin.py:188} INFO - [2026-06-14T17:18:30.819-0700] {dag.py:3089} INFO - Sync 1 DAGs
[2026-06-14T17:18:30.826-0700] {logging_mixin.py:188} INFO - [2026-06-14T17:18:30.826-0700] {dag.py:3947} INFO - Setting next_dagrun for example_skip_dag to 2026-06-14 00:00:00+00:00, run_after=2026-06-15 00:00:00+00:00
[2026-06-14T17:18:30.833-0700] {processor.py:183} INFO - Processing /Users/fatimanaqib/Documents/job-market-tracker/.venv/lib/python3.11/site-packages/airflow/example_dags/example_skip_dag.py took 0.062 seconds
