[2026-06-14T17:12:46.725-0700] {processor.py:161} INFO - Started process (PID=49418) to work on /Users/fatimanaqib/Documents/job-market-tracker/.venv/lib/python3.11/site-packages/airflow/example_dags/example_branch_datetime_operator.py
[2026-06-14T17:12:46.726-0700] {processor.py:830} INFO - Processing file /Users/fatimanaqib/Documents/job-market-tracker/.venv/lib/python3.11/site-packages/airflow/example_dags/example_branch_datetime_operator.py for tasks to queue
[2026-06-14T17:12:46.726-0700] {logging_mixin.py:188} INFO - [2026-06-14T17:12:46.726-0700] {dagbag.py:545} INFO - Filling up the DagBag from /Users/fatimanaqib/Documents/job-market-tracker/.venv/lib/python3.11/site-packages/airflow/example_dags/example_branch_datetime_operator.py
[2026-06-14T17:12:46.731-0700] {processor.py:840} INFO - DAG(s) 'example_branch_datetime_operator', 'example_branch_datetime_operator_3', 'example_branch_datetime_operator_2' retrieved from /Users/fatimanaqib/Documents/job-market-tracker/.venv/lib/python3.11/site-packages/airflow/example_dags/example_branch_datetime_operator.py
[2026-06-14T17:12:46.797-0700] {logging_mixin.py:188} INFO - [2026-06-14T17:12:46.797-0700] {override.py:1858} INFO - Created Permission View: can read on DAG:example_branch_datetime_operator
[2026-06-14T17:12:46.801-0700] {logging_mixin.py:188} INFO - [2026-06-14T17:12:46.801-0700] {override.py:1858} INFO - Created Permission View: can delete on DAG:example_branch_datetime_operator
[2026-06-14T17:12:46.804-0700] {logging_mixin.py:188} INFO - [2026-06-14T17:12:46.803-0700] {override.py:1858} INFO - Created Permission View: can edit on DAG:example_branch_datetime_operator
[2026-06-14T17:12:46.808-0700] {logging_mixin.py:188} INFO - [2026-06-14T17:12:46.808-0700] {override.py:1858} INFO - Created Permission View: can read on DAG:example_branch_datetime_operator_3
[2026-06-14T17:12:46.810-0700] {logging_mixin.py:188} INFO - [2026-06-14T17:12:46.810-0700] {override.py:1858} INFO - Created Permission View: can delete on DAG:example_branch_datetime_operator_3
[2026-06-14T17:12:46.813-0700] {logging_mixin.py:188} INFO - [2026-06-14T17:12:46.812-0700] {override.py:1858} INFO - Created Permission View: can edit on DAG:example_branch_datetime_operator_3
[2026-06-14T17:12:46.817-0700] {logging_mixin.py:188} INFO - [2026-06-14T17:12:46.817-0700] {override.py:1858} INFO - Created Permission View: can read on DAG:example_branch_datetime_operator_2
[2026-06-14T17:12:46.819-0700] {logging_mixin.py:188} INFO - [2026-06-14T17:12:46.819-0700] {override.py:1858} INFO - Created Permission View: can delete on DAG:example_branch_datetime_operator_2
[2026-06-14T17:12:46.821-0700] {logging_mixin.py:188} INFO - [2026-06-14T17:12:46.821-0700] {override.py:1858} INFO - Created Permission View: can edit on DAG:example_branch_datetime_operator_2
[2026-06-14T17:12:46.821-0700] {logging_mixin.py:188} INFO - [2026-06-14T17:12:46.821-0700] {dag.py:3089} INFO - Sync 3 DAGs
[2026-06-14T17:12:46.824-0700] {logging_mixin.py:188} INFO - [2026-06-14T17:12:46.824-0700] {dag.py:3111} INFO - Creating ORM DAG for example_branch_datetime_operator_2
[2026-06-14T17:12:46.825-0700] {logging_mixin.py:188} INFO - [2026-06-14T17:12:46.825-0700] {dag.py:3111} INFO - Creating ORM DAG for example_branch_datetime_operator_3
[2026-06-14T17:12:46.825-0700] {logging_mixin.py:188} INFO - [2026-06-14T17:12:46.825-0700] {dag.py:3111} INFO - Creating ORM DAG for example_branch_datetime_operator
[2026-06-14T17:12:46.827-0700] {logging_mixin.py:188} INFO - [2026-06-14T17:12:46.827-0700] {dag.py:3947} INFO - Setting next_dagrun for example_branch_datetime_operator to 2026-06-14 00:00:00+00:00, run_after=2026-06-15 00:00:00+00:00
[2026-06-14T17:12:46.828-0700] {logging_mixin.py:188} INFO - [2026-06-14T17:12:46.828-0700] {dag.py:3947} INFO - Setting next_dagrun for example_branch_datetime_operator_2 to 2026-06-14 00:00:00+00:00, run_after=2026-06-15 00:00:00+00:00
[2026-06-14T17:12:46.828-0700] {logging_mixin.py:188} INFO - [2026-06-14T17:12:46.828-0700] {dag.py:3947} INFO - Setting next_dagrun for example_branch_datetime_operator_3 to 2026-06-14 00:00:00+00:00, run_after=2026-06-15 00:00:00+00:00
[2026-06-14T17:12:46.863-0700] {processor.py:183} INFO - Processing /Users/fatimanaqib/Documents/job-market-tracker/.venv/lib/python3.11/site-packages/airflow/example_dags/example_branch_datetime_operator.py took 0.138 seconds
[2026-06-14T17:15:45.857-0700] {processor.py:161} INFO - Started process (PID=50361) to work on /Users/fatimanaqib/Documents/job-market-tracker/.venv/lib/python3.11/site-packages/airflow/example_dags/example_branch_datetime_operator.py
[2026-06-14T17:15:45.858-0700] {processor.py:830} INFO - Processing file /Users/fatimanaqib/Documents/job-market-tracker/.venv/lib/python3.11/site-packages/airflow/example_dags/example_branch_datetime_operator.py for tasks to queue
[2026-06-14T17:15:45.858-0700] {logging_mixin.py:188} INFO - [2026-06-14T17:15:45.858-0700] {dagbag.py:545} INFO - Filling up the DagBag from /Users/fatimanaqib/Documents/job-market-tracker/.venv/lib/python3.11/site-packages/airflow/example_dags/example_branch_datetime_operator.py
[2026-06-14T17:15:45.863-0700] {processor.py:840} INFO - DAG(s) 'example_branch_datetime_operator_3', 'example_branch_datetime_operator_2', 'example_branch_datetime_operator' retrieved from /Users/fatimanaqib/Documents/job-market-tracker/.venv/lib/python3.11/site-packages/airflow/example_dags/example_branch_datetime_operator.py
[2026-06-14T17:15:45.894-0700] {logging_mixin.py:188} INFO - [2026-06-14T17:15:45.894-0700] {dag.py:3089} INFO - Sync 3 DAGs
[2026-06-14T17:15:45.900-0700] {logging_mixin.py:188} INFO - [2026-06-14T17:15:45.900-0700] {dag.py:3947} INFO - Setting next_dagrun for example_branch_datetime_operator to 2026-06-14 00:00:00+00:00, run_after=2026-06-15 00:00:00+00:00
[2026-06-14T17:15:45.901-0700] {logging_mixin.py:188} INFO - [2026-06-14T17:15:45.901-0700] {dag.py:3947} INFO - Setting next_dagrun for example_branch_datetime_operator_2 to 2026-06-14 00:00:00+00:00, run_after=2026-06-15 00:00:00+00:00
[2026-06-14T17:15:45.902-0700] {logging_mixin.py:188} INFO - [2026-06-14T17:15:45.902-0700] {dag.py:3947} INFO - Setting next_dagrun for example_branch_datetime_operator_3 to 2026-06-14 00:00:00+00:00, run_after=2026-06-15 00:00:00+00:00
[2026-06-14T17:15:45.907-0700] {processor.py:183} INFO - Processing /Users/fatimanaqib/Documents/job-market-tracker/.venv/lib/python3.11/site-packages/airflow/example_dags/example_branch_datetime_operator.py took 0.051 seconds
[2026-06-14T17:17:50.338-0700] {processor.py:161} INFO - Started process (PID=50699) to work on /Users/fatimanaqib/Documents/job-market-tracker/.venv/lib/python3.11/site-packages/airflow/example_dags/example_branch_datetime_operator.py
[2026-06-14T17:17:50.340-0700] {processor.py:830} INFO - Processing file /Users/fatimanaqib/Documents/job-market-tracker/.venv/lib/python3.11/site-packages/airflow/example_dags/example_branch_datetime_operator.py for tasks to queue
[2026-06-14T17:17:50.341-0700] {logging_mixin.py:188} INFO - [2026-06-14T17:17:50.341-0700] {dagbag.py:545} INFO - Filling up the DagBag from /Users/fatimanaqib/Documents/job-market-tracker/.venv/lib/python3.11/site-packages/airflow/example_dags/example_branch_datetime_operator.py
[2026-06-14T17:17:50.346-0700] {processor.py:840} INFO - DAG(s) 'example_branch_datetime_operator', 'example_branch_datetime_operator_3', 'example_branch_datetime_operator_2' retrieved from /Users/fatimanaqib/Documents/job-market-tracker/.venv/lib/python3.11/site-packages/airflow/example_dags/example_branch_datetime_operator.py
[2026-06-14T17:17:50.378-0700] {logging_mixin.py:188} INFO - [2026-06-14T17:17:50.378-0700] {dag.py:3089} INFO - Sync 3 DAGs
[2026-06-14T17:17:50.384-0700] {logging_mixin.py:188} INFO - [2026-06-14T17:17:50.384-0700] {dag.py:3947} INFO - Setting next_dagrun for example_branch_datetime_operator to 2026-06-14 00:00:00+00:00, run_after=2026-06-15 00:00:00+00:00
[2026-06-14T17:17:50.386-0700] {logging_mixin.py:188} INFO - [2026-06-14T17:17:50.386-0700] {dag.py:3947} INFO - Setting next_dagrun for example_branch_datetime_operator_2 to 2026-06-14 00:00:00+00:00, run_after=2026-06-15 00:00:00+00:00
[2026-06-14T17:17:50.386-0700] {logging_mixin.py:188} INFO - [2026-06-14T17:17:50.386-0700] {dag.py:3947} INFO - Setting next_dagrun for example_branch_datetime_operator_3 to 2026-06-14 00:00:00+00:00, run_after=2026-06-15 00:00:00+00:00
[2026-06-14T17:17:50.392-0700] {processor.py:183} INFO - Processing /Users/fatimanaqib/Documents/job-market-tracker/.venv/lib/python3.11/site-packages/airflow/example_dags/example_branch_datetime_operator.py took 0.055 seconds
