[2026-06-14T17:12:31.641-0700] {processor.py:161} INFO - Started process (PID=49400) to work on /Users/fatimanaqib/Documents/job-market-tracker/.venv/lib/python3.11/site-packages/airflow/example_dags/example_display_name.py
[2026-06-14T17:12:31.642-0700] {processor.py:830} INFO - Processing file /Users/fatimanaqib/Documents/job-market-tracker/.venv/lib/python3.11/site-packages/airflow/example_dags/example_display_name.py for tasks to queue
[2026-06-14T17:12:31.642-0700] {logging_mixin.py:188} INFO - [2026-06-14T17:12:31.642-0700] {dagbag.py:545} INFO - Filling up the DagBag from /Users/fatimanaqib/Documents/job-market-tracker/.venv/lib/python3.11/site-packages/airflow/example_dags/example_display_name.py
[2026-06-14T17:12:31.657-0700] {processor.py:840} INFO - DAG(s) 'example_display_name' retrieved from /Users/fatimanaqib/Documents/job-market-tracker/.venv/lib/python3.11/site-packages/airflow/example_dags/example_display_name.py
[2026-06-14T17:12:31.747-0700] {logging_mixin.py:188} INFO - [2026-06-14T17:12:31.720-0700] {override.py:1858} INFO - Created Permission View: can delete on DAG:example_display_name
[2026-06-14T17:12:31.750-0700] {logging_mixin.py:188} INFO - [2026-06-14T17:12:31.750-0700] {override.py:1858} INFO - Created Permission View: can edit on DAG:example_display_name
[2026-06-14T17:12:31.752-0700] {logging_mixin.py:188} INFO - [2026-06-14T17:12:31.752-0700] {override.py:1858} INFO - Created Permission View: can read on DAG:example_display_name
[2026-06-14T17:12:31.752-0700] {logging_mixin.py:188} INFO - [2026-06-14T17:12:31.752-0700] {dag.py:3089} INFO - Sync 1 DAGs
[2026-06-14T17:12:31.755-0700] {logging_mixin.py:188} INFO - [2026-06-14T17:12:31.755-0700] {dag.py:3111} INFO - Creating ORM DAG for example_display_name
[2026-06-14T17:12:31.755-0700] {logging_mixin.py:188} INFO - [2026-06-14T17:12:31.755-0700] {dag.py:3947} INFO - Setting next_dagrun for example_display_name to None, run_after=None
[2026-06-14T17:12:31.761-0700] {processor.py:183} INFO - Processing /Users/fatimanaqib/Documents/job-market-tracker/.venv/lib/python3.11/site-packages/airflow/example_dags/example_display_name.py took 0.121 seconds
[2026-06-14T17:15:30.166-0700] {processor.py:161} INFO - Started process (PID=50332) to work on /Users/fatimanaqib/Documents/job-market-tracker/.venv/lib/python3.11/site-packages/airflow/example_dags/example_display_name.py
[2026-06-14T17:15:30.167-0700] {processor.py:830} INFO - Processing file /Users/fatimanaqib/Documents/job-market-tracker/.venv/lib/python3.11/site-packages/airflow/example_dags/example_display_name.py for tasks to queue
[2026-06-14T17:15:30.167-0700] {logging_mixin.py:188} INFO - [2026-06-14T17:15:30.167-0700] {dagbag.py:545} INFO - Filling up the DagBag from /Users/fatimanaqib/Documents/job-market-tracker/.venv/lib/python3.11/site-packages/airflow/example_dags/example_display_name.py
[2026-06-14T17:15:30.179-0700] {processor.py:840} INFO - DAG(s) 'example_display_name' retrieved from /Users/fatimanaqib/Documents/job-market-tracker/.venv/lib/python3.11/site-packages/airflow/example_dags/example_display_name.py
[2026-06-14T17:15:30.208-0700] {logging_mixin.py:188} INFO - [2026-06-14T17:15:30.208-0700] {dag.py:3089} INFO - Sync 1 DAGs
[2026-06-14T17:15:30.211-0700] {logging_mixin.py:188} INFO - [2026-06-14T17:15:30.211-0700] {dag.py:3947} INFO - Setting next_dagrun for example_display_name to None, run_after=None
[2026-06-14T17:15:30.217-0700] {processor.py:183} INFO - Processing /Users/fatimanaqib/Documents/job-market-tracker/.venv/lib/python3.11/site-packages/airflow/example_dags/example_display_name.py took 0.052 seconds
[2026-06-14T17:17:34.588-0700] {processor.py:161} INFO - Started process (PID=50668) to work on /Users/fatimanaqib/Documents/job-market-tracker/.venv/lib/python3.11/site-packages/airflow/example_dags/example_display_name.py
[2026-06-14T17:17:34.589-0700] {processor.py:830} INFO - Processing file /Users/fatimanaqib/Documents/job-market-tracker/.venv/lib/python3.11/site-packages/airflow/example_dags/example_display_name.py for tasks to queue
[2026-06-14T17:17:34.589-0700] {logging_mixin.py:188} INFO - [2026-06-14T17:17:34.589-0700] {dagbag.py:545} INFO - Filling up the DagBag from /Users/fatimanaqib/Documents/job-market-tracker/.venv/lib/python3.11/site-packages/airflow/example_dags/example_display_name.py
[2026-06-14T17:17:34.601-0700] {processor.py:840} INFO - DAG(s) 'example_display_name' retrieved from /Users/fatimanaqib/Documents/job-market-tracker/.venv/lib/python3.11/site-packages/airflow/example_dags/example_display_name.py
[2026-06-14T17:17:34.630-0700] {logging_mixin.py:188} INFO - [2026-06-14T17:17:34.630-0700] {dag.py:3089} INFO - Sync 1 DAGs
[2026-06-14T17:17:34.633-0700] {logging_mixin.py:188} INFO - [2026-06-14T17:17:34.633-0700] {dag.py:3947} INFO - Setting next_dagrun for example_display_name to None, run_after=None
[2026-06-14T17:17:34.639-0700] {processor.py:183} INFO - Processing /Users/fatimanaqib/Documents/job-market-tracker/.venv/lib/python3.11/site-packages/airflow/example_dags/example_display_name.py took 0.052 seconds
[2026-06-14T17:19:26.917-0700] {processor.py:161} INFO - Started process (PID=51251) to work on /Users/fatimanaqib/Documents/job-market-tracker/.venv/lib/python3.11/site-packages/airflow/example_dags/example_display_name.py
[2026-06-14T17:19:26.918-0700] {processor.py:830} INFO - Processing file /Users/fatimanaqib/Documents/job-market-tracker/.venv/lib/python3.11/site-packages/airflow/example_dags/example_display_name.py for tasks to queue
[2026-06-14T17:19:26.918-0700] {logging_mixin.py:188} INFO - [2026-06-14T17:19:26.918-0700] {dagbag.py:545} INFO - Filling up the DagBag from /Users/fatimanaqib/Documents/job-market-tracker/.venv/lib/python3.11/site-packages/airflow/example_dags/example_display_name.py
[2026-06-14T17:19:26.933-0700] {processor.py:840} INFO - DAG(s) 'example_display_name' retrieved from /Users/fatimanaqib/Documents/job-market-tracker/.venv/lib/python3.11/site-packages/airflow/example_dags/example_display_name.py
[2026-06-14T17:19:26.963-0700] {logging_mixin.py:188} INFO - [2026-06-14T17:19:26.963-0700] {dag.py:3089} INFO - Sync 1 DAGs
[2026-06-14T17:19:26.967-0700] {logging_mixin.py:188} INFO - [2026-06-14T17:19:26.967-0700] {dag.py:3947} INFO - Setting next_dagrun for example_display_name to None, run_after=None
[2026-06-14T17:19:26.974-0700] {processor.py:183} INFO - Processing /Users/fatimanaqib/Documents/job-market-tracker/.venv/lib/python3.11/site-packages/airflow/example_dags/example_display_name.py took 0.058 seconds
