[2026-06-14T17:12:45.642-0700] {processor.py:161} INFO - Started process (PID=49417) to work on /Users/fatimanaqib/Documents/job-market-tracker/.venv/lib/python3.11/site-packages/airflow/example_dags/example_branch_day_of_week_operator.py
[2026-06-14T17:12:45.643-0700] {processor.py:830} INFO - Processing file /Users/fatimanaqib/Documents/job-market-tracker/.venv/lib/python3.11/site-packages/airflow/example_dags/example_branch_day_of_week_operator.py for tasks to queue
[2026-06-14T17:12:45.643-0700] {logging_mixin.py:188} INFO - [2026-06-14T17:12:45.643-0700] {dagbag.py:545} INFO - Filling up the DagBag from /Users/fatimanaqib/Documents/job-market-tracker/.venv/lib/python3.11/site-packages/airflow/example_dags/example_branch_day_of_week_operator.py
[2026-06-14T17:12:45.648-0700] {processor.py:840} INFO - DAG(s) 'example_weekday_branch_operator' retrieved from /Users/fatimanaqib/Documents/job-market-tracker/.venv/lib/python3.11/site-packages/airflow/example_dags/example_branch_day_of_week_operator.py
[2026-06-14T17:12:45.706-0700] {logging_mixin.py:188} INFO - [2026-06-14T17:12:45.706-0700] {override.py:1858} INFO - Created Permission View: can delete on DAG:example_weekday_branch_operator
[2026-06-14T17:12:45.709-0700] {logging_mixin.py:188} INFO - [2026-06-14T17:12:45.709-0700] {override.py:1858} INFO - Created Permission View: can read on DAG:example_weekday_branch_operator
[2026-06-14T17:12:45.711-0700] {logging_mixin.py:188} INFO - [2026-06-14T17:12:45.711-0700] {override.py:1858} INFO - Created Permission View: can edit on DAG:example_weekday_branch_operator
[2026-06-14T17:12:45.711-0700] {logging_mixin.py:188} INFO - [2026-06-14T17:12:45.711-0700] {dag.py:3089} INFO - Sync 1 DAGs
[2026-06-14T17:12:45.714-0700] {logging_mixin.py:188} INFO - [2026-06-14T17:12:45.714-0700] {dag.py:3111} INFO - Creating ORM DAG for example_weekday_branch_operator
[2026-06-14T17:12:45.717-0700] {logging_mixin.py:188} INFO - [2026-06-14T17:12:45.717-0700] {dag.py:3947} INFO - Setting next_dagrun for example_weekday_branch_operator to 2026-06-14 00:00:00+00:00, run_after=2026-06-15 00:00:00+00:00
[2026-06-14T17:12:45.748-0700] {processor.py:183} INFO - Processing /Users/fatimanaqib/Documents/job-market-tracker/.venv/lib/python3.11/site-packages/airflow/example_dags/example_branch_day_of_week_operator.py took 0.107 seconds
[2026-06-14T17:15:44.144-0700] {processor.py:161} INFO - Started process (PID=50360) to work on /Users/fatimanaqib/Documents/job-market-tracker/.venv/lib/python3.11/site-packages/airflow/example_dags/example_branch_day_of_week_operator.py
[2026-06-14T17:15:44.145-0700] {processor.py:830} INFO - Processing file /Users/fatimanaqib/Documents/job-market-tracker/.venv/lib/python3.11/site-packages/airflow/example_dags/example_branch_day_of_week_operator.py for tasks to queue
[2026-06-14T17:15:44.145-0700] {logging_mixin.py:188} INFO - [2026-06-14T17:15:44.145-0700] {dagbag.py:545} INFO - Filling up the DagBag from /Users/fatimanaqib/Documents/job-market-tracker/.venv/lib/python3.11/site-packages/airflow/example_dags/example_branch_day_of_week_operator.py
[2026-06-14T17:15:44.150-0700] {processor.py:840} INFO - DAG(s) 'example_weekday_branch_operator' retrieved from /Users/fatimanaqib/Documents/job-market-tracker/.venv/lib/python3.11/site-packages/airflow/example_dags/example_branch_day_of_week_operator.py
[2026-06-14T17:15:44.180-0700] {logging_mixin.py:188} INFO - [2026-06-14T17:15:44.180-0700] {dag.py:3089} INFO - Sync 1 DAGs
[2026-06-14T17:15:44.186-0700] {logging_mixin.py:188} INFO - [2026-06-14T17:15:44.186-0700] {dag.py:3947} INFO - Setting next_dagrun for example_weekday_branch_operator to 2026-06-14 00:00:00+00:00, run_after=2026-06-15 00:00:00+00:00
[2026-06-14T17:15:44.192-0700] {processor.py:183} INFO - Processing /Users/fatimanaqib/Documents/job-market-tracker/.venv/lib/python3.11/site-packages/airflow/example_dags/example_branch_day_of_week_operator.py took 0.048 seconds
[2026-06-14T17:17:48.571-0700] {processor.py:161} INFO - Started process (PID=50691) to work on /Users/fatimanaqib/Documents/job-market-tracker/.venv/lib/python3.11/site-packages/airflow/example_dags/example_branch_day_of_week_operator.py
[2026-06-14T17:17:48.571-0700] {processor.py:830} INFO - Processing file /Users/fatimanaqib/Documents/job-market-tracker/.venv/lib/python3.11/site-packages/airflow/example_dags/example_branch_day_of_week_operator.py for tasks to queue
[2026-06-14T17:17:48.572-0700] {logging_mixin.py:188} INFO - [2026-06-14T17:17:48.571-0700] {dagbag.py:545} INFO - Filling up the DagBag from /Users/fatimanaqib/Documents/job-market-tracker/.venv/lib/python3.11/site-packages/airflow/example_dags/example_branch_day_of_week_operator.py
[2026-06-14T17:17:48.578-0700] {processor.py:840} INFO - DAG(s) 'example_weekday_branch_operator' retrieved from /Users/fatimanaqib/Documents/job-market-tracker/.venv/lib/python3.11/site-packages/airflow/example_dags/example_branch_day_of_week_operator.py
[2026-06-14T17:17:48.615-0700] {logging_mixin.py:188} INFO - [2026-06-14T17:17:48.615-0700] {dag.py:3089} INFO - Sync 1 DAGs
[2026-06-14T17:17:48.623-0700] {logging_mixin.py:188} INFO - [2026-06-14T17:17:48.623-0700] {dag.py:3947} INFO - Setting next_dagrun for example_weekday_branch_operator to 2026-06-14 00:00:00+00:00, run_after=2026-06-15 00:00:00+00:00
[2026-06-14T17:17:48.631-0700] {processor.py:183} INFO - Processing /Users/fatimanaqib/Documents/job-market-tracker/.venv/lib/python3.11/site-packages/airflow/example_dags/example_branch_day_of_week_operator.py took 0.062 seconds
