[2026-06-14T17:12:18.091-0700] {processor.py:161} INFO - Started process (PID=49370) to work on /Users/fatimanaqib/Documents/job-market-tracker/.venv/lib/python3.11/site-packages/airflow/example_dags/example_params_trigger_ui.py
[2026-06-14T17:12:18.092-0700] {processor.py:830} INFO - Processing file /Users/fatimanaqib/Documents/job-market-tracker/.venv/lib/python3.11/site-packages/airflow/example_dags/example_params_trigger_ui.py for tasks to queue
[2026-06-14T17:12:18.092-0700] {logging_mixin.py:188} INFO - [2026-06-14T17:12:18.092-0700] {dagbag.py:545} INFO - Filling up the DagBag from /Users/fatimanaqib/Documents/job-market-tracker/.venv/lib/python3.11/site-packages/airflow/example_dags/example_params_trigger_ui.py
[2026-06-14T17:12:18.118-0700] {processor.py:840} INFO - DAG(s) 'example_params_trigger_ui' retrieved from /Users/fatimanaqib/Documents/job-market-tracker/.venv/lib/python3.11/site-packages/airflow/example_dags/example_params_trigger_ui.py
[2026-06-14T17:12:18.230-0700] {logging_mixin.py:188} INFO - [2026-06-14T17:12:18.229-0700] {override.py:1858} INFO - Created Permission View: can edit on DAG:example_params_trigger_ui
[2026-06-14T17:12:18.234-0700] {logging_mixin.py:188} INFO - [2026-06-14T17:12:18.234-0700] {override.py:1858} INFO - Created Permission View: can delete on DAG:example_params_trigger_ui
[2026-06-14T17:12:18.236-0700] {logging_mixin.py:188} INFO - [2026-06-14T17:12:18.236-0700] {override.py:1858} INFO - Created Permission View: can read on DAG:example_params_trigger_ui
[2026-06-14T17:12:18.236-0700] {logging_mixin.py:188} INFO - [2026-06-14T17:12:18.236-0700] {dag.py:3089} INFO - Sync 1 DAGs
[2026-06-14T17:12:18.240-0700] {logging_mixin.py:188} INFO - [2026-06-14T17:12:18.239-0700] {dag.py:3111} INFO - Creating ORM DAG for example_params_trigger_ui
[2026-06-14T17:12:18.240-0700] {logging_mixin.py:188} INFO - [2026-06-14T17:12:18.240-0700] {dag.py:3947} INFO - Setting next_dagrun for example_params_trigger_ui to None, run_after=None
[2026-06-14T17:12:18.246-0700] {processor.py:183} INFO - Processing /Users/fatimanaqib/Documents/job-market-tracker/.venv/lib/python3.11/site-packages/airflow/example_dags/example_params_trigger_ui.py took 0.158 seconds
[2026-06-14T17:13:41.741-0700] {processor.py:161} INFO - Started process (PID=49484) to work on /Users/fatimanaqib/Documents/job-market-tracker/.venv/lib/python3.11/site-packages/airflow/example_dags/example_params_trigger_ui.py
[2026-06-14T17:13:41.742-0700] {processor.py:830} INFO - Processing file /Users/fatimanaqib/Documents/job-market-tracker/.venv/lib/python3.11/site-packages/airflow/example_dags/example_params_trigger_ui.py for tasks to queue
[2026-06-14T17:13:41.742-0700] {logging_mixin.py:188} INFO - [2026-06-14T17:13:41.742-0700] {dagbag.py:545} INFO - Filling up the DagBag from /Users/fatimanaqib/Documents/job-market-tracker/.venv/lib/python3.11/site-packages/airflow/example_dags/example_params_trigger_ui.py
[2026-06-14T17:13:41.761-0700] {processor.py:840} INFO - DAG(s) 'example_params_trigger_ui' retrieved from /Users/fatimanaqib/Documents/job-market-tracker/.venv/lib/python3.11/site-packages/airflow/example_dags/example_params_trigger_ui.py
[2026-06-14T17:13:41.800-0700] {logging_mixin.py:188} INFO - [2026-06-14T17:13:41.799-0700] {dag.py:3089} INFO - Sync 1 DAGs
[2026-06-14T17:13:41.803-0700] {logging_mixin.py:188} INFO - [2026-06-14T17:13:41.803-0700] {dag.py:3947} INFO - Setting next_dagrun for example_params_trigger_ui to None, run_after=None
[2026-06-14T17:13:41.810-0700] {processor.py:183} INFO - Processing /Users/fatimanaqib/Documents/job-market-tracker/.venv/lib/python3.11/site-packages/airflow/example_dags/example_params_trigger_ui.py took 0.070 seconds
[2026-06-14T17:15:14.630-0700] {processor.py:161} INFO - Started process (PID=50254) to work on /Users/fatimanaqib/Documents/job-market-tracker/.venv/lib/python3.11/site-packages/airflow/example_dags/example_params_trigger_ui.py
[2026-06-14T17:15:14.630-0700] {processor.py:830} INFO - Processing file /Users/fatimanaqib/Documents/job-market-tracker/.venv/lib/python3.11/site-packages/airflow/example_dags/example_params_trigger_ui.py for tasks to queue
[2026-06-14T17:15:14.631-0700] {logging_mixin.py:188} INFO - [2026-06-14T17:15:14.631-0700] {dagbag.py:545} INFO - Filling up the DagBag from /Users/fatimanaqib/Documents/job-market-tracker/.venv/lib/python3.11/site-packages/airflow/example_dags/example_params_trigger_ui.py
[2026-06-14T17:15:14.646-0700] {processor.py:840} INFO - DAG(s) 'example_params_trigger_ui' retrieved from /Users/fatimanaqib/Documents/job-market-tracker/.venv/lib/python3.11/site-packages/airflow/example_dags/example_params_trigger_ui.py
[2026-06-14T17:15:14.685-0700] {logging_mixin.py:188} INFO - [2026-06-14T17:15:14.685-0700] {dag.py:3089} INFO - Sync 1 DAGs
[2026-06-14T17:15:14.688-0700] {logging_mixin.py:188} INFO - [2026-06-14T17:15:14.688-0700] {dag.py:3947} INFO - Setting next_dagrun for example_params_trigger_ui to None, run_after=None
[2026-06-14T17:15:14.695-0700] {processor.py:183} INFO - Processing /Users/fatimanaqib/Documents/job-market-tracker/.venv/lib/python3.11/site-packages/airflow/example_dags/example_params_trigger_ui.py took 0.067 seconds
[2026-06-14T17:16:46.175-0700] {processor.py:161} INFO - Started process (PID=50511) to work on /Users/fatimanaqib/Documents/job-market-tracker/.venv/lib/python3.11/site-packages/airflow/example_dags/example_params_trigger_ui.py
[2026-06-14T17:16:46.176-0700] {processor.py:830} INFO - Processing file /Users/fatimanaqib/Documents/job-market-tracker/.venv/lib/python3.11/site-packages/airflow/example_dags/example_params_trigger_ui.py for tasks to queue
[2026-06-14T17:16:46.176-0700] {logging_mixin.py:188} INFO - [2026-06-14T17:16:46.176-0700] {dagbag.py:545} INFO - Filling up the DagBag from /Users/fatimanaqib/Documents/job-market-tracker/.venv/lib/python3.11/site-packages/airflow/example_dags/example_params_trigger_ui.py
[2026-06-14T17:16:46.194-0700] {processor.py:840} INFO - DAG(s) 'example_params_trigger_ui' retrieved from /Users/fatimanaqib/Documents/job-market-tracker/.venv/lib/python3.11/site-packages/airflow/example_dags/example_params_trigger_ui.py
[2026-06-14T17:16:46.232-0700] {logging_mixin.py:188} INFO - [2026-06-14T17:16:46.232-0700] {dag.py:3089} INFO - Sync 1 DAGs
[2026-06-14T17:16:46.235-0700] {logging_mixin.py:188} INFO - [2026-06-14T17:16:46.235-0700] {dag.py:3947} INFO - Setting next_dagrun for example_params_trigger_ui to None, run_after=None
[2026-06-14T17:16:46.241-0700] {processor.py:183} INFO - Processing /Users/fatimanaqib/Documents/job-market-tracker/.venv/lib/python3.11/site-packages/airflow/example_dags/example_params_trigger_ui.py took 0.068 seconds
[2026-06-14T17:18:47.864-0700] {processor.py:161} INFO - Started process (PID=50818) to work on /Users/fatimanaqib/Documents/job-market-tracker/.venv/lib/python3.11/site-packages/airflow/example_dags/example_params_trigger_ui.py
[2026-06-14T17:18:47.864-0700] {processor.py:830} INFO - Processing file /Users/fatimanaqib/Documents/job-market-tracker/.venv/lib/python3.11/site-packages/airflow/example_dags/example_params_trigger_ui.py for tasks to queue
[2026-06-14T17:18:47.865-0700] {logging_mixin.py:188} INFO - [2026-06-14T17:18:47.865-0700] {dagbag.py:545} INFO - Filling up the DagBag from /Users/fatimanaqib/Documents/job-market-tracker/.venv/lib/python3.11/site-packages/airflow/example_dags/example_params_trigger_ui.py
[2026-06-14T17:18:47.878-0700] {processor.py:840} INFO - DAG(s) 'example_params_trigger_ui' retrieved from /Users/fatimanaqib/Documents/job-market-tracker/.venv/lib/python3.11/site-packages/airflow/example_dags/example_params_trigger_ui.py
[2026-06-14T17:18:47.915-0700] {logging_mixin.py:188} INFO - [2026-06-14T17:18:47.915-0700] {dag.py:3089} INFO - Sync 1 DAGs
[2026-06-14T17:18:47.918-0700] {logging_mixin.py:188} INFO - [2026-06-14T17:18:47.918-0700] {dag.py:3947} INFO - Setting next_dagrun for example_params_trigger_ui to None, run_after=None
[2026-06-14T17:18:47.925-0700] {processor.py:183} INFO - Processing /Users/fatimanaqib/Documents/job-market-tracker/.venv/lib/python3.11/site-packages/airflow/example_dags/example_params_trigger_ui.py took 0.062 seconds
