[2026-06-14T17:12:10.517-0700] {processor.py:161} INFO - Started process (PID=49325) to work on /Users/fatimanaqib/Documents/job-market-tracker/.venv/lib/python3.11/site-packages/airflow/example_dags/example_python_operator.py
[2026-06-14T17:12:10.518-0700] {processor.py:830} INFO - Processing file /Users/fatimanaqib/Documents/job-market-tracker/.venv/lib/python3.11/site-packages/airflow/example_dags/example_python_operator.py for tasks to queue
[2026-06-14T17:12:10.518-0700] {logging_mixin.py:188} INFO - [2026-06-14T17:12:10.518-0700] {dagbag.py:545} INFO - Filling up the DagBag from /Users/fatimanaqib/Documents/job-market-tracker/.venv/lib/python3.11/site-packages/airflow/example_dags/example_python_operator.py
[2026-06-14T17:12:10.527-0700] {logging_mixin.py:188} INFO - [2026-06-14T17:12:10.527-0700] {example_python_operator.py:93} WARNING - The virtalenv_python example task requires virtualenv, please install it.
[2026-06-14T17:12:10.528-0700] {processor.py:840} INFO - DAG(s) 'example_python_operator' retrieved from /Users/fatimanaqib/Documents/job-market-tracker/.venv/lib/python3.11/site-packages/airflow/example_dags/example_python_operator.py
[2026-06-14T17:12:10.589-0700] {logging_mixin.py:188} INFO - [2026-06-14T17:12:10.589-0700] {override.py:1858} INFO - Created Permission View: can read on DAG:example_python_operator
[2026-06-14T17:12:10.592-0700] {logging_mixin.py:188} INFO - [2026-06-14T17:12:10.592-0700] {override.py:1858} INFO - Created Permission View: can delete on DAG:example_python_operator
[2026-06-14T17:12:10.595-0700] {logging_mixin.py:188} INFO - [2026-06-14T17:12:10.595-0700] {override.py:1858} INFO - Created Permission View: can edit on DAG:example_python_operator
[2026-06-14T17:12:10.595-0700] {logging_mixin.py:188} INFO - [2026-06-14T17:12:10.595-0700] {dag.py:3089} INFO - Sync 1 DAGs
[2026-06-14T17:12:10.626-0700] {logging_mixin.py:188} INFO - [2026-06-14T17:12:10.626-0700] {dag.py:3111} INFO - Creating ORM DAG for example_python_operator
[2026-06-14T17:12:10.626-0700] {logging_mixin.py:188} INFO - [2026-06-14T17:12:10.626-0700] {dag.py:3947} INFO - Setting next_dagrun for example_python_operator to None, run_after=None
[2026-06-14T17:12:10.632-0700] {processor.py:183} INFO - Processing /Users/fatimanaqib/Documents/job-market-tracker/.venv/lib/python3.11/site-packages/airflow/example_dags/example_python_operator.py took 0.116 seconds
[2026-06-14T17:13:35.601-0700] {processor.py:161} INFO - Started process (PID=49480) to work on /Users/fatimanaqib/Documents/job-market-tracker/.venv/lib/python3.11/site-packages/airflow/example_dags/example_python_operator.py
[2026-06-14T17:13:35.602-0700] {processor.py:830} INFO - Processing file /Users/fatimanaqib/Documents/job-market-tracker/.venv/lib/python3.11/site-packages/airflow/example_dags/example_python_operator.py for tasks to queue
[2026-06-14T17:13:35.602-0700] {logging_mixin.py:188} INFO - [2026-06-14T17:13:35.602-0700] {dagbag.py:545} INFO - Filling up the DagBag from /Users/fatimanaqib/Documents/job-market-tracker/.venv/lib/python3.11/site-packages/airflow/example_dags/example_python_operator.py
[2026-06-14T17:13:35.611-0700] {logging_mixin.py:188} INFO - [2026-06-14T17:13:35.611-0700] {example_python_operator.py:93} WARNING - The virtalenv_python example task requires virtualenv, please install it.
[2026-06-14T17:13:35.613-0700] {processor.py:840} INFO - DAG(s) 'example_python_operator' retrieved from /Users/fatimanaqib/Documents/job-market-tracker/.venv/lib/python3.11/site-packages/airflow/example_dags/example_python_operator.py
[2026-06-14T17:13:35.644-0700] {logging_mixin.py:188} INFO - [2026-06-14T17:13:35.644-0700] {dag.py:3089} INFO - Sync 1 DAGs
[2026-06-14T17:13:35.647-0700] {logging_mixin.py:188} INFO - [2026-06-14T17:13:35.647-0700] {dag.py:3947} INFO - Setting next_dagrun for example_python_operator to None, run_after=None
[2026-06-14T17:13:35.654-0700] {processor.py:183} INFO - Processing /Users/fatimanaqib/Documents/job-market-tracker/.venv/lib/python3.11/site-packages/airflow/example_dags/example_python_operator.py took 0.054 seconds
[2026-06-14T17:15:07.550-0700] {processor.py:161} INFO - Started process (PID=50245) to work on /Users/fatimanaqib/Documents/job-market-tracker/.venv/lib/python3.11/site-packages/airflow/example_dags/example_python_operator.py
[2026-06-14T17:15:07.550-0700] {processor.py:830} INFO - Processing file /Users/fatimanaqib/Documents/job-market-tracker/.venv/lib/python3.11/site-packages/airflow/example_dags/example_python_operator.py for tasks to queue
[2026-06-14T17:15:07.550-0700] {logging_mixin.py:188} INFO - [2026-06-14T17:15:07.550-0700] {dagbag.py:545} INFO - Filling up the DagBag from /Users/fatimanaqib/Documents/job-market-tracker/.venv/lib/python3.11/site-packages/airflow/example_dags/example_python_operator.py
[2026-06-14T17:15:07.559-0700] {logging_mixin.py:188} INFO - [2026-06-14T17:15:07.559-0700] {example_python_operator.py:93} WARNING - The virtalenv_python example task requires virtualenv, please install it.
[2026-06-14T17:15:07.562-0700] {processor.py:840} INFO - DAG(s) 'example_python_operator' retrieved from /Users/fatimanaqib/Documents/job-market-tracker/.venv/lib/python3.11/site-packages/airflow/example_dags/example_python_operator.py
[2026-06-14T17:15:07.593-0700] {logging_mixin.py:188} INFO - [2026-06-14T17:15:07.593-0700] {dag.py:3089} INFO - Sync 1 DAGs
[2026-06-14T17:15:07.596-0700] {logging_mixin.py:188} INFO - [2026-06-14T17:15:07.596-0700] {dag.py:3947} INFO - Setting next_dagrun for example_python_operator to None, run_after=None
[2026-06-14T17:15:07.602-0700] {processor.py:183} INFO - Processing /Users/fatimanaqib/Documents/job-market-tracker/.venv/lib/python3.11/site-packages/airflow/example_dags/example_python_operator.py took 0.053 seconds
[2026-06-14T17:16:39.279-0700] {processor.py:161} INFO - Started process (PID=50501) to work on /Users/fatimanaqib/Documents/job-market-tracker/.venv/lib/python3.11/site-packages/airflow/example_dags/example_python_operator.py
[2026-06-14T17:16:39.280-0700] {processor.py:830} INFO - Processing file /Users/fatimanaqib/Documents/job-market-tracker/.venv/lib/python3.11/site-packages/airflow/example_dags/example_python_operator.py for tasks to queue
[2026-06-14T17:16:39.280-0700] {logging_mixin.py:188} INFO - [2026-06-14T17:16:39.280-0700] {dagbag.py:545} INFO - Filling up the DagBag from /Users/fatimanaqib/Documents/job-market-tracker/.venv/lib/python3.11/site-packages/airflow/example_dags/example_python_operator.py
[2026-06-14T17:16:39.288-0700] {logging_mixin.py:188} INFO - [2026-06-14T17:16:39.288-0700] {example_python_operator.py:93} WARNING - The virtalenv_python example task requires virtualenv, please install it.
[2026-06-14T17:16:39.289-0700] {processor.py:840} INFO - DAG(s) 'example_python_operator' retrieved from /Users/fatimanaqib/Documents/job-market-tracker/.venv/lib/python3.11/site-packages/airflow/example_dags/example_python_operator.py
[2026-06-14T17:16:39.319-0700] {logging_mixin.py:188} INFO - [2026-06-14T17:16:39.318-0700] {dag.py:3089} INFO - Sync 1 DAGs
[2026-06-14T17:16:39.321-0700] {logging_mixin.py:188} INFO - [2026-06-14T17:16:39.321-0700] {dag.py:3947} INFO - Setting next_dagrun for example_python_operator to None, run_after=None
[2026-06-14T17:16:39.327-0700] {processor.py:183} INFO - Processing /Users/fatimanaqib/Documents/job-market-tracker/.venv/lib/python3.11/site-packages/airflow/example_dags/example_python_operator.py took 0.049 seconds
[2026-06-14T17:18:41.653-0700] {processor.py:161} INFO - Started process (PID=50809) to work on /Users/fatimanaqib/Documents/job-market-tracker/.venv/lib/python3.11/site-packages/airflow/example_dags/example_python_operator.py
[2026-06-14T17:18:41.654-0700] {processor.py:830} INFO - Processing file /Users/fatimanaqib/Documents/job-market-tracker/.venv/lib/python3.11/site-packages/airflow/example_dags/example_python_operator.py for tasks to queue
[2026-06-14T17:18:41.654-0700] {logging_mixin.py:188} INFO - [2026-06-14T17:18:41.654-0700] {dagbag.py:545} INFO - Filling up the DagBag from /Users/fatimanaqib/Documents/job-market-tracker/.venv/lib/python3.11/site-packages/airflow/example_dags/example_python_operator.py
[2026-06-14T17:18:41.663-0700] {logging_mixin.py:188} INFO - [2026-06-14T17:18:41.663-0700] {example_python_operator.py:93} WARNING - The virtalenv_python example task requires virtualenv, please install it.
[2026-06-14T17:18:41.664-0700] {processor.py:840} INFO - DAG(s) 'example_python_operator' retrieved from /Users/fatimanaqib/Documents/job-market-tracker/.venv/lib/python3.11/site-packages/airflow/example_dags/example_python_operator.py
[2026-06-14T17:18:41.695-0700] {logging_mixin.py:188} INFO - [2026-06-14T17:18:41.695-0700] {dag.py:3089} INFO - Sync 1 DAGs
[2026-06-14T17:18:41.698-0700] {logging_mixin.py:188} INFO - [2026-06-14T17:18:41.698-0700] {dag.py:3947} INFO - Setting next_dagrun for example_python_operator to None, run_after=None
[2026-06-14T17:18:41.704-0700] {processor.py:183} INFO - Processing /Users/fatimanaqib/Documents/job-market-tracker/.venv/lib/python3.11/site-packages/airflow/example_dags/example_python_operator.py took 0.052 seconds
