[2026-06-14T17:12:06.946-0700] {processor.py:161} INFO - Started process (PID=49313) to work on /Users/fatimanaqib/Documents/job-market-tracker/.venv/lib/python3.11/site-packages/airflow/example_dags/example_sensors.py
[2026-06-14T17:12:06.946-0700] {processor.py:830} INFO - Processing file /Users/fatimanaqib/Documents/job-market-tracker/.venv/lib/python3.11/site-packages/airflow/example_dags/example_sensors.py for tasks to queue
[2026-06-14T17:12:06.946-0700] {logging_mixin.py:188} INFO - [2026-06-14T17:12:06.946-0700] {dagbag.py:545} INFO - Filling up the DagBag from /Users/fatimanaqib/Documents/job-market-tracker/.venv/lib/python3.11/site-packages/airflow/example_dags/example_sensors.py
[2026-06-14T17:12:06.952-0700] {processor.py:840} INFO - DAG(s) 'example_sensors' retrieved from /Users/fatimanaqib/Documents/job-market-tracker/.venv/lib/python3.11/site-packages/airflow/example_dags/example_sensors.py
[2026-06-14T17:12:07.015-0700] {logging_mixin.py:188} INFO - [2026-06-14T17:12:07.015-0700] {override.py:1858} INFO - Created Permission View: can delete on DAG:example_sensors
[2026-06-14T17:12:07.018-0700] {logging_mixin.py:188} INFO - [2026-06-14T17:12:07.018-0700] {override.py:1858} INFO - Created Permission View: can edit on DAG:example_sensors
[2026-06-14T17:12:07.020-0700] {logging_mixin.py:188} INFO - [2026-06-14T17:12:07.020-0700] {override.py:1858} INFO - Created Permission View: can read on DAG:example_sensors
[2026-06-14T17:12:07.020-0700] {logging_mixin.py:188} INFO - [2026-06-14T17:12:07.020-0700] {dag.py:3089} INFO - Sync 1 DAGs
[2026-06-14T17:12:07.024-0700] {logging_mixin.py:188} INFO - [2026-06-14T17:12:07.024-0700] {dag.py:3111} INFO - Creating ORM DAG for example_sensors
[2026-06-14T17:12:07.024-0700] {logging_mixin.py:188} INFO - [2026-06-14T17:12:07.024-0700] {dag.py:3947} INFO - Setting next_dagrun for example_sensors to None, run_after=None
[2026-06-14T17:12:07.057-0700] {processor.py:183} INFO - Processing /Users/fatimanaqib/Documents/job-market-tracker/.venv/lib/python3.11/site-packages/airflow/example_dags/example_sensors.py took 0.113 seconds
[2026-06-14T17:13:32.340-0700] {processor.py:161} INFO - Started process (PID=49465) to work on /Users/fatimanaqib/Documents/job-market-tracker/.venv/lib/python3.11/site-packages/airflow/example_dags/example_sensors.py
[2026-06-14T17:13:32.340-0700] {processor.py:830} INFO - Processing file /Users/fatimanaqib/Documents/job-market-tracker/.venv/lib/python3.11/site-packages/airflow/example_dags/example_sensors.py for tasks to queue
[2026-06-14T17:13:32.340-0700] {logging_mixin.py:188} INFO - [2026-06-14T17:13:32.340-0700] {dagbag.py:545} INFO - Filling up the DagBag from /Users/fatimanaqib/Documents/job-market-tracker/.venv/lib/python3.11/site-packages/airflow/example_dags/example_sensors.py
[2026-06-14T17:13:32.347-0700] {processor.py:840} INFO - DAG(s) 'example_sensors' retrieved from /Users/fatimanaqib/Documents/job-market-tracker/.venv/lib/python3.11/site-packages/airflow/example_dags/example_sensors.py
[2026-06-14T17:13:32.383-0700] {logging_mixin.py:188} INFO - [2026-06-14T17:13:32.383-0700] {dag.py:3089} INFO - Sync 1 DAGs
[2026-06-14T17:13:32.386-0700] {logging_mixin.py:188} INFO - [2026-06-14T17:13:32.386-0700] {dag.py:3947} INFO - Setting next_dagrun for example_sensors to None, run_after=None
[2026-06-14T17:13:32.392-0700] {processor.py:183} INFO - Processing /Users/fatimanaqib/Documents/job-market-tracker/.venv/lib/python3.11/site-packages/airflow/example_dags/example_sensors.py took 0.054 seconds
[2026-06-14T17:15:03.975-0700] {processor.py:161} INFO - Started process (PID=50242) to work on /Users/fatimanaqib/Documents/job-market-tracker/.venv/lib/python3.11/site-packages/airflow/example_dags/example_sensors.py
[2026-06-14T17:15:03.976-0700] {processor.py:830} INFO - Processing file /Users/fatimanaqib/Documents/job-market-tracker/.venv/lib/python3.11/site-packages/airflow/example_dags/example_sensors.py for tasks to queue
[2026-06-14T17:15:03.976-0700] {logging_mixin.py:188} INFO - [2026-06-14T17:15:03.976-0700] {dagbag.py:545} INFO - Filling up the DagBag from /Users/fatimanaqib/Documents/job-market-tracker/.venv/lib/python3.11/site-packages/airflow/example_dags/example_sensors.py
[2026-06-14T17:15:03.985-0700] {processor.py:840} INFO - DAG(s) 'example_sensors' retrieved from /Users/fatimanaqib/Documents/job-market-tracker/.venv/lib/python3.11/site-packages/airflow/example_dags/example_sensors.py
[2026-06-14T17:15:04.039-0700] {logging_mixin.py:188} INFO - [2026-06-14T17:15:04.039-0700] {dag.py:3089} INFO - Sync 1 DAGs
[2026-06-14T17:15:04.042-0700] {logging_mixin.py:188} INFO - [2026-06-14T17:15:04.042-0700] {dag.py:3947} INFO - Setting next_dagrun for example_sensors to None, run_after=None
[2026-06-14T17:15:04.049-0700] {processor.py:183} INFO - Processing /Users/fatimanaqib/Documents/job-market-tracker/.venv/lib/python3.11/site-packages/airflow/example_dags/example_sensors.py took 0.075 seconds
[2026-06-14T17:16:35.813-0700] {processor.py:161} INFO - Started process (PID=50495) to work on /Users/fatimanaqib/Documents/job-market-tracker/.venv/lib/python3.11/site-packages/airflow/example_dags/example_sensors.py
[2026-06-14T17:16:35.814-0700] {processor.py:830} INFO - Processing file /Users/fatimanaqib/Documents/job-market-tracker/.venv/lib/python3.11/site-packages/airflow/example_dags/example_sensors.py for tasks to queue
[2026-06-14T17:16:35.814-0700] {logging_mixin.py:188} INFO - [2026-06-14T17:16:35.814-0700] {dagbag.py:545} INFO - Filling up the DagBag from /Users/fatimanaqib/Documents/job-market-tracker/.venv/lib/python3.11/site-packages/airflow/example_dags/example_sensors.py
[2026-06-14T17:16:35.822-0700] {processor.py:840} INFO - DAG(s) 'example_sensors' retrieved from /Users/fatimanaqib/Documents/job-market-tracker/.venv/lib/python3.11/site-packages/airflow/example_dags/example_sensors.py
[2026-06-14T17:16:35.856-0700] {logging_mixin.py:188} INFO - [2026-06-14T17:16:35.856-0700] {dag.py:3089} INFO - Sync 1 DAGs
[2026-06-14T17:16:35.859-0700] {logging_mixin.py:188} INFO - [2026-06-14T17:16:35.859-0700] {dag.py:3947} INFO - Setting next_dagrun for example_sensors to None, run_after=None
[2026-06-14T17:16:35.865-0700] {processor.py:183} INFO - Processing /Users/fatimanaqib/Documents/job-market-tracker/.venv/lib/python3.11/site-packages/airflow/example_dags/example_sensors.py took 0.053 seconds
[2026-06-14T17:18:38.234-0700] {processor.py:161} INFO - Started process (PID=50803) to work on /Users/fatimanaqib/Documents/job-market-tracker/.venv/lib/python3.11/site-packages/airflow/example_dags/example_sensors.py
[2026-06-14T17:18:38.235-0700] {processor.py:830} INFO - Processing file /Users/fatimanaqib/Documents/job-market-tracker/.venv/lib/python3.11/site-packages/airflow/example_dags/example_sensors.py for tasks to queue
[2026-06-14T17:18:38.235-0700] {logging_mixin.py:188} INFO - [2026-06-14T17:18:38.235-0700] {dagbag.py:545} INFO - Filling up the DagBag from /Users/fatimanaqib/Documents/job-market-tracker/.venv/lib/python3.11/site-packages/airflow/example_dags/example_sensors.py
[2026-06-14T17:18:38.242-0700] {processor.py:840} INFO - DAG(s) 'example_sensors' retrieved from /Users/fatimanaqib/Documents/job-market-tracker/.venv/lib/python3.11/site-packages/airflow/example_dags/example_sensors.py
[2026-06-14T17:18:38.276-0700] {logging_mixin.py:188} INFO - [2026-06-14T17:18:38.276-0700] {dag.py:3089} INFO - Sync 1 DAGs
[2026-06-14T17:18:38.279-0700] {logging_mixin.py:188} INFO - [2026-06-14T17:18:38.279-0700] {dag.py:3947} INFO - Setting next_dagrun for example_sensors to None, run_after=None
[2026-06-14T17:18:38.285-0700] {processor.py:183} INFO - Processing /Users/fatimanaqib/Documents/job-market-tracker/.venv/lib/python3.11/site-packages/airflow/example_dags/example_sensors.py took 0.052 seconds
