[2026-06-14T17:11:38.819-0700] {processor.py:161} INFO - Started process (PID=49025) to work on /Users/fatimanaqib/Documents/job-market-tracker/.venv/lib/python3.11/site-packages/airflow/example_dags/tutorial_taskflow_api.py
[2026-06-14T17:11:38.820-0700] {processor.py:830} INFO - Processing file /Users/fatimanaqib/Documents/job-market-tracker/.venv/lib/python3.11/site-packages/airflow/example_dags/tutorial_taskflow_api.py for tasks to queue
[2026-06-14T17:11:38.820-0700] {logging_mixin.py:188} INFO - [2026-06-14T17:11:38.820-0700] {dagbag.py:545} INFO - Filling up the DagBag from /Users/fatimanaqib/Documents/job-market-tracker/.venv/lib/python3.11/site-packages/airflow/example_dags/tutorial_taskflow_api.py
[2026-06-14T17:11:38.841-0700] {processor.py:840} INFO - DAG(s) 'tutorial_taskflow_api' retrieved from /Users/fatimanaqib/Documents/job-market-tracker/.venv/lib/python3.11/site-packages/airflow/example_dags/tutorial_taskflow_api.py
[2026-06-14T17:11:38.947-0700] {logging_mixin.py:188} INFO - [2026-06-14T17:11:38.918-0700] {override.py:1858} INFO - Created Permission View: can edit on DAG:tutorial_taskflow_api
[2026-06-14T17:11:38.950-0700] {logging_mixin.py:188} INFO - [2026-06-14T17:11:38.950-0700] {override.py:1858} INFO - Created Permission View: can read on DAG:tutorial_taskflow_api
[2026-06-14T17:11:38.952-0700] {logging_mixin.py:188} INFO - [2026-06-14T17:11:38.952-0700] {override.py:1858} INFO - Created Permission View: can delete on DAG:tutorial_taskflow_api
[2026-06-14T17:11:38.952-0700] {logging_mixin.py:188} INFO - [2026-06-14T17:11:38.952-0700] {dag.py:3089} INFO - Sync 1 DAGs
[2026-06-14T17:11:38.955-0700] {logging_mixin.py:188} INFO - [2026-06-14T17:11:38.955-0700] {dag.py:3111} INFO - Creating ORM DAG for tutorial_taskflow_api
[2026-06-14T17:11:38.955-0700] {logging_mixin.py:188} INFO - [2026-06-14T17:11:38.955-0700] {dag.py:3947} INFO - Setting next_dagrun for tutorial_taskflow_api to None, run_after=None
[2026-06-14T17:11:38.961-0700] {processor.py:183} INFO - Processing /Users/fatimanaqib/Documents/job-market-tracker/.venv/lib/python3.11/site-packages/airflow/example_dags/tutorial_taskflow_api.py took 0.146 seconds
[2026-06-14T17:13:03.917-0700] {processor.py:161} INFO - Started process (PID=49433) to work on /Users/fatimanaqib/Documents/job-market-tracker/.venv/lib/python3.11/site-packages/airflow/example_dags/tutorial_taskflow_api.py
[2026-06-14T17:13:03.918-0700] {processor.py:830} INFO - Processing file /Users/fatimanaqib/Documents/job-market-tracker/.venv/lib/python3.11/site-packages/airflow/example_dags/tutorial_taskflow_api.py for tasks to queue
[2026-06-14T17:13:03.919-0700] {logging_mixin.py:188} INFO - [2026-06-14T17:13:03.919-0700] {dagbag.py:545} INFO - Filling up the DagBag from /Users/fatimanaqib/Documents/job-market-tracker/.venv/lib/python3.11/site-packages/airflow/example_dags/tutorial_taskflow_api.py
[2026-06-14T17:13:03.932-0700] {processor.py:840} INFO - DAG(s) 'tutorial_taskflow_api' retrieved from /Users/fatimanaqib/Documents/job-market-tracker/.venv/lib/python3.11/site-packages/airflow/example_dags/tutorial_taskflow_api.py
[2026-06-14T17:13:03.965-0700] {logging_mixin.py:188} INFO - [2026-06-14T17:13:03.965-0700] {dag.py:3089} INFO - Sync 1 DAGs
[2026-06-14T17:13:03.968-0700] {logging_mixin.py:188} INFO - [2026-06-14T17:13:03.968-0700] {dag.py:3947} INFO - Setting next_dagrun for tutorial_taskflow_api to None, run_after=None
[2026-06-14T17:13:03.974-0700] {processor.py:183} INFO - Processing /Users/fatimanaqib/Documents/job-market-tracker/.venv/lib/python3.11/site-packages/airflow/example_dags/tutorial_taskflow_api.py took 0.058 seconds
[2026-06-14T17:14:35.646-0700] {processor.py:161} INFO - Started process (PID=50190) to work on /Users/fatimanaqib/Documents/job-market-tracker/.venv/lib/python3.11/site-packages/airflow/example_dags/tutorial_taskflow_api.py
[2026-06-14T17:14:35.647-0700] {processor.py:830} INFO - Processing file /Users/fatimanaqib/Documents/job-market-tracker/.venv/lib/python3.11/site-packages/airflow/example_dags/tutorial_taskflow_api.py for tasks to queue
[2026-06-14T17:14:35.647-0700] {logging_mixin.py:188} INFO - [2026-06-14T17:14:35.647-0700] {dagbag.py:545} INFO - Filling up the DagBag from /Users/fatimanaqib/Documents/job-market-tracker/.venv/lib/python3.11/site-packages/airflow/example_dags/tutorial_taskflow_api.py
[2026-06-14T17:14:35.662-0700] {processor.py:840} INFO - DAG(s) 'tutorial_taskflow_api' retrieved from /Users/fatimanaqib/Documents/job-market-tracker/.venv/lib/python3.11/site-packages/airflow/example_dags/tutorial_taskflow_api.py
[2026-06-14T17:14:35.697-0700] {logging_mixin.py:188} INFO - [2026-06-14T17:14:35.697-0700] {dag.py:3089} INFO - Sync 1 DAGs
[2026-06-14T17:14:35.700-0700] {logging_mixin.py:188} INFO - [2026-06-14T17:14:35.700-0700] {dag.py:3947} INFO - Setting next_dagrun for tutorial_taskflow_api to None, run_after=None
[2026-06-14T17:14:35.707-0700] {processor.py:183} INFO - Processing /Users/fatimanaqib/Documents/job-market-tracker/.venv/lib/python3.11/site-packages/airflow/example_dags/tutorial_taskflow_api.py took 0.062 seconds
[2026-06-14T17:16:04.739-0700] {processor.py:161} INFO - Started process (PID=50392) to work on /Users/fatimanaqib/Documents/job-market-tracker/.venv/lib/python3.11/site-packages/airflow/example_dags/tutorial_taskflow_api.py
[2026-06-14T17:16:04.740-0700] {processor.py:830} INFO - Processing file /Users/fatimanaqib/Documents/job-market-tracker/.venv/lib/python3.11/site-packages/airflow/example_dags/tutorial_taskflow_api.py for tasks to queue
[2026-06-14T17:16:04.740-0700] {logging_mixin.py:188} INFO - [2026-06-14T17:16:04.740-0700] {dagbag.py:545} INFO - Filling up the DagBag from /Users/fatimanaqib/Documents/job-market-tracker/.venv/lib/python3.11/site-packages/airflow/example_dags/tutorial_taskflow_api.py
[2026-06-14T17:16:04.755-0700] {processor.py:840} INFO - DAG(s) 'tutorial_taskflow_api' retrieved from /Users/fatimanaqib/Documents/job-market-tracker/.venv/lib/python3.11/site-packages/airflow/example_dags/tutorial_taskflow_api.py
[2026-06-14T17:16:04.789-0700] {logging_mixin.py:188} INFO - [2026-06-14T17:16:04.789-0700] {dag.py:3089} INFO - Sync 1 DAGs
[2026-06-14T17:16:04.792-0700] {logging_mixin.py:188} INFO - [2026-06-14T17:16:04.792-0700] {dag.py:3947} INFO - Setting next_dagrun for tutorial_taskflow_api to None, run_after=None
[2026-06-14T17:16:04.798-0700] {processor.py:183} INFO - Processing /Users/fatimanaqib/Documents/job-market-tracker/.venv/lib/python3.11/site-packages/airflow/example_dags/tutorial_taskflow_api.py took 0.061 seconds
[2026-06-14T17:17:06.720-0700] {processor.py:161} INFO - Started process (PID=50549) to work on /Users/fatimanaqib/Documents/job-market-tracker/.venv/lib/python3.11/site-packages/airflow/example_dags/tutorial_taskflow_api.py
[2026-06-14T17:17:06.721-0700] {processor.py:830} INFO - Processing file /Users/fatimanaqib/Documents/job-market-tracker/.venv/lib/python3.11/site-packages/airflow/example_dags/tutorial_taskflow_api.py for tasks to queue
[2026-06-14T17:17:06.721-0700] {logging_mixin.py:188} INFO - [2026-06-14T17:17:06.721-0700] {dagbag.py:545} INFO - Filling up the DagBag from /Users/fatimanaqib/Documents/job-market-tracker/.venv/lib/python3.11/site-packages/airflow/example_dags/tutorial_taskflow_api.py
[2026-06-14T17:17:06.737-0700] {processor.py:840} INFO - DAG(s) 'tutorial_taskflow_api' retrieved from /Users/fatimanaqib/Documents/job-market-tracker/.venv/lib/python3.11/site-packages/airflow/example_dags/tutorial_taskflow_api.py
[2026-06-14T17:17:06.770-0700] {logging_mixin.py:188} INFO - [2026-06-14T17:17:06.770-0700] {dag.py:3089} INFO - Sync 1 DAGs
[2026-06-14T17:17:06.773-0700] {logging_mixin.py:188} INFO - [2026-06-14T17:17:06.773-0700] {dag.py:3947} INFO - Setting next_dagrun for tutorial_taskflow_api to None, run_after=None
[2026-06-14T17:17:06.778-0700] {processor.py:183} INFO - Processing /Users/fatimanaqib/Documents/job-market-tracker/.venv/lib/python3.11/site-packages/airflow/example_dags/tutorial_taskflow_api.py took 0.060 seconds
[2026-06-14T17:18:09.363-0700] {processor.py:161} INFO - Started process (PID=50728) to work on /Users/fatimanaqib/Documents/job-market-tracker/.venv/lib/python3.11/site-packages/airflow/example_dags/tutorial_taskflow_api.py
[2026-06-14T17:18:09.363-0700] {processor.py:830} INFO - Processing file /Users/fatimanaqib/Documents/job-market-tracker/.venv/lib/python3.11/site-packages/airflow/example_dags/tutorial_taskflow_api.py for tasks to queue
[2026-06-14T17:18:09.363-0700] {logging_mixin.py:188} INFO - [2026-06-14T17:18:09.363-0700] {dagbag.py:545} INFO - Filling up the DagBag from /Users/fatimanaqib/Documents/job-market-tracker/.venv/lib/python3.11/site-packages/airflow/example_dags/tutorial_taskflow_api.py
[2026-06-14T17:18:09.378-0700] {processor.py:840} INFO - DAG(s) 'tutorial_taskflow_api' retrieved from /Users/fatimanaqib/Documents/job-market-tracker/.venv/lib/python3.11/site-packages/airflow/example_dags/tutorial_taskflow_api.py
[2026-06-14T17:18:09.411-0700] {logging_mixin.py:188} INFO - [2026-06-14T17:18:09.411-0700] {dag.py:3089} INFO - Sync 1 DAGs
[2026-06-14T17:18:09.414-0700] {logging_mixin.py:188} INFO - [2026-06-14T17:18:09.414-0700] {dag.py:3947} INFO - Setting next_dagrun for tutorial_taskflow_api to None, run_after=None
[2026-06-14T17:18:09.420-0700] {processor.py:183} INFO - Processing /Users/fatimanaqib/Documents/job-market-tracker/.venv/lib/python3.11/site-packages/airflow/example_dags/tutorial_taskflow_api.py took 0.058 seconds
[2026-06-14T17:19:05.647-0700] {processor.py:161} INFO - Started process (PID=50938) to work on /Users/fatimanaqib/Documents/job-market-tracker/.venv/lib/python3.11/site-packages/airflow/example_dags/tutorial_taskflow_api.py
[2026-06-14T17:19:05.647-0700] {processor.py:830} INFO - Processing file /Users/fatimanaqib/Documents/job-market-tracker/.venv/lib/python3.11/site-packages/airflow/example_dags/tutorial_taskflow_api.py for tasks to queue
[2026-06-14T17:19:05.647-0700] {logging_mixin.py:188} INFO - [2026-06-14T17:19:05.647-0700] {dagbag.py:545} INFO - Filling up the DagBag from /Users/fatimanaqib/Documents/job-market-tracker/.venv/lib/python3.11/site-packages/airflow/example_dags/tutorial_taskflow_api.py
[2026-06-14T17:19:05.660-0700] {processor.py:840} INFO - DAG(s) 'tutorial_taskflow_api' retrieved from /Users/fatimanaqib/Documents/job-market-tracker/.venv/lib/python3.11/site-packages/airflow/example_dags/tutorial_taskflow_api.py
[2026-06-14T17:19:05.698-0700] {logging_mixin.py:188} INFO - [2026-06-14T17:19:05.698-0700] {dag.py:3089} INFO - Sync 1 DAGs
[2026-06-14T17:19:05.702-0700] {logging_mixin.py:188} INFO - [2026-06-14T17:19:05.702-0700] {dag.py:3947} INFO - Setting next_dagrun for tutorial_taskflow_api to None, run_after=None
[2026-06-14T17:19:05.708-0700] {processor.py:183} INFO - Processing /Users/fatimanaqib/Documents/job-market-tracker/.venv/lib/python3.11/site-packages/airflow/example_dags/tutorial_taskflow_api.py took 0.063 seconds
