[2026-06-14T17:11:40.817-0700] {processor.py:161} INFO - Started process (PID=49028) to work on /Users/fatimanaqib/Documents/job-market-tracker/.venv/lib/python3.11/site-packages/airflow/example_dags/tutorial_objectstorage.py
[2026-06-14T17:11:40.817-0700] {processor.py:830} INFO - Processing file /Users/fatimanaqib/Documents/job-market-tracker/.venv/lib/python3.11/site-packages/airflow/example_dags/tutorial_objectstorage.py for tasks to queue
[2026-06-14T17:11:40.817-0700] {logging_mixin.py:188} INFO - [2026-06-14T17:11:40.817-0700] {dagbag.py:545} INFO - Filling up the DagBag from /Users/fatimanaqib/Documents/job-market-tracker/.venv/lib/python3.11/site-packages/airflow/example_dags/tutorial_objectstorage.py
[2026-06-14T17:11:40.844-0700] {processor.py:840} INFO - DAG(s) 'tutorial_objectstorage' retrieved from /Users/fatimanaqib/Documents/job-market-tracker/.venv/lib/python3.11/site-packages/airflow/example_dags/tutorial_objectstorage.py
[2026-06-14T17:11:40.927-0700] {logging_mixin.py:188} INFO - [2026-06-14T17:11:40.926-0700] {override.py:1858} INFO - Created Permission View: can delete on DAG:tutorial_objectstorage
[2026-06-14T17:11:40.929-0700] {logging_mixin.py:188} INFO - [2026-06-14T17:11:40.929-0700] {override.py:1858} INFO - Created Permission View: can edit on DAG:tutorial_objectstorage
[2026-06-14T17:11:40.931-0700] {logging_mixin.py:188} INFO - [2026-06-14T17:11:40.931-0700] {override.py:1858} INFO - Created Permission View: can read on DAG:tutorial_objectstorage
[2026-06-14T17:11:40.931-0700] {logging_mixin.py:188} INFO - [2026-06-14T17:11:40.931-0700] {dag.py:3089} INFO - Sync 1 DAGs
[2026-06-14T17:11:40.934-0700] {logging_mixin.py:188} INFO - [2026-06-14T17:11:40.934-0700] {dag.py:3111} INFO - Creating ORM DAG for tutorial_objectstorage
[2026-06-14T17:11:40.934-0700] {logging_mixin.py:188} INFO - [2026-06-14T17:11:40.934-0700] {dag.py:3947} INFO - Setting next_dagrun for tutorial_objectstorage to None, run_after=None
[2026-06-14T17:11:40.941-0700] {processor.py:183} INFO - Processing /Users/fatimanaqib/Documents/job-market-tracker/.venv/lib/python3.11/site-packages/airflow/example_dags/tutorial_objectstorage.py took 0.125 seconds
[2026-06-14T17:13:05.658-0700] {processor.py:161} INFO - Started process (PID=49434) to work on /Users/fatimanaqib/Documents/job-market-tracker/.venv/lib/python3.11/site-packages/airflow/example_dags/tutorial_objectstorage.py
[2026-06-14T17:13:05.658-0700] {processor.py:830} INFO - Processing file /Users/fatimanaqib/Documents/job-market-tracker/.venv/lib/python3.11/site-packages/airflow/example_dags/tutorial_objectstorage.py for tasks to queue
[2026-06-14T17:13:05.658-0700] {logging_mixin.py:188} INFO - [2026-06-14T17:13:05.658-0700] {dagbag.py:545} INFO - Filling up the DagBag from /Users/fatimanaqib/Documents/job-market-tracker/.venv/lib/python3.11/site-packages/airflow/example_dags/tutorial_objectstorage.py
[2026-06-14T17:13:05.690-0700] {processor.py:840} INFO - DAG(s) 'tutorial_objectstorage' retrieved from /Users/fatimanaqib/Documents/job-market-tracker/.venv/lib/python3.11/site-packages/airflow/example_dags/tutorial_objectstorage.py
[2026-06-14T17:13:05.719-0700] {logging_mixin.py:188} INFO - [2026-06-14T17:13:05.719-0700] {dag.py:3089} INFO - Sync 1 DAGs
[2026-06-14T17:13:05.722-0700] {logging_mixin.py:188} INFO - [2026-06-14T17:13:05.722-0700] {dag.py:3947} INFO - Setting next_dagrun for tutorial_objectstorage to None, run_after=None
[2026-06-14T17:13:05.728-0700] {processor.py:183} INFO - Processing /Users/fatimanaqib/Documents/job-market-tracker/.venv/lib/python3.11/site-packages/airflow/example_dags/tutorial_objectstorage.py took 0.072 seconds
[2026-06-14T17:14:36.546-0700] {processor.py:161} INFO - Started process (PID=50191) to work on /Users/fatimanaqib/Documents/job-market-tracker/.venv/lib/python3.11/site-packages/airflow/example_dags/tutorial_objectstorage.py
[2026-06-14T17:14:36.546-0700] {processor.py:830} INFO - Processing file /Users/fatimanaqib/Documents/job-market-tracker/.venv/lib/python3.11/site-packages/airflow/example_dags/tutorial_objectstorage.py for tasks to queue
[2026-06-14T17:14:36.547-0700] {logging_mixin.py:188} INFO - [2026-06-14T17:14:36.547-0700] {dagbag.py:545} INFO - Filling up the DagBag from /Users/fatimanaqib/Documents/job-market-tracker/.venv/lib/python3.11/site-packages/airflow/example_dags/tutorial_objectstorage.py
[2026-06-14T17:14:36.573-0700] {processor.py:840} INFO - DAG(s) 'tutorial_objectstorage' retrieved from /Users/fatimanaqib/Documents/job-market-tracker/.venv/lib/python3.11/site-packages/airflow/example_dags/tutorial_objectstorage.py
[2026-06-14T17:14:36.604-0700] {logging_mixin.py:188} INFO - [2026-06-14T17:14:36.604-0700] {dag.py:3089} INFO - Sync 1 DAGs
[2026-06-14T17:14:36.607-0700] {logging_mixin.py:188} INFO - [2026-06-14T17:14:36.607-0700] {dag.py:3947} INFO - Setting next_dagrun for tutorial_objectstorage to None, run_after=None
[2026-06-14T17:14:36.615-0700] {processor.py:183} INFO - Processing /Users/fatimanaqib/Documents/job-market-tracker/.venv/lib/python3.11/site-packages/airflow/example_dags/tutorial_objectstorage.py took 0.070 seconds
[2026-06-14T17:16:06.466-0700] {processor.py:161} INFO - Started process (PID=50393) to work on /Users/fatimanaqib/Documents/job-market-tracker/.venv/lib/python3.11/site-packages/airflow/example_dags/tutorial_objectstorage.py
[2026-06-14T17:16:06.467-0700] {processor.py:830} INFO - Processing file /Users/fatimanaqib/Documents/job-market-tracker/.venv/lib/python3.11/site-packages/airflow/example_dags/tutorial_objectstorage.py for tasks to queue
[2026-06-14T17:16:06.467-0700] {logging_mixin.py:188} INFO - [2026-06-14T17:16:06.467-0700] {dagbag.py:545} INFO - Filling up the DagBag from /Users/fatimanaqib/Documents/job-market-tracker/.venv/lib/python3.11/site-packages/airflow/example_dags/tutorial_objectstorage.py
[2026-06-14T17:16:06.498-0700] {processor.py:840} INFO - DAG(s) 'tutorial_objectstorage' retrieved from /Users/fatimanaqib/Documents/job-market-tracker/.venv/lib/python3.11/site-packages/airflow/example_dags/tutorial_objectstorage.py
[2026-06-14T17:16:06.528-0700] {logging_mixin.py:188} INFO - [2026-06-14T17:16:06.527-0700] {dag.py:3089} INFO - Sync 1 DAGs
[2026-06-14T17:16:06.531-0700] {logging_mixin.py:188} INFO - [2026-06-14T17:16:06.531-0700] {dag.py:3947} INFO - Setting next_dagrun for tutorial_objectstorage to None, run_after=None
[2026-06-14T17:16:06.537-0700] {processor.py:183} INFO - Processing /Users/fatimanaqib/Documents/job-market-tracker/.venv/lib/python3.11/site-packages/airflow/example_dags/tutorial_objectstorage.py took 0.072 seconds
[2026-06-14T17:17:08.452-0700] {processor.py:161} INFO - Started process (PID=50550) to work on /Users/fatimanaqib/Documents/job-market-tracker/.venv/lib/python3.11/site-packages/airflow/example_dags/tutorial_objectstorage.py
[2026-06-14T17:17:08.453-0700] {processor.py:830} INFO - Processing file /Users/fatimanaqib/Documents/job-market-tracker/.venv/lib/python3.11/site-packages/airflow/example_dags/tutorial_objectstorage.py for tasks to queue
[2026-06-14T17:17:08.453-0700] {logging_mixin.py:188} INFO - [2026-06-14T17:17:08.453-0700] {dagbag.py:545} INFO - Filling up the DagBag from /Users/fatimanaqib/Documents/job-market-tracker/.venv/lib/python3.11/site-packages/airflow/example_dags/tutorial_objectstorage.py
[2026-06-14T17:17:08.484-0700] {processor.py:840} INFO - DAG(s) 'tutorial_objectstorage' retrieved from /Users/fatimanaqib/Documents/job-market-tracker/.venv/lib/python3.11/site-packages/airflow/example_dags/tutorial_objectstorage.py
[2026-06-14T17:17:08.513-0700] {logging_mixin.py:188} INFO - [2026-06-14T17:17:08.513-0700] {dag.py:3089} INFO - Sync 1 DAGs
[2026-06-14T17:17:08.516-0700] {logging_mixin.py:188} INFO - [2026-06-14T17:17:08.516-0700] {dag.py:3947} INFO - Setting next_dagrun for tutorial_objectstorage to None, run_after=None
[2026-06-14T17:17:08.522-0700] {processor.py:183} INFO - Processing /Users/fatimanaqib/Documents/job-market-tracker/.venv/lib/python3.11/site-packages/airflow/example_dags/tutorial_objectstorage.py took 0.071 seconds
[2026-06-14T17:18:11.104-0700] {processor.py:161} INFO - Started process (PID=50730) to work on /Users/fatimanaqib/Documents/job-market-tracker/.venv/lib/python3.11/site-packages/airflow/example_dags/tutorial_objectstorage.py
[2026-06-14T17:18:11.104-0700] {processor.py:830} INFO - Processing file /Users/fatimanaqib/Documents/job-market-tracker/.venv/lib/python3.11/site-packages/airflow/example_dags/tutorial_objectstorage.py for tasks to queue
[2026-06-14T17:18:11.104-0700] {logging_mixin.py:188} INFO - [2026-06-14T17:18:11.104-0700] {dagbag.py:545} INFO - Filling up the DagBag from /Users/fatimanaqib/Documents/job-market-tracker/.venv/lib/python3.11/site-packages/airflow/example_dags/tutorial_objectstorage.py
[2026-06-14T17:18:11.136-0700] {processor.py:840} INFO - DAG(s) 'tutorial_objectstorage' retrieved from /Users/fatimanaqib/Documents/job-market-tracker/.venv/lib/python3.11/site-packages/airflow/example_dags/tutorial_objectstorage.py
[2026-06-14T17:18:11.169-0700] {logging_mixin.py:188} INFO - [2026-06-14T17:18:11.169-0700] {dag.py:3089} INFO - Sync 1 DAGs
[2026-06-14T17:18:11.172-0700] {logging_mixin.py:188} INFO - [2026-06-14T17:18:11.172-0700] {dag.py:3947} INFO - Setting next_dagrun for tutorial_objectstorage to None, run_after=None
[2026-06-14T17:18:11.178-0700] {processor.py:183} INFO - Processing /Users/fatimanaqib/Documents/job-market-tracker/.venv/lib/python3.11/site-packages/airflow/example_dags/tutorial_objectstorage.py took 0.076 seconds
[2026-06-14T17:19:07.425-0700] {processor.py:161} INFO - Started process (PID=51031) to work on /Users/fatimanaqib/Documents/job-market-tracker/.venv/lib/python3.11/site-packages/airflow/example_dags/tutorial_objectstorage.py
[2026-06-14T17:19:07.426-0700] {processor.py:830} INFO - Processing file /Users/fatimanaqib/Documents/job-market-tracker/.venv/lib/python3.11/site-packages/airflow/example_dags/tutorial_objectstorage.py for tasks to queue
[2026-06-14T17:19:07.426-0700] {logging_mixin.py:188} INFO - [2026-06-14T17:19:07.426-0700] {dagbag.py:545} INFO - Filling up the DagBag from /Users/fatimanaqib/Documents/job-market-tracker/.venv/lib/python3.11/site-packages/airflow/example_dags/tutorial_objectstorage.py
[2026-06-14T17:19:07.458-0700] {processor.py:840} INFO - DAG(s) 'tutorial_objectstorage' retrieved from /Users/fatimanaqib/Documents/job-market-tracker/.venv/lib/python3.11/site-packages/airflow/example_dags/tutorial_objectstorage.py
[2026-06-14T17:19:07.489-0700] {logging_mixin.py:188} INFO - [2026-06-14T17:19:07.488-0700] {dag.py:3089} INFO - Sync 1 DAGs
[2026-06-14T17:19:07.492-0700] {logging_mixin.py:188} INFO - [2026-06-14T17:19:07.492-0700] {dag.py:3947} INFO - Setting next_dagrun for tutorial_objectstorage to None, run_after=None
[2026-06-14T17:19:07.498-0700] {processor.py:183} INFO - Processing /Users/fatimanaqib/Documents/job-market-tracker/.venv/lib/python3.11/site-packages/airflow/example_dags/tutorial_objectstorage.py took 0.074 seconds
